Archive member included to satisfy reference by file (symbol)

/Users/i/Documents/Risc-V/riscv64-unknown-elf-gcc-8.3.0-2019.08.0-x86_64-apple-darwin/bin/../lib/gcc/riscv64-unknown-elf/8.3.0/../../../../riscv64-unknown-elf/lib/rv32imac/ilp32/libc_nano.a(lib_a-puts.o)
                              /var/folders/8z/dxbymyyx10g5glc0hbwc3s5c0000gn/T//ccGNmiwI.o (puts)
/Users/i/Documents/Risc-V/riscv64-unknown-elf-gcc-8.3.0-2019.08.0-x86_64-apple-darwin/bin/../lib/gcc/riscv64-unknown-elf/8.3.0/../../../../riscv64-unknown-elf/lib/rv32imac/ilp32/libc_nano.a(lib_a-wbuf.o)
                              /Users/i/Documents/Risc-V/riscv64-unknown-elf-gcc-8.3.0-2019.08.0-x86_64-apple-darwin/bin/../lib/gcc/riscv64-unknown-elf/8.3.0/../../../../riscv64-unknown-elf/lib/rv32imac/ilp32/libc_nano.a(lib_a-puts.o) (__swbuf_r)
/Users/i/Documents/Risc-V/riscv64-unknown-elf-gcc-8.3.0-2019.08.0-x86_64-apple-darwin/bin/../lib/gcc/riscv64-unknown-elf/8.3.0/../../../../riscv64-unknown-elf/lib/rv32imac/ilp32/libc_nano.a(lib_a-wsetup.o)
                              /Users/i/Documents/Risc-V/riscv64-unknown-elf-gcc-8.3.0-2019.08.0-x86_64-apple-darwin/bin/../lib/gcc/riscv64-unknown-elf/8.3.0/../../../../riscv64-unknown-elf/lib/rv32imac/ilp32/libc_nano.a(lib_a-puts.o) (__swsetup_r)
/Users/i/Documents/Risc-V/riscv64-unknown-elf-gcc-8.3.0-2019.08.0-x86_64-apple-darwin/bin/../lib/gcc/riscv64-unknown-elf/8.3.0/../../../../riscv64-unknown-elf/lib/rv32imac/ilp32/libc_nano.a(lib_a-fflush.o)
                              /Users/i/Documents/Risc-V/riscv64-unknown-elf-gcc-8.3.0-2019.08.0-x86_64-apple-darwin/bin/../lib/gcc/riscv64-unknown-elf/8.3.0/../../../../riscv64-unknown-elf/lib/rv32imac/ilp32/libc_nano.a(lib_a-wbuf.o) (_fflush_r)
/Users/i/Documents/Risc-V/riscv64-unknown-elf-gcc-8.3.0-2019.08.0-x86_64-apple-darwin/bin/../lib/gcc/riscv64-unknown-elf/8.3.0/../../../../riscv64-unknown-elf/lib/rv32imac/ilp32/libc_nano.a(lib_a-findfp.o)
                              /Users/i/Documents/Risc-V/riscv64-unknown-elf-gcc-8.3.0-2019.08.0-x86_64-apple-darwin/bin/../lib/gcc/riscv64-unknown-elf/8.3.0/../../../../riscv64-unknown-elf/lib/rv32imac/ilp32/libc_nano.a(lib_a-puts.o) (__sinit)
/Users/i/Documents/Risc-V/riscv64-unknown-elf-gcc-8.3.0-2019.08.0-x86_64-apple-darwin/bin/../lib/gcc/riscv64-unknown-elf/8.3.0/../../../../riscv64-unknown-elf/lib/rv32imac/ilp32/libc_nano.a(lib_a-fwalk.o)
                              /Users/i/Documents/Risc-V/riscv64-unknown-elf-gcc-8.3.0-2019.08.0-x86_64-apple-darwin/bin/../lib/gcc/riscv64-unknown-elf/8.3.0/../../../../riscv64-unknown-elf/lib/rv32imac/ilp32/libc_nano.a(lib_a-findfp.o) (_fwalk)
/Users/i/Documents/Risc-V/riscv64-unknown-elf-gcc-8.3.0-2019.08.0-x86_64-apple-darwin/bin/../lib/gcc/riscv64-unknown-elf/8.3.0/../../../../riscv64-unknown-elf/lib/rv32imac/ilp32/libc_nano.a(lib_a-impure.o)
                              /Users/i/Documents/Risc-V/riscv64-unknown-elf-gcc-8.3.0-2019.08.0-x86_64-apple-darwin/bin/../lib/gcc/riscv64-unknown-elf/8.3.0/../../../../riscv64-unknown-elf/lib/rv32imac/ilp32/libc_nano.a(lib_a-fflush.o) (_global_impure_ptr)
/Users/i/Documents/Risc-V/riscv64-unknown-elf-gcc-8.3.0-2019.08.0-x86_64-apple-darwin/bin/../lib/gcc/riscv64-unknown-elf/8.3.0/../../../../riscv64-unknown-elf/lib/rv32imac/ilp32/libc_nano.a(lib_a-makebuf.o)
                              /Users/i/Documents/Risc-V/riscv64-unknown-elf-gcc-8.3.0-2019.08.0-x86_64-apple-darwin/bin/../lib/gcc/riscv64-unknown-elf/8.3.0/../../../../riscv64-unknown-elf/lib/rv32imac/ilp32/libc_nano.a(lib_a-wsetup.o) (__smakebuf_r)
/Users/i/Documents/Risc-V/riscv64-unknown-elf-gcc-8.3.0-2019.08.0-x86_64-apple-darwin/bin/../lib/gcc/riscv64-unknown-elf/8.3.0/../../../../riscv64-unknown-elf/lib/rv32imac/ilp32/libc_nano.a(lib_a-memset.o)
                              /Users/i/Documents/Risc-V/riscv64-unknown-elf-gcc-8.3.0-2019.08.0-x86_64-apple-darwin/bin/../lib/gcc/riscv64-unknown-elf/8.3.0/../../../../riscv64-unknown-elf/lib/rv32imac/ilp32/libc_nano.a(lib_a-findfp.o) (memset)
/Users/i/Documents/Risc-V/riscv64-unknown-elf-gcc-8.3.0-2019.08.0-x86_64-apple-darwin/bin/../lib/gcc/riscv64-unknown-elf/8.3.0/../../../../riscv64-unknown-elf/lib/rv32imac/ilp32/libc_nano.a(lib_a-nano-freer.o)
                              /Users/i/Documents/Risc-V/riscv64-unknown-elf-gcc-8.3.0-2019.08.0-x86_64-apple-darwin/bin/../lib/gcc/riscv64-unknown-elf/8.3.0/../../../../riscv64-unknown-elf/lib/rv32imac/ilp32/libc_nano.a(lib_a-wsetup.o) (_free_r)
/Users/i/Documents/Risc-V/riscv64-unknown-elf-gcc-8.3.0-2019.08.0-x86_64-apple-darwin/bin/../lib/gcc/riscv64-unknown-elf/8.3.0/../../../../riscv64-unknown-elf/lib/rv32imac/ilp32/libc_nano.a(lib_a-nano-mallocr.o)
                              /Users/i/Documents/Risc-V/riscv64-unknown-elf-gcc-8.3.0-2019.08.0-x86_64-apple-darwin/bin/../lib/gcc/riscv64-unknown-elf/8.3.0/../../../../riscv64-unknown-elf/lib/rv32imac/ilp32/libc_nano.a(lib_a-findfp.o) (_malloc_r)
[...]
Memory Configuration

Name             Origin             Length             Attributes
flash            0x0000000020010000 0x000000000006a120 axrl !w
itim             0x0000000008000000 0x0000000000002000 xw !arl
ram              0x0000000080000000 0x0000000000004000 axw !rl
*default*        0x0000000000000000 0xffffffffffffffff

Linker script and memory map

LOAD /var/folders/8z/dxbymyyx10g5glc0hbwc3s5c0000gn/T//ccGNmiwI.o
START GROUP
LOAD /Users/i/Documents/Risc-V/riscv64-unknown-elf-gcc-8.3.0-2019.08.0-x86_64-apple-darwin/bin/../lib/gcc/riscv64-unknown-elf/8.3.0/../../../../riscv64-unknown-elf/lib/rv32imac/ilp32/libc_nano.a
LOAD /Users/i/Documents/Risc-V/riscv64-unknown-elf-gcc-8.3.0-2019.08.0-x86_64-apple-darwin/bin/../lib/gcc/riscv64-unknown-elf/8.3.0/rv32imac/ilp32/libgcc.a
LOAD /Users/i/Documents/Risc-V/riscv64-unknown-elf-gcc-8.3.0-2019.08.0-x86_64-apple-darwin/bin/../lib/gcc/riscv64-unknown-elf/8.3.0/../../../../riscv64-unknown-elf/lib/rv32imac/ilp32/libm.a
LOAD /Users/i/Documents/Risc-V/freedom-e-sdk/bsp/sifive-hifive1-revb/install/lib/release//libmetal.a
LOAD /Users/i/Documents/Risc-V/freedom-e-sdk/bsp/sifive-hifive1-revb/install/lib/release//libmetal-gloss.a
END GROUP
                0x0000000000000400                __stack_size = DEFINED (__stack_size)?__stack_size:0x400
                [!provide]                        PROVIDE (__stack_size = __stack_size)
                0x0000000000000400                __heap_size = DEFINED (__heap_size)?__heap_size:0x400
                0x0000000000000000                PROVIDE (__metal_boot_hart = 0x0)
                0x0000000000000000                PROVIDE (__metal_chicken_bit = 0x0)

.init           0x0000000020010000      0x188
 *(.text.metal.init.enter)
 .text.metal.init.enter
                0x0000000020010000       0x60 /Users/i/Documents/Risc-V/freedom-e-sdk/bsp/sifive-hifive1-revb/install/lib/release//libmetal.a(libriscv__mmachine__sifive-hifive1-revb_a-entry.o)
                0x0000000020010000                _enter
 *(.text.metal.init.*)
 *fill*         0x0000000020010060        0x0 
 .text.metal.init.trapvec
                0x0000000020010060        0xe /Users/i/Documents/Risc-V/freedom-e-sdk/bsp/sifive-hifive1-revb/install/lib/release//libmetal.a(libriscv__mmachine__sifive-hifive1-revb_a-entry.o)
 .text.metal.init.__register_frame_info
                0x000000002001006e        0x2 /Users/i/Documents/Risc-V/freedom-e-sdk/bsp/sifive-hifive1-revb/install/lib/release//libmetal.a(libriscv__mmachine__sifive-hifive1-revb_a-entry.o)
                0x000000002001006e                __register_frame_info
 *(SORT_NONE(.init))
 .init          0x0000000020010070        0x2 /Users/i/Documents/Risc-V/freedom-e-sdk/bsp/sifive-hifive1-revb/install/lib/release//libmetal.a(libriscv__mmachine__sifive-hifive1-revb_a-synchronize_harts.o)
                0x0000000020010070                __metal_synchronize_harts
 *(.text.libgloss.start)
 .text.libgloss.start
                0x0000000020010072      0x116 /Users/i/Documents/Risc-V/freedom-e-sdk/bsp/sifive-hifive1-revb/install/lib/release//libmetal-gloss.a(crt0.o)
                0x0000000020010072                _start
                0x0000000020010168                _init
                0x0000000020010168                _fini
                0x000000002001016a                secondary_main

.fini
 *(SORT_NONE(.fini))

.text           0x0000000020010200     0x2e1e
 *(.text.unlikely .text.unlikely.*)
 *(.text.startup .text.startup.*)
 .text.startup.main
                0x0000000020010200       0x38 /var/folders/8z/dxbymyyx10g5glc0hbwc3s5c0000gn/T//ccGNmiwI.o
                0x0000000020010200                main
 .text.startup.metal_tty_init
                0x0000000020010238       0x12 /Users/i/Documents/Risc-V/freedom-e-sdk/bsp/sifive-hifive1-revb/install/lib/release//libmetal.a(libriscv__mmachine__sifive-hifive1-revb_a-tty.o)
 .text.startup.metal_sifive_fe310_g000_pll_init
                0x000000002001024a        0xc /Users/i/Documents/Risc-V/freedom-e-sdk/bsp/sifive-hifive1-revb/install/lib/release//libmetal.a(libriscv__mmachine__sifive-hifive1-revb_a-sifive_fe310-g000_pll.o)
 .text.startup.use_hfxosc
                0x0000000020010256       0x14 /Users/i/Documents/Risc-V/freedom-e-sdk/bsp/sifive-hifive1-revb/install/lib/release//libmetal.a(libriscv__mmachine__sifive-hifive1-revb_a-sifive_fe310-g000_pll.o)
 *(.text .text.*)
 .text._puts_r  0x000000002001026a       0xda /Users/i/Documents/Risc-V/riscv64-unknown-elf-gcc-8.3.0-2019.08.0-x86_64-apple-darwin/bin/../lib/gcc/riscv64-unknown-elf/8.3.0/../../../../riscv64-unknown-elf/lib/rv32imac/ilp32/libc_nano.a(lib_a-puts.o)
                0x000000002001026a                _puts_r
 .text.puts     0x0000000020010344        0xe /Users/i/Documents/Risc-V/riscv64-unknown-elf-gcc-8.3.0-2019.08.0-x86_64-apple-darwin/bin/../lib/gcc/riscv64-unknown-elf/8.3.0/../../../../riscv64-unknown-elf/lib/rv32imac/ilp32/libc_nano.a(lib_a-puts.o)
                0x0000000020010344                puts
 .text.__swbuf_r
                0x0000000020010352       0xc0 /Users/i/Documents/Risc-V/riscv64-unknown-elf-gcc-8.3.0-2019.08.0-x86_64-apple-darwin/bin/../lib/gcc/riscv64-unknown-elf/8.3.0/../../../../riscv64-unknown-elf/lib/rv32imac/ilp32/libc_nano.a(lib_a-wbuf.o)
                0x0000000020010352                __swbuf_r
 .text.__swsetup_r
                0x0000000020010412      0x110 /Users/i/Documents/Risc-V/riscv64-unknown-elf-gcc-8.3.0-2019.08.0-x86_64-apple-darwin/bin/../lib/gcc/riscv64-unknown-elf/8.3.0/../../../../riscv64-unknown-elf/lib/rv32imac/ilp32/libc_nano.a(lib_a-wsetup.o)
                0x0000000020010412                __swsetup_r
 .text.__sflush_r
                0x0000000020010522      0x14a /Users/i/Documents/Risc-V/riscv64-unknown-elf-gcc-8.3.0-2019.08.0-x86_64-apple-darwin/bin/../lib/gcc/riscv64-unknown-elf/8.3.0/../../../../riscv64-unknown-elf/lib/rv32imac/ilp32/libc_nano.a(lib_a-fflush.o)
                0x0000000020010522                __sflush_r
 .text._fflush_r
                0x000000002001066c       0x64 /Users/i/Documents/Risc-V/riscv64-unknown-elf-gcc-8.3.0-2019.08.0-x86_64-apple-darwin/bin/../lib/gcc/riscv64-unknown-elf/8.3.0/../../../../riscv64-unknown-elf/lib/rv32imac/ilp32/libc_nano.a(lib_a-fflush.o)
                0x000000002001066c                _fflush_r
 .text.std      0x00000000200106d0       0x68 /Users/i/Documents/Risc-V/riscv64-unknown-elf-gcc-8.3.0-2019.08.0-x86_64-apple-darwin/bin/../lib/gcc/riscv64-unknown-elf/8.3.0/../../../../riscv64-unknown-elf/lib/rv32imac/ilp32/libc_nano.a(lib_a-findfp.o)
 .text._cleanup_r
                0x0000000020010738        0xa /Users/i/Documents/Risc-V/riscv64-unknown-elf-gcc-8.3.0-2019.08.0-x86_64-apple-darwin/bin/../lib/gcc/riscv64-unknown-elf/8.3.0/../../../../riscv64-unknown-elf/lib/rv32imac/ilp32/libc_nano.a(lib_a-findfp.o)
                0x0000000020010738                _cleanup_r
 .text.__sfmoreglue
                0x0000000020010742       0x44 /Users/i/Documents/Risc-V/riscv64-unknown-elf-gcc-8.3.0-2019.08.0-x86_64-apple-darwin/bin/../lib/gcc/riscv64-unknown-elf/8.3.0/../../../../riscv64-unknown-elf/lib/rv32imac/ilp32/libc_nano.a(lib_a-findfp.o)
                0x0000000020010742                __sfmoreglue
 .text.__sinit  0x0000000020010786       0x6a /Users/i/Documents/Risc-V/riscv64-unknown-elf-gcc-8.3.0-2019.08.0-x86_64-apple-darwin/bin/../lib/gcc/riscv64-unknown-elf/8.3.0/../../../../riscv64-unknown-elf/lib/rv32imac/ilp32/libc_nano.a(lib_a-findfp.o)
                0x0000000020010786                __sinit
 .text.__sfp    0x00000000200107f0       0x9e /Users/i/Documents/Risc-V/riscv64-unknown-elf-gcc-8.3.0-2019.08.0-x86_64-apple-darwin/bin/../lib/gcc/riscv64-unknown-elf/8.3.0/../../../../riscv64-unknown-elf/lib/rv32imac/ilp32/libc_nano.a(lib_a-findfp.o)
                0x00000000200107f0                __sfp
 .text._fwalk_reent
                0x000000002001088e       0x6c /Users/i/Documents/Risc-V/riscv64-unknown-elf-gcc-8.3.0-2019.08.0-x86_64-apple-darwin/bin/../lib/gcc/riscv64-unknown-elf/8.3.0/../../../../riscv64-unknown-elf/lib/rv32imac/ilp32/libc_nano.a(lib_a-fwalk.o)
                0x000000002001088e                _fwalk_reent
 .text.__swhatbuf_r
                0x00000000200108fa       0x58 /Users/i/Documents/Risc-V/riscv64-unknown-elf-gcc-8.3.0-2019.08.0-x86_64-apple-darwin/bin/../lib/gcc/riscv64-unknown-elf/8.3.0/../../../../riscv64-unknown-elf/lib/rv32imac/ilp32/libc_nano.a(lib_a-makebuf.o)
                0x00000000200108fa                __swhatbuf_r
 .text.__smakebuf_r
                0x0000000020010952       0x9c /Users/i/Documents/Risc-V/riscv64-unknown-elf-gcc-8.3.0-2019.08.0-x86_64-apple-darwin/bin/../lib/gcc/riscv64-unknown-elf/8.3.0/../../../../riscv64-unknown-elf/lib/rv32imac/ilp32/libc_nano.a(lib_a-makebuf.o)
                0x0000000020010952                __smakebuf_r
 .text          0x00000000200109ee       0xa8 /Users/i/Documents/Risc-V/riscv64-unknown-elf-gcc-8.3.0-2019.08.0-x86_64-apple-darwin/bin/../lib/gcc/riscv64-unknown-elf/8.3.0/../../../../riscv64-unknown-elf/lib/rv32imac/ilp32/libc_nano.a(lib_a-memset.o)
                0x00000000200109ee                memset
 .text._free_r  0x0000000020010a96       0xac /Users/i/Documents/Risc-V/riscv64-unknown-elf-gcc-8.3.0-2019.08.0-x86_64-apple-darwin/bin/../lib/gcc/riscv64-unknown-elf/8.3.0/../../../../riscv64-unknown-elf/lib/rv32imac/ilp32/libc_nano.a(lib_a-nano-freer.o)
                0x0000000020010a96                _free_r
 .text._malloc_r
                0x0000000020010b42       0xde /Users/i/Documents/Risc-V/riscv64-unknown-elf-gcc-8.3.0-2019.08.0-x86_64-apple-darwin/bin/../lib/gcc/riscv64-unknown-elf/8.3.0/../../../../riscv64-unknown-elf/lib/rv32imac/ilp32/libc_nano.a(lib_a-nano-mallocr.o)
                0x0000000020010b42                _malloc_r
 .text._sbrk_r  0x0000000020010c20       0x28 /Users/i/Documents/Risc-V/riscv64-unknown-elf-gcc-8.3.0-2019.08.0-x86_64-apple-darwin/bin/../lib/gcc/riscv64-unknown-elf/8.3.0/../../../../riscv64-unknown-elf/lib/rv32imac/ilp32/libc_nano.a(lib_a-sbrkr.o)
                0x0000000020010c20                _sbrk_r
 .text.__sread  0x0000000020010c48       0x30 /Users/i/Documents/Risc-V/riscv64-unknown-elf-gcc-8.3.0-2019.08.0-x86_64-apple-darwin/bin/../lib/gcc/riscv64-unknown-elf/8.3.0/../../../../riscv64-unknown-elf/lib/rv32imac/ilp32/libc_nano.a(lib_a-stdio.o)
                0x0000000020010c48                __sread
 .text.__swrite
                0x0000000020010c78       0x4e /Users/i/Documents/Risc-V/riscv64-unknown-elf-gcc-8.3.0-2019.08.0-x86_64-apple-darwin/bin/../lib/gcc/riscv64-unknown-elf/8.3.0/../../../../riscv64-unknown-elf/lib/rv32imac/ilp32/libc_nano.a(lib_a-stdio.o)
                0x0000000020010c78                __swrite
 .text.__sseek  0x0000000020010cc6       0x36 /Users/i/Documents/Risc-V/riscv64-unknown-elf-gcc-8.3.0-2019.08.0-x86_64-apple-darwin/bin/../lib/gcc/riscv64-unknown-elf/8.3.0/../../../../riscv64-unknown-elf/lib/rv32imac/ilp32/libc_nano.a(lib_a-stdio.o)
                0x0000000020010cc6                __sseek
 .text.__sclose
                0x0000000020010cfc        0x6 /Users/i/Documents/Risc-V/riscv64-unknown-elf-gcc-8.3.0-2019.08.0-x86_64-apple-darwin/bin/../lib/gcc/riscv64-unknown-elf/8.3.0/../../../../riscv64-unknown-elf/lib/rv32imac/ilp32/libc_nano.a(lib_a-stdio.o)
                0x0000000020010cfc                __sclose
 .text._write_r
                0x0000000020010d02       0x2c /Users/i/Documents/Risc-V/riscv64-unknown-elf-gcc-8.3.0-2019.08.0-x86_64-apple-darwin/bin/../lib/gcc/riscv64-unknown-elf/8.3.0/../../../../riscv64-unknown-elf/lib/rv32imac/ilp32/libc_nano.a(lib_a-writer.o)
                0x0000000020010d02                _write_r
 .text._close_r
                0x0000000020010d2e       0x28 /Users/i/Documents/Risc-V/riscv64-unknown-elf-gcc-8.3.0-2019.08.0-x86_64-apple-darwin/bin/../lib/gcc/riscv64-unknown-elf/8.3.0/../../../../riscv64-unknown-elf/lib/rv32imac/ilp32/libc_nano.a(lib_a-closer.o)
                0x0000000020010d2e                _close_r
 .text._fstat_r
                0x0000000020010d56       0x2a /Users/i/Documents/Risc-V/riscv64-unknown-elf-gcc-8.3.0-2019.08.0-x86_64-apple-darwin/bin/../lib/gcc/riscv64-unknown-elf/8.3.0/../../../../riscv64-unknown-elf/lib/rv32imac/ilp32/libc_nano.a(lib_a-fstatr.o)
                0x0000000020010d56                _fstat_r
 .text._isatty_r
                0x0000000020010d80       0x28 /Users/i/Documents/Risc-V/riscv64-unknown-elf-gcc-8.3.0-2019.08.0-x86_64-apple-darwin/bin/../lib/gcc/riscv64-unknown-elf/8.3.0/../../../../riscv64-unknown-elf/lib/rv32imac/ilp32/libc_nano.a(lib_a-isattyr.o)
                0x0000000020010d80                _isatty_r
 .text._lseek_r
                0x0000000020010da8       0x2c /Users/i/Documents/Risc-V/riscv64-unknown-elf-gcc-8.3.0-2019.08.0-x86_64-apple-darwin/bin/../lib/gcc/riscv64-unknown-elf/8.3.0/../../../../riscv64-unknown-elf/lib/rv32imac/ilp32/libc_nano.a(lib_a-lseekr.o)
                0x0000000020010da8                _lseek_r
 .text.__malloc_lock
                0x0000000020010dd4        0x2 /Users/i/Documents/Risc-V/riscv64-unknown-elf-gcc-8.3.0-2019.08.0-x86_64-apple-darwin/bin/../lib/gcc/riscv64-unknown-elf/8.3.0/../../../../riscv64-unknown-elf/lib/rv32imac/ilp32/libc_nano.a(lib_a-mlock.o)
                0x0000000020010dd4                __malloc_lock
 .text.__malloc_unlock
                0x0000000020010dd6        0x2 /Users/i/Documents/Risc-V/riscv64-unknown-elf-gcc-8.3.0-2019.08.0-x86_64-apple-darwin/bin/../lib/gcc/riscv64-unknown-elf/8.3.0/../../../../riscv64-unknown-elf/lib/rv32imac/ilp32/libc_nano.a(lib_a-mlock.o)
                0x0000000020010dd6                __malloc_unlock
 .text._read_r  0x0000000020010dd8       0x2c /Users/i/Documents/Risc-V/riscv64-unknown-elf-gcc-8.3.0-2019.08.0-x86_64-apple-darwin/bin/../lib/gcc/riscv64-unknown-elf/8.3.0/../../../../riscv64-unknown-elf/lib/rv32imac/ilp32/libc_nano.a(lib_a-readr.o)
                0x0000000020010dd8                _read_r
 .text._close   0x0000000020010e04       0x14 /Users/i/Documents/Risc-V/freedom-e-sdk/bsp/sifive-hifive1-revb/install/lib/release//libmetal-gloss.a(sys_close.o)
                0x0000000020010e04                _close
 .text._fstat   0x0000000020010e18       0x14 /Users/i/Documents/Risc-V/freedom-e-sdk/bsp/sifive-hifive1-revb/install/lib/release//libmetal-gloss.a(sys_fstat.o)
                0x0000000020010e18                _fstat
 .text._isatty  0x0000000020010e2c        0x8 /Users/i/Documents/Risc-V/freedom-e-sdk/bsp/sifive-hifive1-revb/install/lib/release//libmetal-gloss.a(sys_isatty.o)
                0x0000000020010e2c                _isatty
 .text._lseek   0x0000000020010e34       0x14 /Users/i/Documents/Risc-V/freedom-e-sdk/bsp/sifive-hifive1-revb/install/lib/release//libmetal-gloss.a(sys_lseek.o)
                0x0000000020010e34                _lseek
 .text._read    0x0000000020010e48       0x14 /Users/i/Documents/Risc-V/freedom-e-sdk/bsp/sifive-hifive1-revb/install/lib/release//libmetal-gloss.a(sys_read.o)
                0x0000000020010e48                _read
 .text._sbrk    0x0000000020010e5c       0x24 /Users/i/Documents/Risc-V/freedom-e-sdk/bsp/sifive-hifive1-revb/install/lib/release//libmetal-gloss.a(sys_sbrk.o)
                0x0000000020010e5c                _sbrk
 .text._write   0x0000000020010e80       0x3a /Users/i/Documents/Risc-V/freedom-e-sdk/bsp/sifive-hifive1-revb/install/lib/release//libmetal-gloss.a(sys_write.o)
                0x0000000020010e80                _write
 .text.atexit   0x0000000020010eba        0xa /Users/i/Documents/Risc-V/riscv64-unknown-elf-gcc-8.3.0-2019.08.0-x86_64-apple-darwin/bin/../lib/gcc/riscv64-unknown-elf/8.3.0/../../../../riscv64-unknown-elf/lib/rv32imac/ilp32/libc_nano.a(lib_a-atexit.o)
                0x0000000020010eba                atexit
 .text.__errno  0x0000000020010ec4        0xc /Users/i/Documents/Risc-V/riscv64-unknown-elf-gcc-8.3.0-2019.08.0-x86_64-apple-darwin/bin/../lib/gcc/riscv64-unknown-elf/8.3.0/../../../../riscv64-unknown-elf/lib/rv32imac/ilp32/libc_nano.a(lib_a-errno.o)
                0x0000000020010ec4                __errno
 .text.exit     0x0000000020010ed0       0x2c /Users/i/Documents/Risc-V/riscv64-unknown-elf-gcc-8.3.0-2019.08.0-x86_64-apple-darwin/bin/../lib/gcc/riscv64-unknown-elf/8.3.0/../../../../riscv64-unknown-elf/lib/rv32imac/ilp32/libc_nano.a(lib_a-exit.o)
                0x0000000020010ed0                exit
 .text.__libc_fini_array
                0x0000000020010efc       0x38 /Users/i/Documents/Risc-V/riscv64-unknown-elf-gcc-8.3.0-2019.08.0-x86_64-apple-darwin/bin/../lib/gcc/riscv64-unknown-elf/8.3.0/../../../../riscv64-unknown-elf/lib/rv32imac/ilp32/libc_nano.a(lib_a-fini.o)
                0x0000000020010efc                __libc_fini_array
 .text.__libc_init_array
                0x0000000020010f34       0x6a /Users/i/Documents/Risc-V/riscv64-unknown-elf-gcc-8.3.0-2019.08.0-x86_64-apple-darwin/bin/../lib/gcc/riscv64-unknown-elf/8.3.0/../../../../riscv64-unknown-elf/lib/rv32imac/ilp32/libc_nano.a(lib_a-init.o)
                0x0000000020010f34                __libc_init_array
 .text.__register_exitproc
                0x0000000020010f9e       0x88 /Users/i/Documents/Risc-V/riscv64-unknown-elf-gcc-8.3.0-2019.08.0-x86_64-apple-darwin/bin/../lib/gcc/riscv64-unknown-elf/8.3.0/../../../../riscv64-unknown-elf/lib/rv32imac/ilp32/libc_nano.a(lib_a-__atexit.o)
                0x0000000020010f9e                __register_exitproc
 .text.__call_exitprocs
                0x0000000020011026       0xc8 /Users/i/Documents/Risc-V/riscv64-unknown-elf-gcc-8.3.0-2019.08.0-x86_64-apple-darwin/bin/../lib/gcc/riscv64-unknown-elf/8.3.0/../../../../riscv64-unknown-elf/lib/rv32imac/ilp32/libc_nano.a(lib_a-__call_atexit.o)
                0x0000000020011026                __call_exitprocs
 .text.metal_tty_putc_raw
                0x00000000200110ee        0xc /Users/i/Documents/Risc-V/freedom-e-sdk/bsp/sifive-hifive1-revb/install/lib/release//libmetal.a(libriscv__mmachine__sifive-hifive1-revb_a-tty.o)
                0x00000000200110ee                metal_tty_putc_raw
 .text.metal_tty_putc
                0x00000000200110fa       0x1c /Users/i/Documents/Risc-V/freedom-e-sdk/bsp/sifive-hifive1-revb/install/lib/release//libmetal.a(libriscv__mmachine__sifive-hifive1-revb_a-tty.o)
                0x00000000200110fa                metal_tty_putc
 .text.metal_uart_init
                0x0000000020011116        0x8 /Users/i/Documents/Risc-V/freedom-e-sdk/bsp/sifive-hifive1-revb/install/lib/release//libmetal.a(libriscv__mmachine__sifive-hifive1-revb_a-uart.o)
                0x0000000020011116                metal_uart_init
 .text.metal_uart_putc
                0x000000002001111e        0x8 /Users/i/Documents/Risc-V/freedom-e-sdk/bsp/sifive-hifive1-revb/install/lib/release//libmetal.a(libriscv__mmachine__sifive-hifive1-revb_a-uart.o)
                0x000000002001111e                metal_uart_putc
 .text.metal_uart_set_baud_rate
                0x0000000020011126        0x8 /Users/i/Documents/Risc-V/freedom-e-sdk/bsp/sifive-hifive1-revb/install/lib/release//libmetal.a(libriscv__mmachine__sifive-hifive1-revb_a-uart.o)
                0x0000000020011126                metal_uart_set_baud_rate
 .text.__metal_driver_riscv_clint0_mtimecmp_set
                0x000000002001112e       0x2c /Users/i/Documents/Risc-V/freedom-e-sdk/bsp/sifive-hifive1-revb/install/lib/release//libmetal.a(libriscv__mmachine__sifive-hifive1-revb_a-riscv_clint0.o)
                0x000000002001112e                __metal_driver_riscv_clint0_mtimecmp_set
 .text.__metal_driver_riscv_clint0_vector_register
                0x000000002001115a        0x4 /Users/i/Documents/Risc-V/freedom-e-sdk/bsp/sifive-hifive1-revb/install/lib/release//libmetal.a(libriscv__mmachine__sifive-hifive1-revb_a-riscv_clint0.o)
                0x000000002001115a                __metal_driver_riscv_clint0_vector_register
 .text.__metal_driver_riscv_clint0_get_vector_mode
                0x000000002001115e        0x4 /Users/i/Documents/Risc-V/freedom-e-sdk/bsp/sifive-hifive1-revb/install/lib/release//libmetal.a(libriscv__mmachine__sifive-hifive1-revb_a-riscv_clint0.o)
                0x000000002001115e                __metal_driver_riscv_clint0_get_vector_mode
 .text._get_cpu_intc
                0x0000000020011162       0x14 /Users/i/Documents/Risc-V/freedom-e-sdk/bsp/sifive-hifive1-revb/install/lib/release//libmetal.a(libriscv__mmachine__sifive-hifive1-revb_a-riscv_clint0.o)
 .text.__metal_driver_riscv_clint0_set_vector_mode
                0x0000000020011176       0x26 /Users/i/Documents/Risc-V/freedom-e-sdk/bsp/sifive-hifive1-revb/install/lib/release//libmetal.a(libriscv__mmachine__sifive-hifive1-revb_a-riscv_clint0.o)
                0x0000000020011176                __metal_driver_riscv_clint0_set_vector_mode
 .text.__metal_driver_riscv_clint0_init
                0x000000002001119c       0x56 /Users/i/Documents/Risc-V/freedom-e-sdk/bsp/sifive-hifive1-revb/install/lib/release//libmetal.a(libriscv__mmachine__sifive-hifive1-revb_a-riscv_clint0.o)
                0x000000002001119c                __metal_driver_riscv_clint0_init
 .text.__metal_driver_riscv_clint0_disable
                0x00000000200111f2       0x4e /Users/i/Documents/Risc-V/freedom-e-sdk/bsp/sifive-hifive1-revb/install/lib/release//libmetal.a(libriscv__mmachine__sifive-hifive1-revb_a-riscv_clint0.o)
                0x00000000200111f2                __metal_driver_riscv_clint0_disable
 .text.__metal_driver_riscv_clint0_enable
                0x0000000020011240       0x4e /Users/i/Documents/Risc-V/freedom-e-sdk/bsp/sifive-hifive1-revb/install/lib/release//libmetal.a(libriscv__mmachine__sifive-hifive1-revb_a-riscv_clint0.o)
                0x0000000020011240                __metal_driver_riscv_clint0_enable
 .text.__metal_driver_riscv_clint0_register
                0x000000002001128e       0x64 /Users/i/Documents/Risc-V/freedom-e-sdk/bsp/sifive-hifive1-revb/install/lib/release//libmetal.a(libriscv__mmachine__sifive-hifive1-revb_a-riscv_clint0.o)
                0x000000002001128e                __metal_driver_riscv_clint0_register
 .text.__metal_clint0_mtime_get
                0x00000000200112f2       0x2a /Users/i/Documents/Risc-V/freedom-e-sdk/bsp/sifive-hifive1-revb/install/lib/release//libmetal.a(libriscv__mmachine__sifive-hifive1-revb_a-riscv_clint0.o)
                0x00000000200112f2                __metal_clint0_mtime_get
 .text.__metal_driver_riscv_clint0_command_request
                0x000000002001131c       0x88 /Users/i/Documents/Risc-V/freedom-e-sdk/bsp/sifive-hifive1-revb/install/lib/release//libmetal.a(libriscv__mmachine__sifive-hifive1-revb_a-riscv_clint0.o)
                0x000000002001131c                __metal_driver_riscv_clint0_command_request
 .text.__metal_driver_riscv_clint0_clear_interrupt
                0x00000000200113a4       0x1e /Users/i/Documents/Risc-V/freedom-e-sdk/bsp/sifive-hifive1-revb/install/lib/release//libmetal.a(libriscv__mmachine__sifive-hifive1-revb_a-riscv_clint0.o)
                0x00000000200113a4                __metal_driver_riscv_clint0_clear_interrupt
 .text.__metal_driver_riscv_clint0_set_interrupt
                0x00000000200113c2       0x1e /Users/i/Documents/Risc-V/freedom-e-sdk/bsp/sifive-hifive1-revb/install/lib/release//libmetal.a(libriscv__mmachine__sifive-hifive1-revb_a-riscv_clint0.o)
                0x00000000200113c2                __metal_driver_riscv_clint0_set_interrupt
 .text.__metal_default_sw_handler
                0x00000000200113e0       0x42 /Users/i/Documents/Risc-V/freedom-e-sdk/bsp/sifive-hifive1-revb/install/lib/release//libmetal.a(libriscv__mmachine__sifive-hifive1-revb_a-riscv_cpu.o)
                0x00000000200113e0                __metal_default_sw_handler
 *fill*         0x0000000020011422       0x5e 
 .text.__metal_exception_handler
                0x0000000020011480       0xfa /Users/i/Documents/Risc-V/freedom-e-sdk/bsp/sifive-hifive1-revb/install/lib/release//libmetal.a(libriscv__mmachine__sifive-hifive1-revb_a-riscv_cpu.o)
                0x0000000020011480                __metal_exception_handler
 .text.__metal_driver_riscv_cpu_controller_command_request
                0x000000002001157a        0x4 /Users/i/Documents/Risc-V/freedom-e-sdk/bsp/sifive-hifive1-revb/install/lib/release//libmetal.a(libriscv__mmachine__sifive-hifive1-revb_a-riscv_cpu.o)
                0x000000002001157a                __metal_driver_riscv_cpu_controller_command_request
 .text.__metal_driver_cpu_mcycle_get
                0x000000002001157e       0x16 /Users/i/Documents/Risc-V/freedom-e-sdk/bsp/sifive-hifive1-revb/install/lib/release//libmetal.a(libriscv__mmachine__sifive-hifive1-revb_a-riscv_cpu.o)
                0x000000002001157e                __metal_driver_cpu_mcycle_get
 .text.__metal_driver_cpu_timebase_get
                0x0000000020011594       0x22 /Users/i/Documents/Risc-V/freedom-e-sdk/bsp/sifive-hifive1-revb/install/lib/release//libmetal.a(libriscv__mmachine__sifive-hifive1-revb_a-riscv_cpu.o)
                0x0000000020011594                __metal_driver_cpu_timebase_get
 .text.__metal_driver_cpu_mtime_get
                0x00000000200115b6       0x32 /Users/i/Documents/Risc-V/freedom-e-sdk/bsp/sifive-hifive1-revb/install/lib/release//libmetal.a(libriscv__mmachine__sifive-hifive1-revb_a-riscv_cpu.o)
                0x00000000200115b6                __metal_driver_cpu_mtime_get
 .text.__metal_driver_cpu_timer_controller_interrupt
                0x00000000200115e8        0xa /Users/i/Documents/Risc-V/freedom-e-sdk/bsp/sifive-hifive1-revb/install/lib/release//libmetal.a(libriscv__mmachine__sifive-hifive1-revb_a-riscv_cpu.o)
                0x00000000200115e8                __metal_driver_cpu_timer_controller_interrupt
 .text.__metal_driver_cpu_get_timer_interrupt_id
                0x00000000200115f2        0x4 /Users/i/Documents/Risc-V/freedom-e-sdk/bsp/sifive-hifive1-revb/install/lib/release//libmetal.a(libriscv__mmachine__sifive-hifive1-revb_a-riscv_cpu.o)
                0x00000000200115f2                __metal_driver_cpu_get_timer_interrupt_id
 .text.__metal_driver_cpu_get_sw_interrupt_id
                0x00000000200115f6        0x4 /Users/i/Documents/Risc-V/freedom-e-sdk/bsp/sifive-hifive1-revb/install/lib/release//libmetal.a(libriscv__mmachine__sifive-hifive1-revb_a-riscv_cpu.o)
                0x00000000200115f6                __metal_driver_cpu_get_sw_interrupt_id
 .text.__metal_driver_cpu_set_sw_ipi
                0x00000000200115fa       0x30 /Users/i/Documents/Risc-V/freedom-e-sdk/bsp/sifive-hifive1-revb/install/lib/release//libmetal.a(libriscv__mmachine__sifive-hifive1-revb_a-riscv_cpu.o)
                0x00000000200115fa                __metal_driver_cpu_set_sw_ipi
 .text.__metal_driver_cpu_clear_sw_ipi
                0x000000002001162a       0x30 /Users/i/Documents/Risc-V/freedom-e-sdk/bsp/sifive-hifive1-revb/install/lib/release//libmetal.a(libriscv__mmachine__sifive-hifive1-revb_a-riscv_cpu.o)
                0x000000002001162a                __metal_driver_cpu_clear_sw_ipi
 .text.__metal_driver_cpu_get_msip
                0x000000002001165a       0x30 /Users/i/Documents/Risc-V/freedom-e-sdk/bsp/sifive-hifive1-revb/install/lib/release//libmetal.a(libriscv__mmachine__sifive-hifive1-revb_a-riscv_cpu.o)
                0x000000002001165a                __metal_driver_cpu_get_msip
 .text.__metal_driver_cpu_controller_interrupt
                0x000000002001168a       0x16 /Users/i/Documents/Risc-V/freedom-e-sdk/bsp/sifive-hifive1-revb/install/lib/release//libmetal.a(libriscv__mmachine__sifive-hifive1-revb_a-riscv_cpu.o)
                0x000000002001168a                __metal_driver_cpu_controller_interrupt
 .text.__metal_driver_cpu_get_instruction_length
                0x00000000200116a0       0x12 /Users/i/Documents/Risc-V/freedom-e-sdk/bsp/sifive-hifive1-revb/install/lib/release//libmetal.a(libriscv__mmachine__sifive-hifive1-revb_a-riscv_cpu.o)
                0x00000000200116a0                __metal_driver_cpu_get_instruction_length
 .text.__metal_driver_cpu_get_exception_pc
                0x00000000200116b2        0x6 /Users/i/Documents/Risc-V/freedom-e-sdk/bsp/sifive-hifive1-revb/install/lib/release//libmetal.a(libriscv__mmachine__sifive-hifive1-revb_a-riscv_cpu.o)
                0x00000000200116b2                __metal_driver_cpu_get_exception_pc
 .text.__metal_driver_cpu_set_exception_pc
                0x00000000200116b8        0x8 /Users/i/Documents/Risc-V/freedom-e-sdk/bsp/sifive-hifive1-revb/install/lib/release//libmetal.a(libriscv__mmachine__sifive-hifive1-revb_a-riscv_cpu.o)
                0x00000000200116b8                __metal_driver_cpu_set_exception_pc
 .text.__metal_default_exception_handler
                0x00000000200116c0        0xc /Users/i/Documents/Risc-V/freedom-e-sdk/bsp/sifive-hifive1-revb/install/lib/release//libmetal.a(libriscv__mmachine__sifive-hifive1-revb_a-riscv_cpu.o)
                0x00000000200116c0                __metal_default_exception_handler
 .text.__metal_default_interrupt_handler
                0x00000000200116cc        0xc /Users/i/Documents/Risc-V/freedom-e-sdk/bsp/sifive-hifive1-revb/install/lib/release//libmetal.a(libriscv__mmachine__sifive-hifive1-revb_a-riscv_cpu.o)
                0x00000000200116cc                __metal_default_interrupt_handler
 .text.__metal_driver_cpu_mtimecmp_set
                0x00000000200116d8       0x24 /Users/i/Documents/Risc-V/freedom-e-sdk/bsp/sifive-hifive1-revb/install/lib/release//libmetal.a(libriscv__mmachine__sifive-hifive1-revb_a-riscv_cpu.o)
                0x00000000200116d8                __metal_driver_cpu_mtimecmp_set
 .text.__metal_default_timer_handler
                0x00000000200116fc       0x38 /Users/i/Documents/Risc-V/freedom-e-sdk/bsp/sifive-hifive1-revb/install/lib/release//libmetal.a(libriscv__mmachine__sifive-hifive1-revb_a-riscv_cpu.o)
                0x00000000200116fc                __metal_default_timer_handler
 .text.__metal_driver_riscv_cpu_controller_interrupt_init
                0x0000000020011734       0x94 /Users/i/Documents/Risc-V/freedom-e-sdk/bsp/sifive-hifive1-revb/install/lib/release//libmetal.a(libriscv__mmachine__sifive-hifive1-revb_a-riscv_cpu.o)
                0x0000000020011734                __metal_driver_riscv_cpu_controller_interrupt_init
 .text.__metal_driver_cpu_exception_register
                0x00000000200117c8       0x2c /Users/i/Documents/Risc-V/freedom-e-sdk/bsp/sifive-hifive1-revb/install/lib/release//libmetal.a(libriscv__mmachine__sifive-hifive1-revb_a-riscv_cpu.o)
                0x00000000200117c8                __metal_driver_cpu_exception_register
 .text.__metal_driver_cpu_sw_controller_interrupt
                0x00000000200117f4        0xa /Users/i/Documents/Risc-V/freedom-e-sdk/bsp/sifive-hifive1-revb/install/lib/release//libmetal.a(libriscv__mmachine__sifive-hifive1-revb_a-riscv_cpu.o)
                0x00000000200117f4                __metal_driver_cpu_sw_controller_interrupt
 .text.__metal_driver_riscv_cpu_controller_set_vector_mode
                0x00000000200117fe       0x32 /Users/i/Documents/Risc-V/freedom-e-sdk/bsp/sifive-hifive1-revb/install/lib/release//libmetal.a(libriscv__mmachine__sifive-hifive1-revb_a-riscv_cpu.o)
                0x00000000200117fe                __metal_driver_riscv_cpu_controller_set_vector_mode
 .text.metal_interrupt_vector_handler
                0x0000000020011830       0x2a /Users/i/Documents/Risc-V/freedom-e-sdk/bsp/sifive-hifive1-revb/install/lib/release//libmetal.a(libriscv__mmachine__sifive-hifive1-revb_a-riscv_cpu.o)
                0x0000000020011830                metal_interrupt_vector_handler
 .text.metal_software_interrupt_vector_handler
                0x000000002001185a       0x7c /Users/i/Documents/Risc-V/freedom-e-sdk/bsp/sifive-hifive1-revb/install/lib/release//libmetal.a(libriscv__mmachine__sifive-hifive1-revb_a-riscv_cpu.o)
                0x000000002001185a                metal_software_interrupt_vector_handler
 .text.metal_timer_interrupt_vector_handler
                0x00000000200118d6       0x7c /Users/i/Documents/Risc-V/freedom-e-sdk/bsp/sifive-hifive1-revb/install/lib/release//libmetal.a(libriscv__mmachine__sifive-hifive1-revb_a-riscv_cpu.o)
                0x00000000200118d6                metal_timer_interrupt_vector_handler
 .text.metal_lc0_interrupt_vector_handler
                0x0000000020011952       0x7c /Users/i/Documents/Risc-V/freedom-e-sdk/bsp/sifive-hifive1-revb/install/lib/release//libmetal.a(libriscv__mmachine__sifive-hifive1-revb_a-riscv_cpu.o)
                0x0000000020011952                metal_lc0_interrupt_vector_handler
 .text.metal_lc1_interrupt_vector_handler
                0x00000000200119ce       0x7c /Users/i/Documents/Risc-V/freedom-e-sdk/bsp/sifive-hifive1-revb/install/lib/release//libmetal.a(libriscv__mmachine__sifive-hifive1-revb_a-riscv_cpu.o)
                0x00000000200119ce                metal_lc1_interrupt_vector_handler
 .text.metal_lc2_interrupt_vector_handler
                0x0000000020011a4a       0x7c /Users/i/Documents/Risc-V/freedom-e-sdk/bsp/sifive-hifive1-revb/install/lib/release//libmetal.a(libriscv__mmachine__sifive-hifive1-revb_a-riscv_cpu.o)
                0x0000000020011a4a                metal_lc2_interrupt_vector_handler
 .text.metal_lc3_interrupt_vector_handler
                0x0000000020011ac6       0x7c /Users/i/Documents/Risc-V/freedom-e-sdk/bsp/sifive-hifive1-revb/install/lib/release//libmetal.a(libriscv__mmachine__sifive-hifive1-revb_a-riscv_cpu.o)
                0x0000000020011ac6                metal_lc3_interrupt_vector_handler
 .text.metal_lc4_interrupt_vector_handler
                0x0000000020011b42       0x7c /Users/i/Documents/Risc-V/freedom-e-sdk/bsp/sifive-hifive1-revb/install/lib/release//libmetal.a(libriscv__mmachine__sifive-hifive1-revb_a-riscv_cpu.o)
                0x0000000020011b42                metal_lc4_interrupt_vector_handler
 .text.metal_lc5_interrupt_vector_handler
                0x0000000020011bbe       0x7c /Users/i/Documents/Risc-V/freedom-e-sdk/bsp/sifive-hifive1-revb/install/lib/release//libmetal.a(libriscv__mmachine__sifive-hifive1-revb_a-riscv_cpu.o)
                0x0000000020011bbe                metal_lc5_interrupt_vector_handler
 .text.metal_lc6_interrupt_vector_handler
                0x0000000020011c3a       0x7c /Users/i/Documents/Risc-V/freedom-e-sdk/bsp/sifive-hifive1-revb/install/lib/release//libmetal.a(libriscv__mmachine__sifive-hifive1-revb_a-riscv_cpu.o)
                0x0000000020011c3a                metal_lc6_interrupt_vector_handler
 .text.metal_lc7_interrupt_vector_handler
                0x0000000020011cb6       0x7c /Users/i/Documents/Risc-V/freedom-e-sdk/bsp/sifive-hifive1-revb/install/lib/release//libmetal.a(libriscv__mmachine__sifive-hifive1-revb_a-riscv_cpu.o)
                0x0000000020011cb6                metal_lc7_interrupt_vector_handler
 .text.metal_lc8_interrupt_vector_handler
                0x0000000020011d32       0x7c /Users/i/Documents/Risc-V/freedom-e-sdk/bsp/sifive-hifive1-revb/install/lib/release//libmetal.a(libriscv__mmachine__sifive-hifive1-revb_a-riscv_cpu.o)
                0x0000000020011d32                metal_lc8_interrupt_vector_handler
 .text.metal_lc9_interrupt_vector_handler
                0x0000000020011dae       0x7c /Users/i/Documents/Risc-V/freedom-e-sdk/bsp/sifive-hifive1-revb/install/lib/release//libmetal.a(libriscv__mmachine__sifive-hifive1-revb_a-riscv_cpu.o)
                0x0000000020011dae                metal_lc9_interrupt_vector_handler
 .text.metal_lc10_interrupt_vector_handler
                0x0000000020011e2a       0x7c /Users/i/Documents/Risc-V/freedom-e-sdk/bsp/sifive-hifive1-revb/install/lib/release//libmetal.a(libriscv__mmachine__sifive-hifive1-revb_a-riscv_cpu.o)
                0x0000000020011e2a                metal_lc10_interrupt_vector_handler
 .text.metal_lc11_interrupt_vector_handler
                0x0000000020011ea6       0x7c /Users/i/Documents/Risc-V/freedom-e-sdk/bsp/sifive-hifive1-revb/install/lib/release//libmetal.a(libriscv__mmachine__sifive-hifive1-revb_a-riscv_cpu.o)
                0x0000000020011ea6                metal_lc11_interrupt_vector_handler
 .text.metal_lc12_interrupt_vector_handler
                0x0000000020011f22       0x7c /Users/i/Documents/Risc-V/freedom-e-sdk/bsp/sifive-hifive1-revb/install/lib/release//libmetal.a(libriscv__mmachine__sifive-hifive1-revb_a-riscv_cpu.o)
                0x0000000020011f22                metal_lc12_interrupt_vector_handler
 .text.metal_lc13_interrupt_vector_handler
                0x0000000020011f9e       0x7c /Users/i/Documents/Risc-V/freedom-e-sdk/bsp/sifive-hifive1-revb/install/lib/release//libmetal.a(libriscv__mmachine__sifive-hifive1-revb_a-riscv_cpu.o)
                0x0000000020011f9e                metal_lc13_interrupt_vector_handler
 .text.metal_lc14_interrupt_vector_handler
                0x000000002001201a       0x7c /Users/i/Documents/Risc-V/freedom-e-sdk/bsp/sifive-hifive1-revb/install/lib/release//libmetal.a(libriscv__mmachine__sifive-hifive1-revb_a-riscv_cpu.o)
                0x000000002001201a                metal_lc14_interrupt_vector_handler
 .text.metal_lc15_interrupt_vector_handler
                0x0000000020012096       0x7c /Users/i/Documents/Risc-V/freedom-e-sdk/bsp/sifive-hifive1-revb/install/lib/release//libmetal.a(libriscv__mmachine__sifive-hifive1-revb_a-riscv_cpu.o)
                0x0000000020012096                metal_lc15_interrupt_vector_handler
 .text.__metal_controller_interrupt_vector_mode
                0x0000000020012112       0x1e /Users/i/Documents/Risc-V/freedom-e-sdk/bsp/sifive-hifive1-revb/install/lib/release//libmetal.a(libriscv__mmachine__sifive-hifive1-revb_a-riscv_cpu.o)
                0x0000000020012112                __metal_controller_interrupt_vector_mode
 .text.__metal_driver_riscv_cpu_controller_get_vector_mode
                0x0000000020012130        0x2 /Users/i/Documents/Risc-V/freedom-e-sdk/bsp/sifive-hifive1-revb/install/lib/release//libmetal.a(libriscv__mmachine__sifive-hifive1-revb_a-riscv_cpu.o)
                0x0000000020012130                __metal_driver_riscv_cpu_controller_get_vector_mode
 .text.__metal_valid_interrupt_id
                0x0000000020012132       0x1e /Users/i/Documents/Risc-V/freedom-e-sdk/bsp/sifive-hifive1-revb/install/lib/release//libmetal.a(libriscv__mmachine__sifive-hifive1-revb_a-riscv_cpu.o)
                0x0000000020012132                __metal_valid_interrupt_id
 .text.__metal_driver_riscv_cpu_controller_interrupt_register
                0x0000000020012150       0x9e /Users/i/Documents/Risc-V/freedom-e-sdk/bsp/sifive-hifive1-revb/install/lib/release//libmetal.a(libriscv__mmachine__sifive-hifive1-revb_a-riscv_cpu.o)
                0x0000000020012150                __metal_driver_riscv_cpu_controller_interrupt_register
 .text.__metal_local_interrupt_enable
                0x00000000200121ee       0x72 /Users/i/Documents/Risc-V/freedom-e-sdk/bsp/sifive-hifive1-revb/install/lib/release//libmetal.a(libriscv__mmachine__sifive-hifive1-revb_a-riscv_cpu.o)
                0x00000000200121ee                __metal_local_interrupt_enable
 .text.__metal_driver_riscv_cpu_controller_interrupt_enable
                0x0000000020012260        0x4 /Users/i/Documents/Risc-V/freedom-e-sdk/bsp/sifive-hifive1-revb/install/lib/release//libmetal.a(libriscv__mmachine__sifive-hifive1-revb_a-riscv_cpu.o)
                0x0000000020012260                __metal_driver_riscv_cpu_controller_interrupt_enable
 .text.__metal_driver_riscv_cpu_controller_interrupt_disable
                0x0000000020012264        0x4 /Users/i/Documents/Risc-V/freedom-e-sdk/bsp/sifive-hifive1-revb/install/lib/release//libmetal.a(libriscv__mmachine__sifive-hifive1-revb_a-riscv_cpu.o)
                0x0000000020012264                __metal_driver_riscv_cpu_controller_interrupt_disable
 .text.__metal_plic0_set_threshold
                0x0000000020012268       0x1e /Users/i/Documents/Risc-V/freedom-e-sdk/bsp/sifive-hifive1-revb/install/lib/release//libmetal.a(libriscv__mmachine__sifive-hifive1-revb_a-riscv_plic0.o)
                0x0000000020012268                __metal_plic0_set_threshold
 .text.__metal_plic0_get_threshold
                0x0000000020012286       0x1e /Users/i/Documents/Risc-V/freedom-e-sdk/bsp/sifive-hifive1-revb/install/lib/release//libmetal.a(libriscv__mmachine__sifive-hifive1-revb_a-riscv_plic0.o)
                0x0000000020012286                __metal_plic0_get_threshold
 .text.__metal_plic0_set_priority
                0x00000000200122a4       0x26 /Users/i/Documents/Risc-V/freedom-e-sdk/bsp/sifive-hifive1-revb/install/lib/release//libmetal.a(libriscv__mmachine__sifive-hifive1-revb_a-riscv_plic0.o)
                0x00000000200122a4                __metal_plic0_set_priority
 .text.__metal_plic0_get_priority
                0x00000000200122ca       0x1c /Users/i/Documents/Risc-V/freedom-e-sdk/bsp/sifive-hifive1-revb/install/lib/release//libmetal.a(libriscv__mmachine__sifive-hifive1-revb_a-riscv_plic0.o)
                0x00000000200122ca                __metal_plic0_get_priority
 .text.__metal_plic0_default_handler
                0x00000000200122e6        0xc /Users/i/Documents/Risc-V/freedom-e-sdk/bsp/sifive-hifive1-revb/install/lib/release//libmetal.a(libriscv__mmachine__sifive-hifive1-revb_a-riscv_plic0.o)
                0x00000000200122e6                __metal_plic0_default_handler
 .text.__metal_driver_riscv_plic0_register
                0x00000000200122f2       0x80 /Users/i/Documents/Risc-V/freedom-e-sdk/bsp/sifive-hifive1-revb/install/lib/release//libmetal.a(libriscv__mmachine__sifive-hifive1-revb_a-riscv_plic0.o)
                0x00000000200122f2                __metal_driver_riscv_plic0_register
 .text.__metal_plic0_claim_interrupt
                0x0000000020012372       0x20 /Users/i/Documents/Risc-V/freedom-e-sdk/bsp/sifive-hifive1-revb/install/lib/release//libmetal.a(libriscv__mmachine__sifive-hifive1-revb_a-riscv_plic0.o)
                0x0000000020012372                __metal_plic0_claim_interrupt
 .text.__metal_plic0_complete_interrupt
                0x0000000020012392       0x1e /Users/i/Documents/Risc-V/freedom-e-sdk/bsp/sifive-hifive1-revb/install/lib/release//libmetal.a(libriscv__mmachine__sifive-hifive1-revb_a-riscv_plic0.o)
                0x0000000020012392                __metal_plic0_complete_interrupt
 .text.__metal_plic0_handler
                0x00000000200123b0       0x4a /Users/i/Documents/Risc-V/freedom-e-sdk/bsp/sifive-hifive1-revb/install/lib/release//libmetal.a(libriscv__mmachine__sifive-hifive1-revb_a-riscv_plic0.o)
                0x00000000200123b0                __metal_plic0_handler
 .text.__metal_plic0_enable
                0x00000000200123fa       0x36 /Users/i/Documents/Risc-V/freedom-e-sdk/bsp/sifive-hifive1-revb/install/lib/release//libmetal.a(libriscv__mmachine__sifive-hifive1-revb_a-riscv_plic0.o)
                0x00000000200123fa                __metal_plic0_enable
 .text.__metal_driver_riscv_plic0_init
                0x0000000020012430       0xca /Users/i/Documents/Risc-V/freedom-e-sdk/bsp/sifive-hifive1-revb/install/lib/release//libmetal.a(libriscv__mmachine__sifive-hifive1-revb_a-riscv_plic0.o)
                0x0000000020012430                __metal_driver_riscv_plic0_init
 .text.__metal_driver_riscv_plic0_enable
                0x00000000200124fa       0x2e /Users/i/Documents/Risc-V/freedom-e-sdk/bsp/sifive-hifive1-revb/install/lib/release//libmetal.a(libriscv__mmachine__sifive-hifive1-revb_a-riscv_plic0.o)
                0x00000000200124fa                __metal_driver_riscv_plic0_enable
 .text.__metal_driver_riscv_plic0_disable
                0x0000000020012528       0x2e /Users/i/Documents/Risc-V/freedom-e-sdk/bsp/sifive-hifive1-revb/install/lib/release//libmetal.a(libriscv__mmachine__sifive-hifive1-revb_a-riscv_plic0.o)
                0x0000000020012528                __metal_driver_riscv_plic0_disable
 .text.__metal_driver_sifive_fe310_g000_hfrosc_get_rate_hz
                0x0000000020012556       0x40 /Users/i/Documents/Risc-V/freedom-e-sdk/bsp/sifive-hifive1-revb/install/lib/release//libmetal.a(libriscv__mmachine__sifive-hifive1-revb_a-sifive_fe310-g000_hfrosc.o)
                0x0000000020012556                __metal_driver_sifive_fe310_g000_hfrosc_get_rate_hz
 .text.__metal_driver_sifive_fe310_g000_hfrosc_set_rate_hz
                0x0000000020012596        0x2 /Users/i/Documents/Risc-V/freedom-e-sdk/bsp/sifive-hifive1-revb/install/lib/release//libmetal.a(libriscv__mmachine__sifive-hifive1-revb_a-sifive_fe310-g000_hfrosc.o)
                0x0000000020012596                __metal_driver_sifive_fe310_g000_hfrosc_set_rate_hz
 .text.__metal_driver_sifive_fe310_g000_hfxosc_get_rate_hz
                0x0000000020012598       0x34 /Users/i/Documents/Risc-V/freedom-e-sdk/bsp/sifive-hifive1-revb/install/lib/release//libmetal.a(libriscv__mmachine__sifive-hifive1-revb_a-sifive_fe310-g000_hfxosc.o)
                0x0000000020012598                __metal_driver_sifive_fe310_g000_hfxosc_get_rate_hz
 .text.__metal_driver_sifive_fe310_g000_hfxosc_set_rate_hz
                0x00000000200125cc        0x2 /Users/i/Documents/Risc-V/freedom-e-sdk/bsp/sifive-hifive1-revb/install/lib/release//libmetal.a(libriscv__mmachine__sifive-hifive1-revb_a-sifive_fe310-g000_hfxosc.o)
                0x00000000200125cc                __metal_driver_sifive_fe310_g000_hfxosc_set_rate_hz
 .text.__metal_driver_sifive_fe310_g000_pll_config_base
                0x00000000200125ce        0x6 /Users/i/Documents/Risc-V/freedom-e-sdk/bsp/sifive-hifive1-revb/install/lib/release//libmetal.a(libriscv__mmachine__sifive-hifive1-revb_a-sifive_fe310-g000_pll.o)
 .text.__metal_driver_sifive_fe310_g000_pll_config_offset
                0x00000000200125d4        0x4 /Users/i/Documents/Risc-V/freedom-e-sdk/bsp/sifive-hifive1-revb/install/lib/release//libmetal.a(libriscv__mmachine__sifive-hifive1-revb_a-sifive_fe310-g000_pll.o)
 .text.__metal_driver_sifive_fe310_g000_pll_init
                0x00000000200125d8       0x50 /Users/i/Documents/Risc-V/freedom-e-sdk/bsp/sifive-hifive1-revb/install/lib/release//libmetal.a(libriscv__mmachine__sifive-hifive1-revb_a-sifive_fe310-g000_pll.o)
                0x00000000200125d8                __metal_driver_sifive_fe310_g000_pll_init
 .text.__metal_driver_sifive_fe310_g000_pll_get_rate_hz
                0x0000000020012628       0xbe /Users/i/Documents/Risc-V/freedom-e-sdk/bsp/sifive-hifive1-revb/install/lib/release//libmetal.a(libriscv__mmachine__sifive-hifive1-revb_a-sifive_fe310-g000_pll.o)
                0x0000000020012628                __metal_driver_sifive_fe310_g000_pll_get_rate_hz
 .text.__metal_driver_sifive_fe310_g000_pll_set_rate_hz
                0x00000000200126e6      0x180 /Users/i/Documents/Risc-V/freedom-e-sdk/bsp/sifive-hifive1-revb/install/lib/release//libmetal.a(libriscv__mmachine__sifive-hifive1-revb_a-sifive_fe310-g000_pll.o)
                0x00000000200126e6                __metal_driver_sifive_fe310_g000_pll_set_rate_hz
 .text.__metal_driver_sifive_fe310_g000_prci_get_reg
                0x0000000020012866        0xa /Users/i/Documents/Risc-V/freedom-e-sdk/bsp/sifive-hifive1-revb/install/lib/release//libmetal.a(libriscv__mmachine__sifive-hifive1-revb_a-sifive_fe310-g000_prci.o)
                0x0000000020012866                __metal_driver_sifive_fe310_g000_prci_get_reg
 .text.__metal_driver_sifive_fe310_g000_prci_set_reg
                0x0000000020012870        0xc /Users/i/Documents/Risc-V/freedom-e-sdk/bsp/sifive-hifive1-revb/install/lib/release//libmetal.a(libriscv__mmachine__sifive-hifive1-revb_a-sifive_fe310-g000_prci.o)
                0x0000000020012870                __metal_driver_sifive_fe310_g000_prci_set_reg
 .text.__metal_driver_sifive_gpio0_enable_input
                0x000000002001287c       0x18 /Users/i/Documents/Risc-V/freedom-e-sdk/bsp/sifive-hifive1-revb/install/lib/release//libmetal.a(libriscv__mmachine__sifive-hifive1-revb_a-sifive_gpio0.o)
                0x000000002001287c                __metal_driver_sifive_gpio0_enable_input
 .text.__metal_driver_sifive_gpio0_disable_input
                0x0000000020012894       0x1c /Users/i/Documents/Risc-V/freedom-e-sdk/bsp/sifive-hifive1-revb/install/lib/release//libmetal.a(libriscv__mmachine__sifive-hifive1-revb_a-sifive_gpio0.o)
                0x0000000020012894                __metal_driver_sifive_gpio0_disable_input
 .text.__metal_driver_sifive_gpio0_input
                0x00000000200128b0       0x14 /Users/i/Documents/Risc-V/freedom-e-sdk/bsp/sifive-hifive1-revb/install/lib/release//libmetal.a(libriscv__mmachine__sifive-hifive1-revb_a-sifive_gpio0.o)
                0x00000000200128b0                __metal_driver_sifive_gpio0_input
 .text.__metal_driver_sifive_gpio0_output
                0x00000000200128c4       0x14 /Users/i/Documents/Risc-V/freedom-e-sdk/bsp/sifive-hifive1-revb/install/lib/release//libmetal.a(libriscv__mmachine__sifive-hifive1-revb_a-sifive_gpio0.o)
                0x00000000200128c4                __metal_driver_sifive_gpio0_output
 .text.__metal_driver_sifive_gpio0_disable_output
                0x00000000200128d8       0x1c /Users/i/Documents/Risc-V/freedom-e-sdk/bsp/sifive-hifive1-revb/install/lib/release//libmetal.a(libriscv__mmachine__sifive-hifive1-revb_a-sifive_gpio0.o)
                0x00000000200128d8                __metal_driver_sifive_gpio0_disable_output
 .text.__metal_driver_sifive_gpio0_enable_output
                0x00000000200128f4       0x18 /Users/i/Documents/Risc-V/freedom-e-sdk/bsp/sifive-hifive1-revb/install/lib/release//libmetal.a(libriscv__mmachine__sifive-hifive1-revb_a-sifive_gpio0.o)
                0x00000000200128f4                __metal_driver_sifive_gpio0_enable_output
 .text.__metal_driver_sifive_gpio0_output_set
                0x000000002001290c       0x18 /Users/i/Documents/Risc-V/freedom-e-sdk/bsp/sifive-hifive1-revb/install/lib/release//libmetal.a(libriscv__mmachine__sifive-hifive1-revb_a-sifive_gpio0.o)
                0x000000002001290c                __metal_driver_sifive_gpio0_output_set
 .text.__metal_driver_sifive_gpio0_output_clear
                0x0000000020012924       0x1c /Users/i/Documents/Risc-V/freedom-e-sdk/bsp/sifive-hifive1-revb/install/lib/release//libmetal.a(libriscv__mmachine__sifive-hifive1-revb_a-sifive_gpio0.o)
                0x0000000020012924                __metal_driver_sifive_gpio0_output_clear
 .text.__metal_driver_sifive_gpio0_output_toggle
                0x0000000020012940       0x18 /Users/i/Documents/Risc-V/freedom-e-sdk/bsp/sifive-hifive1-revb/install/lib/release//libmetal.a(libriscv__mmachine__sifive-hifive1-revb_a-sifive_gpio0.o)
                0x0000000020012940                __metal_driver_sifive_gpio0_output_toggle
 .text.__metal_driver_sifive_gpio0_enable_io
                0x0000000020012958       0x22 /Users/i/Documents/Risc-V/freedom-e-sdk/bsp/sifive-hifive1-revb/install/lib/release//libmetal.a(libriscv__mmachine__sifive-hifive1-revb_a-sifive_gpio0.o)
                0x0000000020012958                __metal_driver_sifive_gpio0_enable_io
 .text.__metal_driver_sifive_gpio0_disable_io
                0x000000002001297a       0x1c /Users/i/Documents/Risc-V/freedom-e-sdk/bsp/sifive-hifive1-revb/install/lib/release//libmetal.a(libriscv__mmachine__sifive-hifive1-revb_a-sifive_gpio0.o)
                0x000000002001297a                __metal_driver_sifive_gpio0_disable_io
 .text.__metal_driver_sifive_gpio0_config_int
                0x0000000020012996       0x7a /Users/i/Documents/Risc-V/freedom-e-sdk/bsp/sifive-hifive1-revb/install/lib/release//libmetal.a(libriscv__mmachine__sifive-hifive1-revb_a-sifive_gpio0.o)
                0x0000000020012996                __metal_driver_sifive_gpio0_config_int
 .text.__metal_driver_sifive_gpio0_clear_int
                0x0000000020012a10       0x60 /Users/i/Documents/Risc-V/freedom-e-sdk/bsp/sifive-hifive1-revb/install/lib/release//libmetal.a(libriscv__mmachine__sifive-hifive1-revb_a-sifive_gpio0.o)
                0x0000000020012a10                __metal_driver_sifive_gpio0_clear_int
 .text.__metal_driver_gpio_interrupt_controller
                0x0000000020012a70       0x16 /Users/i/Documents/Risc-V/freedom-e-sdk/bsp/sifive-hifive1-revb/install/lib/release//libmetal.a(libriscv__mmachine__sifive-hifive1-revb_a-sifive_gpio0.o)
                0x0000000020012a70                __metal_driver_gpio_interrupt_controller
 .text.__metal_driver_gpio_get_interrupt_id
                0x0000000020012a86      0x118 /Users/i/Documents/Risc-V/freedom-e-sdk/bsp/sifive-hifive1-revb/install/lib/release//libmetal.a(libriscv__mmachine__sifive-hifive1-revb_a-sifive_gpio0.o)
                0x0000000020012a86                __metal_driver_gpio_get_interrupt_id
 .text.__metal_driver_sifive_uart0_interrupt_controller
                0x0000000020012b9e       0x1a /Users/i/Documents/Risc-V/freedom-e-sdk/bsp/sifive-hifive1-revb/install/lib/release//libmetal.a(libriscv__mmachine__sifive-hifive1-revb_a-sifive_uart0.o)
                0x0000000020012b9e                __metal_driver_sifive_uart0_interrupt_controller
 .text.__metal_driver_sifive_uart0_get_interrupt_id
                0x0000000020012bb8       0x26 /Users/i/Documents/Risc-V/freedom-e-sdk/bsp/sifive-hifive1-revb/install/lib/release//libmetal.a(libriscv__mmachine__sifive-hifive1-revb_a-sifive_uart0.o)
                0x0000000020012bb8                __metal_driver_sifive_uart0_get_interrupt_id
 .text.__metal_driver_sifive_uart0_get_baud_rate
                0x0000000020012bde        0x4 /Users/i/Documents/Risc-V/freedom-e-sdk/bsp/sifive-hifive1-revb/install/lib/release//libmetal.a(libriscv__mmachine__sifive-hifive1-revb_a-sifive_uart0.o)
                0x0000000020012bde                __metal_driver_sifive_uart0_get_baud_rate
 .text.pre_rate_change_callback_func
                0x0000000020012be2       0x8e /Users/i/Documents/Risc-V/freedom-e-sdk/bsp/sifive-hifive1-revb/install/lib/release//libmetal.a(libriscv__mmachine__sifive-hifive1-revb_a-sifive_uart0.o)
 .text.post_rate_change_callback_func
                0x0000000020012c70        0x6 /Users/i/Documents/Risc-V/freedom-e-sdk/bsp/sifive-hifive1-revb/install/lib/release//libmetal.a(libriscv__mmachine__sifive-hifive1-revb_a-sifive_uart0.o)
 .text.__metal_driver_sifive_uart0_getc
                0x0000000020012c76       0x34 /Users/i/Documents/Risc-V/freedom-e-sdk/bsp/sifive-hifive1-revb/install/lib/release//libmetal.a(libriscv__mmachine__sifive-hifive1-revb_a-sifive_uart0.o)
                0x0000000020012c76                __metal_driver_sifive_uart0_getc
 .text.__metal_driver_sifive_uart0_set_baud_rate
                0x0000000020012caa       0x64 /Users/i/Documents/Risc-V/freedom-e-sdk/bsp/sifive-hifive1-revb/install/lib/release//libmetal.a(libriscv__mmachine__sifive-hifive1-revb_a-sifive_uart0.o)
                0x0000000020012caa                __metal_driver_sifive_uart0_set_baud_rate
 .text.__metal_driver_sifive_uart0_init
                0x0000000020012d0e       0xc4 /Users/i/Documents/Risc-V/freedom-e-sdk/bsp/sifive-hifive1-revb/install/lib/release//libmetal.a(libriscv__mmachine__sifive-hifive1-revb_a-sifive_uart0.o)
                0x0000000020012d0e                __metal_driver_sifive_uart0_init
 .text.__metal_driver_sifive_uart0_txready
                0x0000000020012dd2       0x2e /Users/i/Documents/Risc-V/freedom-e-sdk/bsp/sifive-hifive1-revb/install/lib/release//libmetal.a(libriscv__mmachine__sifive-hifive1-revb_a-sifive_uart0.o)
                0x0000000020012dd2                __metal_driver_sifive_uart0_txready
 .text.__metal_driver_sifive_uart0_putc
                0x0000000020012e00       0x44 /Users/i/Documents/Risc-V/freedom-e-sdk/bsp/sifive-hifive1-revb/install/lib/release//libmetal.a(libriscv__mmachine__sifive-hifive1-revb_a-sifive_uart0.o)
                0x0000000020012e00                __metal_driver_sifive_uart0_putc
 .text._metal_clock_call_all_callbacks
                0x0000000020012e44       0x1c /Users/i/Documents/Risc-V/freedom-e-sdk/bsp/sifive-hifive1-revb/install/lib/release//libmetal.a(libriscv__mmachine__sifive-hifive1-revb_a-clock.o)
                0x0000000020012e44                _metal_clock_call_all_callbacks
 .text._metal_clock_append_to_callbacks
                0x0000000020012e60       0x18 /Users/i/Documents/Risc-V/freedom-e-sdk/bsp/sifive-hifive1-revb/install/lib/release//libmetal.a(libriscv__mmachine__sifive-hifive1-revb_a-clock.o)
                0x0000000020012e60                _metal_clock_append_to_callbacks
 .text.metal_clock_get_rate_hz
                0x0000000020012e78        0x8 /Users/i/Documents/Risc-V/freedom-e-sdk/bsp/sifive-hifive1-revb/install/lib/release//libmetal.a(libriscv__mmachine__sifive-hifive1-revb_a-clock.o)
                0x0000000020012e78                metal_clock_get_rate_hz
 .text.metal_clock_set_rate_hz
                0x0000000020012e80       0x2c /Users/i/Documents/Risc-V/freedom-e-sdk/bsp/sifive-hifive1-revb/install/lib/release//libmetal.a(libriscv__mmachine__sifive-hifive1-revb_a-clock.o)
                0x0000000020012e80                metal_clock_set_rate_hz
 .text.metal_cpu_interrupt_controller
                0x0000000020012eac        0x8 /Users/i/Documents/Risc-V/freedom-e-sdk/bsp/sifive-hifive1-revb/install/lib/release//libmetal.a(libriscv__mmachine__sifive-hifive1-revb_a-cpu.o)
                0x0000000020012eac                metal_cpu_interrupt_controller
 .text.metal_cpu_get
                0x0000000020012eb4        0xc /Users/i/Documents/Risc-V/freedom-e-sdk/bsp/sifive-hifive1-revb/install/lib/release//libmetal.a(libriscv__mmachine__sifive-hifive1-revb_a-cpu.o)
                0x0000000020012eb4                metal_cpu_get
 .text.metal_cpu_get_current_hartid
                0x0000000020012ec0        0x6 /Users/i/Documents/Risc-V/freedom-e-sdk/bsp/sifive-hifive1-revb/install/lib/release//libmetal.a(libriscv__mmachine__sifive-hifive1-revb_a-cpu.o)
                0x0000000020012ec0                metal_cpu_get_current_hartid
 .text.metal_shutdown
                0x0000000020012ec6        0x4 /Users/i/Documents/Risc-V/freedom-e-sdk/bsp/sifive-hifive1-revb/install/lib/release//libmetal.a(libriscv__mmachine__sifive-hifive1-revb_a-shutdown.o)
                0x0000000020012ec6                metal_shutdown
 *fill*         0x0000000020012eca       0x36 
 .text          0x0000000020012f00       0x80 /Users/i/Documents/Risc-V/freedom-e-sdk/bsp/sifive-hifive1-revb/install/lib/release//libmetal.a(libriscv__mmachine__sifive-hifive1-revb_a-vector.o)
                0x0000000020012f00                __metal_vector_table
 .text.__metal_driver_fixed_clock_get_rate_hz
                0x0000000020012f80       0x4c /Users/i/Documents/Risc-V/freedom-e-sdk/bsp/sifive-hifive1-revb/install/lib/release//libmetal.a(libriscv__mmachine__sifive-hifive1-revb_a-fixed-clock.o)
                0x0000000020012f80                __metal_driver_fixed_clock_get_rate_hz
 .text.__metal_driver_fixed_clock_set_rate_hz
                0x0000000020012fcc       0x4c /Users/i/Documents/Risc-V/freedom-e-sdk/bsp/sifive-hifive1-revb/install/lib/release//libmetal.a(libriscv__mmachine__sifive-hifive1-revb_a-fixed-clock.o)
                0x0000000020012fcc                __metal_driver_fixed_clock_set_rate_hz
 .text._exit    0x0000000020013018        0x6 /Users/i/Documents/Risc-V/freedom-e-sdk/bsp/sifive-hifive1-revb/install/lib/release//libmetal-gloss.a(sys_exit.o)
                0x0000000020013018                _exit
 *(.gnu.linkonce.t.*)
                [!provide]                        PROVIDE (__etext = .)
                [!provide]                        PROVIDE (_etext = .)
                [!provide]                        PROVIDE (etext = .)

.rodata         0x0000000020013020      0xad0
 *(.rdata)
 *(.rodata .rodata.*)
 .rodata.main.str1.4
                0x0000000020013020       0x10 /var/folders/8z/dxbymyyx10g5glc0hbwc3s5c0000gn/T//ccGNmiwI.o
                                          0xe (size before relaxing)
 .rodata.__sf_fake_stderr
                0x0000000020013030       0x20 /Users/i/Documents/Risc-V/riscv64-unknown-elf-gcc-8.3.0-2019.08.0-x86_64-apple-darwin/bin/../lib/gcc/riscv64-unknown-elf/8.3.0/../../../../riscv64-unknown-elf/lib/rv32imac/ilp32/libc_nano.a(lib_a-findfp.o)
                0x0000000020013030                __sf_fake_stderr
 .rodata.__sf_fake_stdin
                0x0000000020013050       0x20 /Users/i/Documents/Risc-V/riscv64-unknown-elf-gcc-8.3.0-2019.08.0-x86_64-apple-darwin/bin/../lib/gcc/riscv64-unknown-elf/8.3.0/../../../../riscv64-unknown-elf/lib/rv32imac/ilp32/libc_nano.a(lib_a-findfp.o)
                0x0000000020013050                __sf_fake_stdin
 .rodata.__sf_fake_stdout
                0x0000000020013070       0x20 /Users/i/Documents/Risc-V/riscv64-unknown-elf-gcc-8.3.0-2019.08.0-x86_64-apple-darwin/bin/../lib/gcc/riscv64-unknown-elf/8.3.0/../../../../riscv64-unknown-elf/lib/rv32imac/ilp32/libc_nano.a(lib_a-findfp.o)
                0x0000000020013070                __sf_fake_stdout
 .rodata.libgloss.start
                0x0000000020013090       0x11 /Users/i/Documents/Risc-V/freedom-e-sdk/bsp/sifive-hifive1-revb/install/lib/release//libmetal-gloss.a(crt0.o)
 *fill*         0x00000000200130a1        0x3 
 .rodata.__metal_driver_vtable_riscv_clint0
                0x00000000200130a4       0x4c /Users/i/Documents/Risc-V/freedom-e-sdk/bsp/sifive-hifive1-revb/install/lib/release//libmetal.a(libriscv__mmachine__sifive-hifive1-revb_a-riscv_clint0.o)
                0x00000000200130a4                __metal_driver_vtable_riscv_clint0
 .rodata.__metal_driver_vtable_cpu
                0x00000000200130f0       0x40 /Users/i/Documents/Risc-V/freedom-e-sdk/bsp/sifive-hifive1-revb/install/lib/release//libmetal.a(libriscv__mmachine__sifive-hifive1-revb_a-riscv_cpu.o)
                0x00000000200130f0                __metal_driver_vtable_cpu
 .rodata.__metal_driver_vtable_riscv_cpu_intc
                0x0000000020013130       0x4c /Users/i/Documents/Risc-V/freedom-e-sdk/bsp/sifive-hifive1-revb/install/lib/release//libmetal.a(libriscv__mmachine__sifive-hifive1-revb_a-riscv_cpu.o)
                0x0000000020013130                __metal_driver_vtable_riscv_cpu_intc
 .rodata.__metal_driver_vtable_riscv_plic0
                0x000000002001317c       0x4c /Users/i/Documents/Risc-V/freedom-e-sdk/bsp/sifive-hifive1-revb/install/lib/release//libmetal.a(libriscv__mmachine__sifive-hifive1-revb_a-riscv_plic0.o)
                0x000000002001317c                __metal_driver_vtable_riscv_plic0
 .rodata.__metal_driver_vtable_sifive_fe310_g000_pll
                0x00000000200131c8        0xc /Users/i/Documents/Risc-V/freedom-e-sdk/bsp/sifive-hifive1-revb/install/lib/release//libmetal.a(libriscv__mmachine__sifive-hifive1-revb_a-sifive_fe310-g000_pll.o)
                0x00000000200131c8                __metal_driver_vtable_sifive_fe310_g000_pll
 .rodata.pll_configs
                0x00000000200131d4      0x880 /Users/i/Documents/Risc-V/freedom-e-sdk/bsp/sifive-hifive1-revb/install/lib/release//libmetal.a(libriscv__mmachine__sifive-hifive1-revb_a-sifive_fe310-g000_pll.o)
 .rodata.__metal_driver_sifive_gpio0_config_int
                0x0000000020013a54       0x20 /Users/i/Documents/Risc-V/freedom-e-sdk/bsp/sifive-hifive1-revb/install/lib/release//libmetal.a(libriscv__mmachine__sifive-hifive1-revb_a-sifive_gpio0.o)
 .rodata.__metal_driver_sifive_gpio0_clear_int
                0x0000000020013a74       0x1c /Users/i/Documents/Risc-V/freedom-e-sdk/bsp/sifive-hifive1-revb/install/lib/release//libmetal.a(libriscv__mmachine__sifive-hifive1-revb_a-sifive_gpio0.o)
 .rodata.__metal_driver_vtable_sifive_gpio0
                0x0000000020013a90       0x3c /Users/i/Documents/Risc-V/freedom-e-sdk/bsp/sifive-hifive1-revb/install/lib/release//libmetal.a(libriscv__mmachine__sifive-hifive1-revb_a-sifive_gpio0.o)
                0x0000000020013a90                __metal_driver_vtable_sifive_gpio0
 .rodata.__metal_driver_vtable_sifive_uart0
                0x0000000020013acc       0x20 /Users/i/Documents/Risc-V/freedom-e-sdk/bsp/sifive-hifive1-revb/install/lib/release//libmetal.a(libriscv__mmachine__sifive-hifive1-revb_a-sifive_uart0.o)
                0x0000000020013acc                __metal_driver_vtable_sifive_uart0
 *(.gnu.linkonce.r.*)
                0x0000000020013af0                . = ALIGN (0x8)
 *fill*         0x0000000020013aec        0x4 
 *(.srodata.cst16)
 *(.srodata.cst8)
 *(.srodata.cst4)
 *(.srodata.cst2)
 *(.srodata .srodata.*)

.rela.dyn       0x0000000020013af0        0x0
 .rela.text._sbrk_r
                0x0000000020013af0        0x0 /var/folders/8z/dxbymyyx10g5glc0hbwc3s5c0000gn/T//ccGNmiwI.o
 .rela.text._write_r
                0x0000000020013af0        0x0 /var/folders/8z/dxbymyyx10g5glc0hbwc3s5c0000gn/T//ccGNmiwI.o
 .rela.text._close_r
                0x0000000020013af0        0x0 /var/folders/8z/dxbymyyx10g5glc0hbwc3s5c0000gn/T//ccGNmiwI.o
 .rela.text._fstat_r
                0x0000000020013af0        0x0 /var/folders/8z/dxbymyyx10g5glc0hbwc3s5c0000gn/T//ccGNmiwI.o
 .rela.text._isatty_r
                0x0000000020013af0        0x0 /var/folders/8z/dxbymyyx10g5glc0hbwc3s5c0000gn/T//ccGNmiwI.o
 .rela.text._lseek_r
                0x0000000020013af0        0x0 /var/folders/8z/dxbymyyx10g5glc0hbwc3s5c0000gn/T//ccGNmiwI.o
 .rela.text._read_r
                0x0000000020013af0        0x0 /var/folders/8z/dxbymyyx10g5glc0hbwc3s5c0000gn/T//ccGNmiwI.o
 .rela.text.metal.init.enter
                0x0000000020013af0        0x0 /var/folders/8z/dxbymyyx10g5glc0hbwc3s5c0000gn/T//ccGNmiwI.o
 .rela.text.libgloss.start
                0x0000000020013af0        0x0 /var/folders/8z/dxbymyyx10g5glc0hbwc3s5c0000gn/T//ccGNmiwI.o
 .rela.text._sbrk
                0x0000000020013af0        0x0 /var/folders/8z/dxbymyyx10g5glc0hbwc3s5c0000gn/T//ccGNmiwI.o
 .rela.sdata.brk
                0x0000000020013af0        0x0 /var/folders/8z/dxbymyyx10g5glc0hbwc3s5c0000gn/T//ccGNmiwI.o
 .rela.text.__libc_fini_array
                0x0000000020013af0        0x0 /var/folders/8z/dxbymyyx10g5glc0hbwc3s5c0000gn/T//ccGNmiwI.o
 .rela.text.__libc_init_array
                0x0000000020013af0        0x0 /var/folders/8z/dxbymyyx10g5glc0hbwc3s5c0000gn/T//ccGNmiwI.o
 .rela.text.__register_exitproc
                0x0000000020013af0        0x0 /var/folders/8z/dxbymyyx10g5glc0hbwc3s5c0000gn/T//ccGNmiwI.o
 .rela.text     0x0000000020013af0        0x0 /var/folders/8z/dxbymyyx10g5glc0hbwc3s5c0000gn/T//ccGNmiwI.o
                0x0000000020013af0                . = ALIGN (0x8)

.preinit_array  0x0000000020013af0        0x0
                0x0000000020013af0                PROVIDE (__preinit_array_start = .)
 *(.preinit_array)
                0x0000000020013af0                PROVIDE (__preinit_array_end = .)

.init_array     0x0000000020013af0        0xc
                0x0000000020013af0                PROVIDE (__init_array_start = .)
 *(SORT_BY_INIT_PRIORITY(.init_array.*) SORT_BY_INIT_PRIORITY(.ctors.*))
 *(.init_array EXCLUDE_FILE(*crtend?.o *crtend.o *crtbegin?.o *crtbegin.o) .ctors)
 .init_array    0x0000000020013af0        0x4 /Users/i/Documents/Risc-V/freedom-e-sdk/bsp/sifive-hifive1-revb/install/lib/release//libmetal.a(libriscv__mmachine__sifive-hifive1-revb_a-tty.o)
 .init_array    0x0000000020013af4        0x8 /Users/i/Documents/Risc-V/freedom-e-sdk/bsp/sifive-hifive1-revb/install/lib/release//libmetal.a(libriscv__mmachine__sifive-hifive1-revb_a-sifive_fe310-g000_pll.o)
                0x0000000020013afc                PROVIDE (__init_array_end = .)

.fini_array     0x0000000020013afc        0x0
                0x0000000020013afc                PROVIDE (__fini_array_start = .)
 *(SORT_BY_INIT_PRIORITY(.fini_array.*) SORT_BY_INIT_PRIORITY(.dtors.*))
 *(.fini_array .dtors)
                0x0000000020013afc                PROVIDE (__fini_array_end = .)
                [!provide]                        PROVIDE (metal_destructors_start = .)
 *(SORT_BY_INIT_PRIORITY(.metal.fini_array.*))
 *(.metal.fini_array)
                [!provide]                        PROVIDE (metal_destructors_end = .)

.ctors
 *crtbegin.o(.ctors)
 *crtbegin?.o(.ctors)
 *(EXCLUDE_FILE(*crtend?.o *crtend.o) .ctors)
 *(SORT_BY_NAME(.ctors.*))
 *(.ctors)

.dtors
 *crtbegin.o(.dtors)
 *crtbegin?.o(.dtors)
 *(EXCLUDE_FILE(*crtend?.o *crtend.o) .dtors)
 *(SORT_BY_NAME(.dtors.*))
 *(.dtors)
 *(.gcc_except_table.*)
 *(.metal.dtors metal.dtors.*)

.itim           0x0000000008000000        0x0 load address 0x0000000020013b00
 *(.itim .itim.*)
                0x0000000020013b00                PROVIDE (metal_segment_itim_source_start = LOADADDR (.itim))
                0x0000000008000000                PROVIDE (metal_segment_itim_target_start = ADDR (.itim))
                0x0000000008000000                PROVIDE (metal_segment_itim_target_end = (ADDR (.itim) + SIZEOF (.itim)))

.data           0x0000000080000000      0xad8 load address 0x0000000020013b00
 *(.data .data.*)
 .data.impure_data
                0x0000000080000000       0x60 /Users/i/Documents/Risc-V/riscv64-unknown-elf-gcc-8.3.0-2019.08.0-x86_64-apple-darwin/bin/../lib/gcc/riscv64-unknown-elf/8.3.0/../../../../riscv64-unknown-elf/lib/rv32imac/ilp32/libc_nano.a(lib_a-impure.o)
 .data.__metal_dt_clock_0
                0x0000000080000060        0xc /Users/i/Documents/Risc-V/freedom-e-sdk/bsp/sifive-hifive1-revb/install/lib/release//libmetal.a(libriscv__mmachine__sifive-hifive1-revb_a-inline.o)
                0x0000000080000060                __metal_dt_clock_0
 .data.__metal_dt_clock_1
                0x000000008000006c        0xc /Users/i/Documents/Risc-V/freedom-e-sdk/bsp/sifive-hifive1-revb/install/lib/release//libmetal.a(libriscv__mmachine__sifive-hifive1-revb_a-inline.o)
                0x000000008000006c                __metal_dt_clock_1
 .data.__metal_dt_clock_2
                0x0000000080000078        0xc /Users/i/Documents/Risc-V/freedom-e-sdk/bsp/sifive-hifive1-revb/install/lib/release//libmetal.a(libriscv__mmachine__sifive-hifive1-revb_a-inline.o)
                0x0000000080000078                __metal_dt_clock_2
 .data.__metal_dt_clock_3
                0x0000000080000084        0xc /Users/i/Documents/Risc-V/freedom-e-sdk/bsp/sifive-hifive1-revb/install/lib/release//libmetal.a(libriscv__mmachine__sifive-hifive1-revb_a-inline.o)
                0x0000000080000084                __metal_dt_clock_3
 .data.__metal_dt_clock_4
                0x0000000080000090        0xc /Users/i/Documents/Risc-V/freedom-e-sdk/bsp/sifive-hifive1-revb/install/lib/release//libmetal.a(libriscv__mmachine__sifive-hifive1-revb_a-inline.o)
                0x0000000080000090                __metal_dt_clock_4
 .data.__metal_dt_clock_5
                0x000000008000009c        0xc /Users/i/Documents/Risc-V/freedom-e-sdk/bsp/sifive-hifive1-revb/install/lib/release//libmetal.a(libriscv__mmachine__sifive-hifive1-revb_a-inline.o)
                0x000000008000009c                __metal_dt_clock_5
 .data.__metal_dt_clock_6
                0x00000000800000a8        0xc /Users/i/Documents/Risc-V/freedom-e-sdk/bsp/sifive-hifive1-revb/install/lib/release//libmetal.a(libriscv__mmachine__sifive-hifive1-revb_a-inline.o)
                0x00000000800000a8                __metal_dt_clock_6
 *fill*         0x00000000800000b4        0x4 
 .data.__metal_dt_cpu_0_interrupt_controller
                0x00000000800000b8      0x3b8 /Users/i/Documents/Risc-V/freedom-e-sdk/bsp/sifive-hifive1-revb/install/lib/release//libmetal.a(libriscv__mmachine__sifive-hifive1-revb_a-inline.o)
                0x00000000800000b8                __metal_dt_cpu_0_interrupt_controller
 .data.__metal_dt_interrupt_controller_c000000
                0x0000000080000470      0x5d8 /Users/i/Documents/Risc-V/freedom-e-sdk/bsp/sifive-hifive1-revb/install/lib/release//libmetal.a(libriscv__mmachine__sifive-hifive1-revb_a-inline.o)
                0x0000000080000470                __metal_dt_interrupt_controller_c000000
 .data.__metal_dt_serial_10013000
                0x0000000080000a48       0x20 /Users/i/Documents/Risc-V/freedom-e-sdk/bsp/sifive-hifive1-revb/install/lib/release//libmetal.a(libriscv__mmachine__sifive-hifive1-revb_a-inline.o)
                0x0000000080000a48                __metal_dt_serial_10013000
 .data.__metal_dt_serial_10023000
                0x0000000080000a68       0x20 /Users/i/Documents/Risc-V/freedom-e-sdk/bsp/sifive-hifive1-revb/install/lib/release//libmetal.a(libriscv__mmachine__sifive-hifive1-revb_a-inline.o)
                0x0000000080000a68                __metal_dt_serial_10023000
 *(.gnu.linkonce.d.*)
                0x0000000080000a88                . = ALIGN (0x8)
                0x0000000080001288                PROVIDE (__global_pointer$ = (. + 0x800))
 *(.sdata .sdata.* .sdata2.*)
 .sdata._impure_ptr
                0x0000000080000a88        0x4 /Users/i/Documents/Risc-V/riscv64-unknown-elf-gcc-8.3.0-2019.08.0-x86_64-apple-darwin/bin/../lib/gcc/riscv64-unknown-elf/8.3.0/../../../../riscv64-unknown-elf/lib/rv32imac/ilp32/libc_nano.a(lib_a-impure.o)
                0x0000000080000a88                _impure_ptr
 .sdata2._global_impure_ptr
                0x0000000080000a8c        0x4 /Users/i/Documents/Risc-V/riscv64-unknown-elf-gcc-8.3.0-2019.08.0-x86_64-apple-darwin/bin/../lib/gcc/riscv64-unknown-elf/8.3.0/../../../../riscv64-unknown-elf/lib/rv32imac/ilp32/libc_nano.a(lib_a-impure.o)
                0x0000000080000a8c                _global_impure_ptr
 .sdata.brk     0x0000000080000a90        0x4 /Users/i/Documents/Risc-V/freedom-e-sdk/bsp/sifive-hifive1-revb/install/lib/release//libmetal-gloss.a(sys_sbrk.o)
 .sdata.__metal_dt_clint_2000000
                0x0000000080000a94        0x8 /Users/i/Documents/Risc-V/freedom-e-sdk/bsp/sifive-hifive1-revb/install/lib/release//libmetal.a(libriscv__mmachine__sifive-hifive1-revb_a-inline.o)
                0x0000000080000a94                __metal_dt_clint_2000000
 .sdata.__metal_dt_cpu_0
                0x0000000080000a9c        0x4 /Users/i/Documents/Risc-V/freedom-e-sdk/bsp/sifive-hifive1-revb/install/lib/release//libmetal.a(libriscv__mmachine__sifive-hifive1-revb_a-inline.o)
                0x0000000080000a9c                __metal_dt_cpu_0
 .sdata.__metal_dt_gpio_10012000
                0x0000000080000aa0        0x4 /Users/i/Documents/Risc-V/freedom-e-sdk/bsp/sifive-hifive1-revb/install/lib/release//libmetal.a(libriscv__mmachine__sifive-hifive1-revb_a-inline.o)
                0x0000000080000aa0                __metal_dt_gpio_10012000
 .sdata.__metal_dt_prci_10008000
                0x0000000080000aa4        0x4 /Users/i/Documents/Risc-V/freedom-e-sdk/bsp/sifive-hifive1-revb/install/lib/release//libmetal.a(libriscv__mmachine__sifive-hifive1-revb_a-inline.o)
                0x0000000080000aa4                __metal_dt_prci_10008000
 .sdata.__metal_cpu_table
                0x0000000080000aa8        0x4 /Users/i/Documents/Risc-V/freedom-e-sdk/bsp/sifive-hifive1-revb/install/lib/release//libmetal.a(libriscv__mmachine__sifive-hifive1-revb_a-riscv_cpu.o)
 .sdata2.CSWTCH.15
                0x0000000080000aac        0x3 /Users/i/Documents/Risc-V/freedom-e-sdk/bsp/sifive-hifive1-revb/install/lib/release//libmetal.a(libriscv__mmachine__sifive-hifive1-revb_a-riscv_cpu.o)
 *fill*         0x0000000080000aaf        0x1 
 .sdata2.__metal_driver_vtable_sifive_fe310_g000_hfrosc
                0x0000000080000ab0        0x8 /Users/i/Documents/Risc-V/freedom-e-sdk/bsp/sifive-hifive1-revb/install/lib/release//libmetal.a(libriscv__mmachine__sifive-hifive1-revb_a-sifive_fe310-g000_hfrosc.o)
                0x0000000080000ab0                __metal_driver_vtable_sifive_fe310_g000_hfrosc
 .sdata2.__metal_driver_vtable_sifive_fe310_g000_hfxosc
                0x0000000080000ab8        0x8 /Users/i/Documents/Risc-V/freedom-e-sdk/bsp/sifive-hifive1-revb/install/lib/release//libmetal.a(libriscv__mmachine__sifive-hifive1-revb_a-sifive_fe310-g000_hfxosc.o)
                0x0000000080000ab8                __metal_driver_vtable_sifive_fe310_g000_hfxosc
 .sdata2.__metal_driver_vtable_sifive_fe310_g000_prci
                0x0000000080000ac0        0x8 /Users/i/Documents/Risc-V/freedom-e-sdk/bsp/sifive-hifive1-revb/install/lib/release//libmetal.a(libriscv__mmachine__sifive-hifive1-revb_a-sifive_fe310-g000_prci.o)
                0x0000000080000ac0                __metal_driver_vtable_sifive_fe310_g000_prci
 .sdata.__metal_cpu_table
                0x0000000080000ac8        0x4 /Users/i/Documents/Risc-V/freedom-e-sdk/bsp/sifive-hifive1-revb/install/lib/release//libmetal.a(libriscv__mmachine__sifive-hifive1-revb_a-cpu.o)
 .sdata2.__metal_driver_vtable_fixed_clock
                0x0000000080000acc        0x8 /Users/i/Documents/Risc-V/freedom-e-sdk/bsp/sifive-hifive1-revb/install/lib/release//libmetal.a(libriscv__mmachine__sifive-hifive1-revb_a-fixed-clock.o)
                0x0000000080000acc                __metal_driver_vtable_fixed_clock
 *(.gnu.linkonce.s.*)
                0x0000000080000ad8                . = ALIGN (0x8)
 *fill*         0x0000000080000ad4        0x4 
 *(.srodata.cst16)
 *(.srodata.cst8)
 *(.srodata.cst4)
 *(.srodata.cst2)
 *(.srodata .srodata.*)
                0x0000000080000ad8                . = ALIGN (0x8)
 *(.rdata)
 *(.rodata .rodata.*)
 *(.gnu.linkonce.r.*)
                0x0000000020013b00                PROVIDE (metal_segment_data_source_start = LOADADDR (.data))
                0x0000000080000000                PROVIDE (metal_segment_data_target_start = ADDR (.data))
                0x0000000080000ad8                PROVIDE (metal_segment_data_target_end = (ADDR (.data) + SIZEOF (.data)))

.bss            0x0000000080000ad8       0x9c
 *(.sbss*)
 .sbss.__malloc_free_list
                0x0000000080000ad8        0x4 /Users/i/Documents/Risc-V/riscv64-unknown-elf-gcc-8.3.0-2019.08.0-x86_64-apple-darwin/bin/../lib/gcc/riscv64-unknown-elf/8.3.0/../../../../riscv64-unknown-elf/lib/rv32imac/ilp32/libc_nano.a(lib_a-nano-mallocr.o)
                0x0000000080000ad8                __malloc_free_list
 .sbss.__malloc_sbrk_start
                0x0000000080000adc        0x4 /Users/i/Documents/Risc-V/riscv64-unknown-elf-gcc-8.3.0-2019.08.0-x86_64-apple-darwin/bin/../lib/gcc/riscv64-unknown-elf/8.3.0/../../../../riscv64-unknown-elf/lib/rv32imac/ilp32/libc_nano.a(lib_a-nano-mallocr.o)
                0x0000000080000adc                __malloc_sbrk_start
 .sbss._global_atexit
                0x0000000080000ae0        0x4 /Users/i/Documents/Risc-V/riscv64-unknown-elf-gcc-8.3.0-2019.08.0-x86_64-apple-darwin/bin/../lib/gcc/riscv64-unknown-elf/8.3.0/../../../../riscv64-unknown-elf/lib/rv32imac/ilp32/libc_nano.a(lib_a-__call_atexit.o)
                0x0000000080000ae0                _global_atexit
 *(.gnu.linkonce.sb.*)
 *(.bss .bss.*)
 .bss._global_atexit0
                0x0000000080000ae4       0x8c /Users/i/Documents/Risc-V/riscv64-unknown-elf-gcc-8.3.0-2019.08.0-x86_64-apple-darwin/bin/../lib/gcc/riscv64-unknown-elf/8.3.0/../../../../riscv64-unknown-elf/lib/rv32imac/ilp32/libc_nano.a(lib_a-__atexit.o)
 *(.gnu.linkonce.b.*)
 *(COMMON)
 COMMON         0x0000000080000b70        0x4 /Users/i/Documents/Risc-V/riscv64-unknown-elf-gcc-8.3.0-2019.08.0-x86_64-apple-darwin/bin/../lib/gcc/riscv64-unknown-elf/8.3.0/../../../../riscv64-unknown-elf/lib/rv32imac/ilp32/libc_nano.a(lib_a-reent.o)
                0x0000000080000b70                errno
                0x0000000080000ad8                PROVIDE (metal_segment_bss_target_start = ADDR (.bss))
                0x0000000080000b74                PROVIDE (metal_segment_bss_target_end = (ADDR (.bss) + SIZEOF (.bss)))

.stack          0x0000000080000b74      0x400
                [!provide]                        PROVIDE (metal_segment_stack_begin = .)
                0x0000000080000f74                . = (. + __stack_size)
 *fill*         0x0000000080000b74      0x400 
                0x0000000080000f74                PROVIDE (_sp = .)
                [!provide]                        PROVIDE (metal_segment_stack_end = .)

.heap           0x0000000080000f74      0x400
                0x0000000080000f74                PROVIDE (metal_segment_heap_target_start = .)
                0x0000000000000400                . = __heap_size
 *fill*         0x0000000080000f74      0x400 
                0x0000000080001374                PROVIDE (metal_segment_heap_target_end = .)
                [!provide]                        PROVIDE (_heap_end = .)
OUTPUT(hello elf32-littleriscv)

.comment        0x0000000000000000       0x28
 .comment       0x0000000000000000       0x28 /var/folders/8z/dxbymyyx10g5glc0hbwc3s5c0000gn/T//ccGNmiwI.o
                                         0x29 (size before relaxing)
 .comment       0x0000000000000028       0x29 /Users/i/Documents/Risc-V/riscv64-unknown-elf-gcc-8.3.0-2019.08.0-x86_64-apple-darwin/bin/../lib/gcc/riscv64-unknown-elf/8.3.0/../../../../riscv64-unknown-elf/lib/rv32imac/ilp32/libc_nano.a(lib_a-puts.o)
 .comment       0x0000000000000028       0x29 /Users/i/Documents/Risc-V/riscv64-unknown-elf-gcc-8.3.0-2019.08.0-x86_64-apple-darwin/bin/../lib/gcc/riscv64-unknown-elf/8.3.0/../../../../riscv64-unknown-elf/lib/rv32imac/ilp32/libc_nano.a(lib_a-wbuf.o)
 .comment       0x0000000000000028       0x29 /Users/i/Documents/Risc-V/riscv64-unknown-elf-gcc-8.3.0-2019.08.0-x86_64-apple-darwin/bin/../lib/gcc/riscv64-unknown-elf/8.3.0/../../../../riscv64-unknown-elf/lib/rv32imac/ilp32/libc_nano.a(lib_a-wsetup.o)
 .comment       0x0000000000000028       0x29 /Users/i/Documents/Risc-V/riscv64-unknown-elf-gcc-8.3.0-2019.08.0-x86_64-apple-darwin/bin/../lib/gcc/riscv64-unknown-elf/8.3.0/../../../../riscv64-unknown-elf/lib/rv32imac/ilp32/libc_nano.a(lib_a-fflush.o)
 .comment       0x0000000000000028       0x29 /Users/i/Documents/Risc-V/riscv64-unknown-elf-gcc-8.3.0-2019.08.0-x86_64-apple-darwin/bin/../lib/gcc/riscv64-unknown-elf/8.3.0/../../../../riscv64-unknown-elf/lib/rv32imac/ilp32/libc_nano.a(lib_a-findfp.o)
 .comment       0x0000000000000028       0x29 /Users/i/Documents/Risc-V/riscv64-unknown-elf-gcc-8.3.0-2019.08.0-x86_64-apple-darwin/bin/../lib/gcc/riscv64-unknown-elf/8.3.0/../../../../riscv64-unknown-elf/lib/rv32imac/ilp32/libc_nano.a(lib_a-fwalk.o)
 .comment       0x0000000000000028       0x29 /Users/i/Documents/Risc-V/riscv64-unknown-elf-gcc-8.3.0-2019.08.0-x86_64-apple-darwin/bin/../lib/gcc/riscv64-unknown-elf/8.3.0/../../../../riscv64-unknown-elf/lib/rv32imac/ilp32/libc_nano.a(lib_a-impure.o)
 .comment       0x0000000000000028       0x29 /Users/i/Documents/Risc-V/riscv64-unknown-elf-gcc-8.3.0-2019.08.0-x86_64-apple-darwin/bin/../lib/gcc/riscv64-unknown-elf/8.3.0/../../../../riscv64-unknown-elf/lib/rv32imac/ilp32/libc_nano.a(lib_a-makebuf.o)
 .comment       0x0000000000000028       0x29 /Users/i/Documents/Risc-V/riscv64-unknown-elf-gcc-8.3.0-2019.08.0-x86_64-apple-darwin/bin/../lib/gcc/riscv64-unknown-elf/8.3.0/../../../../riscv64-unknown-elf/lib/rv32imac/ilp32/libc_nano.a(lib_a-nano-freer.o)
 .comment       0x0000000000000028       0x29 /Users/i/Documents/Risc-V/riscv64-unknown-elf-gcc-8.3.0-2019.08.0-x86_64-apple-darwin/bin/../lib/gcc/riscv64-unknown-elf/8.3.0/../../../../riscv64-unknown-elf/lib/rv32imac/ilp32/libc_nano.a(lib_a-nano-mallocr.o)
 .comment       0x0000000000000028       0x29 /Users/i/Documents/Risc-V/riscv64-unknown-elf-gcc-8.3.0-2019.08.0-x86_64-apple-darwin/bin/../lib/gcc/riscv64-unknown-elf/8.3.0/../../../../riscv64-unknown-elf/lib/rv32imac/ilp32/libc_nano.a(lib_a-sbrkr.o)
 .comment       0x0000000000000028       0x29 /Users/i/Documents/Risc-V/riscv64-unknown-elf-gcc-8.3.0-2019.08.0-x86_64-apple-darwin/bin/../lib/gcc/riscv64-unknown-elf/8.3.0/../../../../riscv64-unknown-elf/lib/rv32imac/ilp32/libc_nano.a(lib_a-stdio.o)
 .comment       0x0000000000000028       0x29 /Users/i/Documents/Risc-V/riscv64-unknown-elf-gcc-8.3.0-2019.08.0-x86_64-apple-darwin/bin/../lib/gcc/riscv64-unknown-elf/8.3.0/../../../../riscv64-unknown-elf/lib/rv32imac/ilp32/libc_nano.a(lib_a-writer.o)
 .comment       0x0000000000000028       0x29 /Users/i/Documents/Risc-V/riscv64-unknown-elf-gcc-8.3.0-2019.08.0-x86_64-apple-darwin/bin/../lib/gcc/riscv64-unknown-elf/8.3.0/../../../../riscv64-unknown-elf/lib/rv32imac/ilp32/libc_nano.a(lib_a-closer.o)
 .comment       0x0000000000000028       0x29 /Users/i/Documents/Risc-V/riscv64-unknown-elf-gcc-8.3.0-2019.08.0-x86_64-apple-darwin/bin/../lib/gcc/riscv64-unknown-elf/8.3.0/../../../../riscv64-unknown-elf/lib/rv32imac/ilp32/libc_nano.a(lib_a-fstatr.o)
 .comment       0x0000000000000028       0x29 /Users/i/Documents/Risc-V/riscv64-unknown-elf-gcc-8.3.0-2019.08.0-x86_64-apple-darwin/bin/../lib/gcc/riscv64-unknown-elf/8.3.0/../../../../riscv64-unknown-elf/lib/rv32imac/ilp32/libc_nano.a(lib_a-isattyr.o)
 .comment       0x0000000000000028       0x29 /Users/i/Documents/Risc-V/riscv64-unknown-elf-gcc-8.3.0-2019.08.0-x86_64-apple-darwin/bin/../lib/gcc/riscv64-unknown-elf/8.3.0/../../../../riscv64-unknown-elf/lib/rv32imac/ilp32/libc_nano.a(lib_a-lseekr.o)
 .comment       0x0000000000000028       0x29 /Users/i/Documents/Risc-V/riscv64-unknown-elf-gcc-8.3.0-2019.08.0-x86_64-apple-darwin/bin/../lib/gcc/riscv64-unknown-elf/8.3.0/../../../../riscv64-unknown-elf/lib/rv32imac/ilp32/libc_nano.a(lib_a-mlock.o)
 .comment       0x0000000000000028       0x29 /Users/i/Documents/Risc-V/riscv64-unknown-elf-gcc-8.3.0-2019.08.0-x86_64-apple-darwin/bin/../lib/gcc/riscv64-unknown-elf/8.3.0/../../../../riscv64-unknown-elf/lib/rv32imac/ilp32/libc_nano.a(lib_a-readr.o)
 .comment       0x0000000000000028       0x29 /Users/i/Documents/Risc-V/riscv64-unknown-elf-gcc-8.3.0-2019.08.0-x86_64-apple-darwin/bin/../lib/gcc/riscv64-unknown-elf/8.3.0/../../../../riscv64-unknown-elf/lib/rv32imac/ilp32/libc_nano.a(lib_a-reent.o)
 .comment       0x0000000000000028       0x29 /Users/i/Documents/Risc-V/freedom-e-sdk/bsp/sifive-hifive1-revb/install/lib/release//libmetal-gloss.a(sys_close.o)
 .comment       0x0000000000000028       0x29 /Users/i/Documents/Risc-V/freedom-e-sdk/bsp/sifive-hifive1-revb/install/lib/release//libmetal-gloss.a(sys_fstat.o)
 .comment       0x0000000000000028       0x29 /Users/i/Documents/Risc-V/freedom-e-sdk/bsp/sifive-hifive1-revb/install/lib/release//libmetal-gloss.a(sys_isatty.o)
 .comment       0x0000000000000028       0x29 /Users/i/Documents/Risc-V/freedom-e-sdk/bsp/sifive-hifive1-revb/install/lib/release//libmetal-gloss.a(sys_lseek.o)
 .comment       0x0000000000000028       0x29 /Users/i/Documents/Risc-V/freedom-e-sdk/bsp/sifive-hifive1-revb/install/lib/release//libmetal-gloss.a(sys_read.o)
 .comment       0x0000000000000028       0x29 /Users/i/Documents/Risc-V/freedom-e-sdk/bsp/sifive-hifive1-revb/install/lib/release//libmetal-gloss.a(sys_sbrk.o)
 .comment       0x0000000000000028       0x29 /Users/i/Documents/Risc-V/freedom-e-sdk/bsp/sifive-hifive1-revb/install/lib/release//libmetal-gloss.a(sys_write.o)
 .comment       0x0000000000000028       0x29 /Users/i/Documents/Risc-V/riscv64-unknown-elf-gcc-8.3.0-2019.08.0-x86_64-apple-darwin/bin/../lib/gcc/riscv64-unknown-elf/8.3.0/../../../../riscv64-unknown-elf/lib/rv32imac/ilp32/libc_nano.a(lib_a-atexit.o)
 .comment       0x0000000000000028       0x29 /Users/i/Documents/Risc-V/riscv64-unknown-elf-gcc-8.3.0-2019.08.0-x86_64-apple-darwin/bin/../lib/gcc/riscv64-unknown-elf/8.3.0/../../../../riscv64-unknown-elf/lib/rv32imac/ilp32/libc_nano.a(lib_a-errno.o)
 .comment       0x0000000000000028       0x29 /Users/i/Documents/Risc-V/riscv64-unknown-elf-gcc-8.3.0-2019.08.0-x86_64-apple-darwin/bin/../lib/gcc/riscv64-unknown-elf/8.3.0/../../../../riscv64-unknown-elf/lib/rv32imac/ilp32/libc_nano.a(lib_a-exit.o)
 .comment       0x0000000000000028       0x29 /Users/i/Documents/Risc-V/riscv64-unknown-elf-gcc-8.3.0-2019.08.0-x86_64-apple-darwin/bin/../lib/gcc/riscv64-unknown-elf/8.3.0/../../../../riscv64-unknown-elf/lib/rv32imac/ilp32/libc_nano.a(lib_a-fini.o)
 .comment       0x0000000000000028       0x29 /Users/i/Documents/Risc-V/riscv64-unknown-elf-gcc-8.3.0-2019.08.0-x86_64-apple-darwin/bin/../lib/gcc/riscv64-unknown-elf/8.3.0/../../../../riscv64-unknown-elf/lib/rv32imac/ilp32/libc_nano.a(lib_a-init.o)
 .comment       0x0000000000000028       0x29 /Users/i/Documents/Risc-V/riscv64-unknown-elf-gcc-8.3.0-2019.08.0-x86_64-apple-darwin/bin/../lib/gcc/riscv64-unknown-elf/8.3.0/../../../../riscv64-unknown-elf/lib/rv32imac/ilp32/libc_nano.a(lib_a-__atexit.o)
 .comment       0x0000000000000028       0x29 /Users/i/Documents/Risc-V/riscv64-unknown-elf-gcc-8.3.0-2019.08.0-x86_64-apple-darwin/bin/../lib/gcc/riscv64-unknown-elf/8.3.0/../../../../riscv64-unknown-elf/lib/rv32imac/ilp32/libc_nano.a(lib_a-__call_atexit.o)
 .comment       0x0000000000000028       0x29 /Users/i/Documents/Risc-V/freedom-e-sdk/bsp/sifive-hifive1-revb/install/lib/release//libmetal.a(libriscv__mmachine__sifive-hifive1-revb_a-synchronize_harts.o)
 .comment       0x0000000000000028       0x29 /Users/i/Documents/Risc-V/freedom-e-sdk/bsp/sifive-hifive1-revb/install/lib/release//libmetal.a(libriscv__mmachine__sifive-hifive1-revb_a-tty.o)
 .comment       0x0000000000000028       0x29 /Users/i/Documents/Risc-V/freedom-e-sdk/bsp/sifive-hifive1-revb/install/lib/release//libmetal.a(libriscv__mmachine__sifive-hifive1-revb_a-uart.o)
 .comment       0x0000000000000028       0x29 /Users/i/Documents/Risc-V/freedom-e-sdk/bsp/sifive-hifive1-revb/install/lib/release//libmetal.a(libriscv__mmachine__sifive-hifive1-revb_a-inline.o)
 .comment       0x0000000000000028       0x29 /Users/i/Documents/Risc-V/freedom-e-sdk/bsp/sifive-hifive1-revb/install/lib/release//libmetal.a(libriscv__mmachine__sifive-hifive1-revb_a-riscv_clint0.o)
 .comment       0x0000000000000028       0x29 /Users/i/Documents/Risc-V/freedom-e-sdk/bsp/sifive-hifive1-revb/install/lib/release//libmetal.a(libriscv__mmachine__sifive-hifive1-revb_a-riscv_cpu.o)
 .comment       0x0000000000000028       0x29 /Users/i/Documents/Risc-V/freedom-e-sdk/bsp/sifive-hifive1-revb/install/lib/release//libmetal.a(libriscv__mmachine__sifive-hifive1-revb_a-riscv_plic0.o)
 .comment       0x0000000000000028       0x29 /Users/i/Documents/Risc-V/freedom-e-sdk/bsp/sifive-hifive1-revb/install/lib/release//libmetal.a(libriscv__mmachine__sifive-hifive1-revb_a-sifive_fe310-g000_hfrosc.o)
 .comment       0x0000000000000028       0x29 /Users/i/Documents/Risc-V/freedom-e-sdk/bsp/sifive-hifive1-revb/install/lib/release//libmetal.a(libriscv__mmachine__sifive-hifive1-revb_a-sifive_fe310-g000_hfxosc.o)
 .comment       0x0000000000000028       0x29 /Users/i/Documents/Risc-V/freedom-e-sdk/bsp/sifive-hifive1-revb/install/lib/release//libmetal.a(libriscv__mmachine__sifive-hifive1-revb_a-sifive_fe310-g000_pll.o)
 .comment       0x0000000000000028       0x29 /Users/i/Documents/Risc-V/freedom-e-sdk/bsp/sifive-hifive1-revb/install/lib/release//libmetal.a(libriscv__mmachine__sifive-hifive1-revb_a-sifive_fe310-g000_prci.o)
 .comment       0x0000000000000028       0x29 /Users/i/Documents/Risc-V/freedom-e-sdk/bsp/sifive-hifive1-revb/install/lib/release//libmetal.a(libriscv__mmachine__sifive-hifive1-revb_a-sifive_gpio0.o)
 .comment       0x0000000000000028       0x29 /Users/i/Documents/Risc-V/freedom-e-sdk/bsp/sifive-hifive1-revb/install/lib/release//libmetal.a(libriscv__mmachine__sifive-hifive1-revb_a-sifive_uart0.o)
 .comment       0x0000000000000028       0x29 /Users/i/Documents/Risc-V/freedom-e-sdk/bsp/sifive-hifive1-revb/install/lib/release//libmetal.a(libriscv__mmachine__sifive-hifive1-revb_a-clock.o)
 .comment       0x0000000000000028       0x29 /Users/i/Documents/Risc-V/freedom-e-sdk/bsp/sifive-hifive1-revb/install/lib/release//libmetal.a(libriscv__mmachine__sifive-hifive1-revb_a-cpu.o)
 .comment       0x0000000000000028       0x29 /Users/i/Documents/Risc-V/freedom-e-sdk/bsp/sifive-hifive1-revb/install/lib/release//libmetal.a(libriscv__mmachine__sifive-hifive1-revb_a-shutdown.o)
 .comment       0x0000000000000028       0x29 /Users/i/Documents/Risc-V/freedom-e-sdk/bsp/sifive-hifive1-revb/install/lib/release//libmetal.a(libriscv__mmachine__sifive-hifive1-revb_a-fixed-clock.o)
 .comment       0x0000000000000028       0x29 /Users/i/Documents/Risc-V/freedom-e-sdk/bsp/sifive-hifive1-revb/install/lib/release//libmetal-gloss.a(sys_exit.o)

.riscv.attributes
                0x0000000000000000       0x2b
 .riscv.attributes
                0x0000000000000000       0x2b /var/folders/8z/dxbymyyx10g5glc0hbwc3s5c0000gn/T//ccGNmiwI.o
 .riscv.attributes
                0x000000000000002b       0x2b /Users/i/Documents/Risc-V/riscv64-unknown-elf-gcc-8.3.0-2019.08.0-x86_64-apple-darwin/bin/../lib/gcc/riscv64-unknown-elf/8.3.0/../../../../riscv64-unknown-elf/lib/rv32imac/ilp32/libc_nano.a(lib_a-puts.o)
 .riscv.attributes
                0x0000000000000056       0x2b /Users/i/Documents/Risc-V/riscv64-unknown-elf-gcc-8.3.0-2019.08.0-x86_64-apple-darwin/bin/../lib/gcc/riscv64-unknown-elf/8.3.0/../../../../riscv64-unknown-elf/lib/rv32imac/ilp32/libc_nano.a(lib_a-wbuf.o)
 .riscv.attributes
                0x0000000000000081       0x2b /Users/i/Documents/Risc-V/riscv64-unknown-elf-gcc-8.3.0-2019.08.0-x86_64-apple-darwin/bin/../lib/gcc/riscv64-unknown-elf/8.3.0/../../../../riscv64-unknown-elf/lib/rv32imac/ilp32/libc_nano.a(lib_a-wsetup.o)
 .riscv.attributes
                0x00000000000000ac       0x2b /Users/i/Documents/Risc-V/riscv64-unknown-elf-gcc-8.3.0-2019.08.0-x86_64-apple-darwin/bin/../lib/gcc/riscv64-unknown-elf/8.3.0/../../../../riscv64-unknown-elf/lib/rv32imac/ilp32/libc_nano.a(lib_a-fflush.o)
 .riscv.attributes
                0x00000000000000d7       0x2b /Users/i/Documents/Risc-V/riscv64-unknown-elf-gcc-8.3.0-2019.08.0-x86_64-apple-darwin/bin/../lib/gcc/riscv64-unknown-elf/8.3.0/../../../../riscv64-unknown-elf/lib/rv32imac/ilp32/libc_nano.a(lib_a-findfp.o)
 .riscv.attributes
                0x0000000000000102       0x2b /Users/i/Documents/Risc-V/riscv64-unknown-elf-gcc-8.3.0-2019.08.0-x86_64-apple-darwin/bin/../lib/gcc/riscv64-unknown-elf/8.3.0/../../../../riscv64-unknown-elf/lib/rv32imac/ilp32/libc_nano.a(lib_a-fwalk.o)
 .riscv.attributes
                0x000000000000012d       0x2b /Users/i/Documents/Risc-V/riscv64-unknown-elf-gcc-8.3.0-2019.08.0-x86_64-apple-darwin/bin/../lib/gcc/riscv64-unknown-elf/8.3.0/../../../../riscv64-unknown-elf/lib/rv32imac/ilp32/libc_nano.a(lib_a-impure.o)
 .riscv.attributes
                0x0000000000000158       0x2b /Users/i/Documents/Risc-V/riscv64-unknown-elf-gcc-8.3.0-2019.08.0-x86_64-apple-darwin/bin/../lib/gcc/riscv64-unknown-elf/8.3.0/../../../../riscv64-unknown-elf/lib/rv32imac/ilp32/libc_nano.a(lib_a-makebuf.o)
 .riscv.attributes