Archive member included to satisfy reference by file (symbol)

/Users/i/Documents/Risc-V/riscv64-unknown-elf-gcc-8.3.0-2019.08.0-x86_64-apple-darwin/bin/../lib/gcc/riscv64-unknown-elf/8.3.0/../../../../riscv64-unknown-elf/lib/rv32imac/ilp32/libc_nano.a(lib_a-putchar.o)
                              /var/folders/8z/dxbymyyx10g5glc0hbwc3s5c0000gn/T//ccuq5vGT.o (putchar)
/Users/i/Documents/Risc-V/riscv64-unknown-elf-gcc-8.3.0-2019.08.0-x86_64-apple-darwin/bin/../lib/gcc/riscv64-unknown-elf/8.3.0/../../../../riscv64-unknown-elf/lib/rv32imac/ilp32/libc_nano.a(lib_a-puts.o)
                              /var/folders/8z/dxbymyyx10g5glc0hbwc3s5c0000gn/T//ccuq5vGT.o (puts)
/Users/i/Documents/Risc-V/riscv64-unknown-elf-gcc-8.3.0-2019.08.0-x86_64-apple-darwin/bin/../lib/gcc/riscv64-unknown-elf/8.3.0/../../../../riscv64-unknown-elf/lib/rv32imac/ilp32/libc_nano.a(lib_a-wbuf.o)
                              /Users/i/Documents/Risc-V/riscv64-unknown-elf-gcc-8.3.0-2019.08.0-x86_64-apple-darwin/bin/../lib/gcc/riscv64-unknown-elf/8.3.0/../../../../riscv64-unknown-elf/lib/rv32imac/ilp32/libc_nano.a(lib_a-puts.o) (__swbuf_r)
/Users/i/Documents/Risc-V/riscv64-unknown-elf-gcc-8.3.0-2019.08.0-x86_64-apple-darwin/bin/../lib/gcc/riscv64-unknown-elf/8.3.0/../../../../riscv64-unknown-elf/lib/rv32imac/ilp32/libc_nano.a(lib_a-wsetup.o)
                              /Users/i/Documents/Risc-V/riscv64-unknown-elf-gcc-8.3.0-2019.08.0-x86_64-apple-darwin/bin/../lib/gcc/riscv64-unknown-elf/8.3.0/../../../../riscv64-unknown-elf/lib/rv32imac/ilp32/libc_nano.a(lib_a-puts.o) (__swsetup_r)
/Users/i/Documents/Risc-V/riscv64-unknown-elf-gcc-8.3.0-2019.08.0-x86_64-apple-darwin/bin/../lib/gcc/riscv64-unknown-elf/8.3.0/../../../../riscv64-unknown-elf/lib/rv32imac/ilp32/libc_nano.a(lib_a-fflush.o)
                              /Users/i/Documents/Risc-V/riscv64-unknown-elf-gcc-8.3.0-2019.08.0-x86_64-apple-darwin/bin/../lib/gcc/riscv64-unknown-elf/8.3.0/../../../../riscv64-unknown-elf/lib/rv32imac/ilp32/libc_nano.a(lib_a-wbuf.o) (_fflush_r)
/Users/i/Documents/Risc-V/riscv64-unknown-elf-gcc-8.3.0-2019.08.0-x86_64-apple-darwin/bin/../lib/gcc/riscv64-unknown-elf/8.3.0/../../../../riscv64-unknown-elf/lib/rv32imac/ilp32/libc_nano.a(lib_a-findfp.o)
                              /Users/i/Documents/Risc-V/riscv64-unknown-elf-gcc-8.3.0-2019.08.0-x86_64-apple-darwin/bin/../lib/gcc/riscv64-unknown-elf/8.3.0/../../../../riscv64-unknown-elf/lib/rv32imac/ilp32/libc_nano.a(lib_a-putchar.o) (__sinit)
/Users/i/Documents/Risc-V/riscv64-unknown-elf-gcc-8.3.0-2019.08.0-x86_64-apple-darwin/bin/../lib/gcc/riscv64-unknown-elf/8.3.0/../../../../riscv64-unknown-elf/lib/rv32imac/ilp32/libc_nano.a(lib_a-fwalk.o)
                              /Users/i/Documents/Risc-V/riscv64-unknown-elf-gcc-8.3.0-2019.08.0-x86_64-apple-darwin/bin/../lib/gcc/riscv64-unknown-elf/8.3.0/../../../../riscv64-unknown-elf/lib/rv32imac/ilp32/libc_nano.a(lib_a-findfp.o) (_fwalk)
/Users/i/Documents/Risc-V/riscv64-unknown-elf-gcc-8.3.0-2019.08.0-x86_64-apple-darwin/bin/../lib/gcc/riscv64-unknown-elf/8.3.0/../../../../riscv64-unknown-elf/lib/rv32imac/ilp32/libc_nano.a(lib_a-impure.o)
                              /Users/i/Documents/Risc-V/riscv64-unknown-elf-gcc-8.3.0-2019.08.0-x86_64-apple-darwin/bin/../lib/gcc/riscv64-unknown-elf/8.3.0/../../../../riscv64-unknown-elf/lib/rv32imac/ilp32/libc_nano.a(lib_a-fflush.o) (_global_impure_ptr)
/Users/i/Documents/Risc-V/riscv64-unknown-elf-gcc-8.3.0-2019.08.0-x86_64-apple-darwin/bin/../lib/gcc/riscv64-unknown-elf/8.3.0/../../../../riscv64-unknown-elf/lib/rv32imac/ilp32/libc_nano.a(lib_a-makebuf.o)
                              /Users/i/Documents/Risc-V/riscv64-unknown-elf-gcc-8.3.0-2019.08.0-x86_64-apple-darwin/bin/../lib/gcc/riscv64-unknown-elf/8.3.0/../../../../riscv64-unknown-elf/lib/rv32imac/ilp32/libc_nano.a(lib_a-wsetup.o) (__smakebuf_r)
/Users/i/Documents/Risc-V/riscv64-unknown-elf-gcc-8.3.0-2019.08.0-x86_64-apple-darwin/bin/../lib/gcc/riscv64-unknown-elf/8.3.0/../../../../riscv64-unknown-elf/lib/rv32imac/ilp32/libc_nano.a(lib_a-memset.o)
                              /Users/i/Documents/Risc-V/riscv64-unknown-elf-gcc-8.3.0-2019.08.0-x86_64-apple-darwin/bin/../lib/gcc/riscv64-unknown-elf/8.3.0/../../../../riscv64-unknown-elf/lib/rv32imac/ilp32/libc_nano.a(lib_a-findfp.o) (memset)
/Users/i/Documents/Risc-V/riscv64-unknown-elf-gcc-8.3.0-2019.08.0-x86_64-apple-darwin/bin/../lib/gcc/riscv64-unknown-elf/8.3.0/../../../../riscv64-unknown-elf/lib/rv32imac/ilp32/libc_nano.a(lib_a-nano-freer.o)
                              /Users/i/Documents/Risc-V/riscv64-unknown-elf-gcc-8.3.0-2019.08.0-x86_64-apple-darwin/bin/../lib/gcc/riscv64-unknown-elf/8.3.0/../../../../riscv64-unknown-elf/lib/rv32imac/ilp32/libc_nano.a(lib_a-wsetup.o) (_free_r)
/Users/i/Documents/Risc-V/riscv64-unknown-elf-gcc-8.3.0-2019.08.0-x86_64-apple-darwin/bin/../lib/gcc/riscv64-unknown-elf/8.3.0/../../../../riscv64-unknown-elf/lib/rv32imac/ilp32/libc_nano.a(lib_a-nano-mallocr.o)
[...]
Memory Configuration

Name             Origin             Length             Attributes
flash            0x0000000020400000 0x000000001fc00000 axrl !w
ram              0x0000000080000000 0x0000000000400000 axw !rl
*default*        0x0000000000000000 0xffffffffffffffff

Linker script and memory map

LOAD /var/folders/8z/dxbymyyx10g5glc0hbwc3s5c0000gn/T//ccuq5vGT.o
START GROUP
LOAD /Users/i/Documents/Risc-V/riscv64-unknown-elf-gcc-8.3.0-2019.08.0-x86_64-apple-darwin/bin/../lib/gcc/riscv64-unknown-elf/8.3.0/../../../../riscv64-unknown-elf/lib/rv32imac/ilp32/libc_nano.a
LOAD /Users/i/Documents/Risc-V/riscv64-unknown-elf-gcc-8.3.0-2019.08.0-x86_64-apple-darwin/bin/../lib/gcc/riscv64-unknown-elf/8.3.0/rv32imac/ilp32/libgcc.a
LOAD /Users/i/Documents/Risc-V/riscv64-unknown-elf-gcc-8.3.0-2019.08.0-x86_64-apple-darwin/bin/../lib/gcc/riscv64-unknown-elf/8.3.0/../../../../riscv64-unknown-elf/lib/rv32imac/ilp32/libm.a
LOAD /Users/i/Documents/Risc-V/freedom-e-sdk/bsp/qemu-sifive-e31/install/lib/debug//libmetal.a
LOAD /Users/i/Documents/Risc-V/freedom-e-sdk/bsp/qemu-sifive-e31/install/lib/debug//libmetal-gloss.a
END GROUP
                0x0000000000000400                __stack_size = DEFINED (__stack_size)?__stack_size:0x400
                [!provide]                        PROVIDE (__stack_size = __stack_size)
                0x0000000000000800                __heap_size = DEFINED (__heap_size)?__heap_size:0x800
                0x0000000000000000                PROVIDE (__metal_boot_hart = 0x0)
                0x0000000000000000                PROVIDE (__metal_chicken_bit = 0x0)

.init           0x0000000020400000      0x194
 *(.text.metal.init.enter)
 .text.metal.init.enter
                0x0000000020400000       0x60 /Users/i/Documents/Risc-V/freedom-e-sdk/bsp/qemu-sifive-e31/install/lib/debug//libmetal.a(libriscv__mmachine__qemu-sifive-e31_a-entry.o)
                0x0000000020400000                _enter
 *(.text.metal.init.*)
 *fill*         0x0000000020400060        0x0 
 .text.metal.init.trapvec
                0x0000000020400060        0xe /Users/i/Documents/Risc-V/freedom-e-sdk/bsp/qemu-sifive-e31/install/lib/debug//libmetal.a(libriscv__mmachine__qemu-sifive-e31_a-entry.o)
 .text.metal.init.__register_frame_info
                0x000000002040006e        0x2 /Users/i/Documents/Risc-V/freedom-e-sdk/bsp/qemu-sifive-e31/install/lib/debug//libmetal.a(libriscv__mmachine__qemu-sifive-e31_a-entry.o)
                0x000000002040006e                __register_frame_info
 *(SORT_NONE(.init))
 .init          0x0000000020400070        0xe /Users/i/Documents/Risc-V/freedom-e-sdk/bsp/qemu-sifive-e31/install/lib/debug//libmetal.a(libriscv__mmachine__qemu-sifive-e31_a-synchronize_harts.o)
                0x0000000020400070                __metal_synchronize_harts
 *(.text.libgloss.start)
 .text.libgloss.start
                0x000000002040007e      0x116 /Users/i/Documents/Risc-V/freedom-e-sdk/bsp/qemu-sifive-e31/install/lib/debug//libmetal-gloss.a(crt0.o)
                0x000000002040007e                _start
                0x0000000020400174                _init
                0x0000000020400174                _fini
                0x0000000020400176                secondary_main

.fini
 *(SORT_NONE(.fini))

.text           0x0000000020400200     0x5c38
 *(.text.unlikely .text.unlikely.*)
 *(.text.startup .text.startup.*)
 *(.text .text.*)
 .text.display_banner
                0x0000000020400200      0x134 /var/folders/8z/dxbymyyx10g5glc0hbwc3s5c0000gn/T//ccuq5vGT.o
                0x0000000020400200                display_banner
 .text.timer_isr
                0x0000000020400334       0x30 /var/folders/8z/dxbymyyx10g5glc0hbwc3s5c0000gn/T//ccuq5vGT.o
                0x0000000020400334                timer_isr
 .text.wait_for_timer
                0x0000000020400364       0x7e /var/folders/8z/dxbymyyx10g5glc0hbwc3s5c0000gn/T//ccuq5vGT.o
                0x0000000020400364                wait_for_timer
 .text.main     0x00000000204003e2      0x1aa /var/folders/8z/dxbymyyx10g5glc0hbwc3s5c0000gn/T//ccuq5vGT.o
                0x00000000204003e2                main
 .text.putchar  0x000000002040058c       0x2e /Users/i/Documents/Risc-V/riscv64-unknown-elf-gcc-8.3.0-2019.08.0-x86_64-apple-darwin/bin/../lib/gcc/riscv64-unknown-elf/8.3.0/../../../../riscv64-unknown-elf/lib/rv32imac/ilp32/libc_nano.a(lib_a-putchar.o)
                0x000000002040058c                putchar
 .text._puts_r  0x00000000204005ba       0xda /Users/i/Documents/Risc-V/riscv64-unknown-elf-gcc-8.3.0-2019.08.0-x86_64-apple-darwin/bin/../lib/gcc/riscv64-unknown-elf/8.3.0/../../../../riscv64-unknown-elf/lib/rv32imac/ilp32/libc_nano.a(lib_a-puts.o)
                0x00000000204005ba                _puts_r
 .text.puts     0x0000000020400694        0xe /Users/i/Documents/Risc-V/riscv64-unknown-elf-gcc-8.3.0-2019.08.0-x86_64-apple-darwin/bin/../lib/gcc/riscv64-unknown-elf/8.3.0/../../../../riscv64-unknown-elf/lib/rv32imac/ilp32/libc_nano.a(lib_a-puts.o)
                0x0000000020400694                puts
 .text.__swbuf_r
                0x00000000204006a2       0xc0 /Users/i/Documents/Risc-V/riscv64-unknown-elf-gcc-8.3.0-2019.08.0-x86_64-apple-darwin/bin/../lib/gcc/riscv64-unknown-elf/8.3.0/../../../../riscv64-unknown-elf/lib/rv32imac/ilp32/libc_nano.a(lib_a-wbuf.o)
                0x00000000204006a2                __swbuf_r
 .text.__swsetup_r
                0x0000000020400762      0x110 /Users/i/Documents/Risc-V/riscv64-unknown-elf-gcc-8.3.0-2019.08.0-x86_64-apple-darwin/bin/../lib/gcc/riscv64-unknown-elf/8.3.0/../../../../riscv64-unknown-elf/lib/rv32imac/ilp32/libc_nano.a(lib_a-wsetup.o)
                0x0000000020400762                __swsetup_r
 .text.__sflush_r
                0x0000000020400872      0x14a /Users/i/Documents/Risc-V/riscv64-unknown-elf-gcc-8.3.0-2019.08.0-x86_64-apple-darwin/bin/../lib/gcc/riscv64-unknown-elf/8.3.0/../../../../riscv64-unknown-elf/lib/rv32imac/ilp32/libc_nano.a(lib_a-fflush.o)
                0x0000000020400872                __sflush_r
 .text._fflush_r
                0x00000000204009bc       0x64 /Users/i/Documents/Risc-V/riscv64-unknown-elf-gcc-8.3.0-2019.08.0-x86_64-apple-darwin/bin/../lib/gcc/riscv64-unknown-elf/8.3.0/../../../../riscv64-unknown-elf/lib/rv32imac/ilp32/libc_nano.a(lib_a-fflush.o)
                0x00000000204009bc                _fflush_r
 .text.std      0x0000000020400a20       0x68 /Users/i/Documents/Risc-V/riscv64-unknown-elf-gcc-8.3.0-2019.08.0-x86_64-apple-darwin/bin/../lib/gcc/riscv64-unknown-elf/8.3.0/../../../../riscv64-unknown-elf/lib/rv32imac/ilp32/libc_nano.a(lib_a-findfp.o)
 .text._cleanup_r
                0x0000000020400a88        0xa /Users/i/Documents/Risc-V/riscv64-unknown-elf-gcc-8.3.0-2019.08.0-x86_64-apple-darwin/bin/../lib/gcc/riscv64-unknown-elf/8.3.0/../../../../riscv64-unknown-elf/lib/rv32imac/ilp32/libc_nano.a(lib_a-findfp.o)
                0x0000000020400a88                _cleanup_r
 .text.__sfmoreglue
                0x0000000020400a92       0x44 /Users/i/Documents/Risc-V/riscv64-unknown-elf-gcc-8.3.0-2019.08.0-x86_64-apple-darwin/bin/../lib/gcc/riscv64-unknown-elf/8.3.0/../../../../riscv64-unknown-elf/lib/rv32imac/ilp32/libc_nano.a(lib_a-findfp.o)
                0x0000000020400a92                __sfmoreglue
 .text.__sinit  0x0000000020400ad6       0x6a /Users/i/Documents/Risc-V/riscv64-unknown-elf-gcc-8.3.0-2019.08.0-x86_64-apple-darwin/bin/../lib/gcc/riscv64-unknown-elf/8.3.0/../../../../riscv64-unknown-elf/lib/rv32imac/ilp32/libc_nano.a(lib_a-findfp.o)
                0x0000000020400ad6                __sinit
 .text.__sfp    0x0000000020400b40       0x9e /Users/i/Documents/Risc-V/riscv64-unknown-elf-gcc-8.3.0-2019.08.0-x86_64-apple-darwin/bin/../lib/gcc/riscv64-unknown-elf/8.3.0/../../../../riscv64-unknown-elf/lib/rv32imac/ilp32/libc_nano.a(lib_a-findfp.o)
                0x0000000020400b40                __sfp
 .text._fwalk_reent
                0x0000000020400bde       0x6c /Users/i/Documents/Risc-V/riscv64-unknown-elf-gcc-8.3.0-2019.08.0-x86_64-apple-darwin/bin/../lib/gcc/riscv64-unknown-elf/8.3.0/../../../../riscv64-unknown-elf/lib/rv32imac/ilp32/libc_nano.a(lib_a-fwalk.o)
                0x0000000020400bde                _fwalk_reent
 .text.__swhatbuf_r
                0x0000000020400c4a       0x58 /Users/i/Documents/Risc-V/riscv64-unknown-elf-gcc-8.3.0-2019.08.0-x86_64-apple-darwin/bin/../lib/gcc/riscv64-unknown-elf/8.3.0/../../../../riscv64-unknown-elf/lib/rv32imac/ilp32/libc_nano.a(lib_a-makebuf.o)
                0x0000000020400c4a                __swhatbuf_r
 .text.__smakebuf_r
                0x0000000020400ca2       0x9c /Users/i/Documents/Risc-V/riscv64-unknown-elf-gcc-8.3.0-2019.08.0-x86_64-apple-darwin/bin/../lib/gcc/riscv64-unknown-elf/8.3.0/../../../../riscv64-unknown-elf/lib/rv32imac/ilp32/libc_nano.a(lib_a-makebuf.o)
                0x0000000020400ca2                __smakebuf_r
 .text          0x0000000020400d3e       0xa8 /Users/i/Documents/Risc-V/riscv64-unknown-elf-gcc-8.3.0-2019.08.0-x86_64-apple-darwin/bin/../lib/gcc/riscv64-unknown-elf/8.3.0/../../../../riscv64-unknown-elf/lib/rv32imac/ilp32/libc_nano.a(lib_a-memset.o)
                0x0000000020400d3e                memset
 .text._free_r  0x0000000020400de6       0xac /Users/i/Documents/Risc-V/riscv64-unknown-elf-gcc-8.3.0-2019.08.0-x86_64-apple-darwin/bin/../lib/gcc/riscv64-unknown-elf/8.3.0/../../../../riscv64-unknown-elf/lib/rv32imac/ilp32/libc_nano.a(lib_a-nano-freer.o)
                0x0000000020400de6                _free_r
 .text._malloc_r
                0x0000000020400e92       0xde /Users/i/Documents/Risc-V/riscv64-unknown-elf-gcc-8.3.0-2019.08.0-x86_64-apple-darwin/bin/../lib/gcc/riscv64-unknown-elf/8.3.0/../../../../riscv64-unknown-elf/lib/rv32imac/ilp32/libc_nano.a(lib_a-nano-mallocr.o)
                0x0000000020400e92                _malloc_r
 .text._putc_r  0x0000000020400f70       0x84 /Users/i/Documents/Risc-V/riscv64-unknown-elf-gcc-8.3.0-2019.08.0-x86_64-apple-darwin/bin/../lib/gcc/riscv64-unknown-elf/8.3.0/../../../../riscv64-unknown-elf/lib/rv32imac/ilp32/libc_nano.a(lib_a-putc.o)
                0x0000000020400f70                _putc_r
 .text._sbrk_r  0x0000000020400ff4       0x2a /Users/i/Documents/Risc-V/riscv64-unknown-elf-gcc-8.3.0-2019.08.0-x86_64-apple-darwin/bin/../lib/gcc/riscv64-unknown-elf/8.3.0/../../../../riscv64-unknown-elf/lib/rv32imac/ilp32/libc_nano.a(lib_a-sbrkr.o)
                0x0000000020400ff4                _sbrk_r
 .text.__sread  0x000000002040101e       0x30 /Users/i/Documents/Risc-V/riscv64-unknown-elf-gcc-8.3.0-2019.08.0-x86_64-apple-darwin/bin/../lib/gcc/riscv64-unknown-elf/8.3.0/../../../../riscv64-unknown-elf/lib/rv32imac/ilp32/libc_nano.a(lib_a-stdio.o)
                0x000000002040101e                __sread
 .text.__swrite
                0x000000002040104e       0x4e /Users/i/Documents/Risc-V/riscv64-unknown-elf-gcc-8.3.0-2019.08.0-x86_64-apple-darwin/bin/../lib/gcc/riscv64-unknown-elf/8.3.0/../../../../riscv64-unknown-elf/lib/rv32imac/ilp32/libc_nano.a(lib_a-stdio.o)
                0x000000002040104e                __swrite
 .text.__sseek  0x000000002040109c       0x36 /Users/i/Documents/Risc-V/riscv64-unknown-elf-gcc-8.3.0-2019.08.0-x86_64-apple-darwin/bin/../lib/gcc/riscv64-unknown-elf/8.3.0/../../../../riscv64-unknown-elf/lib/rv32imac/ilp32/libc_nano.a(lib_a-stdio.o)
                0x000000002040109c                __sseek
 .text.__sclose
                0x00000000204010d2        0x6 /Users/i/Documents/Risc-V/riscv64-unknown-elf-gcc-8.3.0-2019.08.0-x86_64-apple-darwin/bin/../lib/gcc/riscv64-unknown-elf/8.3.0/../../../../riscv64-unknown-elf/lib/rv32imac/ilp32/libc_nano.a(lib_a-stdio.o)
                0x00000000204010d2                __sclose
 .text._write_r
                0x00000000204010d8       0x2e /Users/i/Documents/Risc-V/riscv64-unknown-elf-gcc-8.3.0-2019.08.0-x86_64-apple-darwin/bin/../lib/gcc/riscv64-unknown-elf/8.3.0/../../../../riscv64-unknown-elf/lib/rv32imac/ilp32/libc_nano.a(lib_a-writer.o)
                0x00000000204010d8                _write_r
 .text._close_r
                0x0000000020401106       0x2a /Users/i/Documents/Risc-V/riscv64-unknown-elf-gcc-8.3.0-2019.08.0-x86_64-apple-darwin/bin/../lib/gcc/riscv64-unknown-elf/8.3.0/../../../../riscv64-unknown-elf/lib/rv32imac/ilp32/libc_nano.a(lib_a-closer.o)
                0x0000000020401106                _close_r
 .text._fstat_r
                0x0000000020401130       0x2c /Users/i/Documents/Risc-V/riscv64-unknown-elf-gcc-8.3.0-2019.08.0-x86_64-apple-darwin/bin/../lib/gcc/riscv64-unknown-elf/8.3.0/../../../../riscv64-unknown-elf/lib/rv32imac/ilp32/libc_nano.a(lib_a-fstatr.o)
                0x0000000020401130                _fstat_r
 .text._isatty_r
                0x000000002040115c       0x2a /Users/i/Documents/Risc-V/riscv64-unknown-elf-gcc-8.3.0-2019.08.0-x86_64-apple-darwin/bin/../lib/gcc/riscv64-unknown-elf/8.3.0/../../../../riscv64-unknown-elf/lib/rv32imac/ilp32/libc_nano.a(lib_a-isattyr.o)
                0x000000002040115c                _isatty_r
 .text._lseek_r
                0x0000000020401186       0x2e /Users/i/Documents/Risc-V/riscv64-unknown-elf-gcc-8.3.0-2019.08.0-x86_64-apple-darwin/bin/../lib/gcc/riscv64-unknown-elf/8.3.0/../../../../riscv64-unknown-elf/lib/rv32imac/ilp32/libc_nano.a(lib_a-lseekr.o)
                0x0000000020401186                _lseek_r
 .text.__malloc_lock
                0x00000000204011b4        0x2 /Users/i/Documents/Risc-V/riscv64-unknown-elf-gcc-8.3.0-2019.08.0-x86_64-apple-darwin/bin/../lib/gcc/riscv64-unknown-elf/8.3.0/../../../../riscv64-unknown-elf/lib/rv32imac/ilp32/libc_nano.a(lib_a-mlock.o)
                0x00000000204011b4                __malloc_lock
 .text.__malloc_unlock
                0x00000000204011b6        0x2 /Users/i/Documents/Risc-V/riscv64-unknown-elf-gcc-8.3.0-2019.08.0-x86_64-apple-darwin/bin/../lib/gcc/riscv64-unknown-elf/8.3.0/../../../../riscv64-unknown-elf/lib/rv32imac/ilp32/libc_nano.a(lib_a-mlock.o)
                0x00000000204011b6                __malloc_unlock
 .text._read_r  0x00000000204011b8       0x2e /Users/i/Documents/Risc-V/riscv64-unknown-elf-gcc-8.3.0-2019.08.0-x86_64-apple-darwin/bin/../lib/gcc/riscv64-unknown-elf/8.3.0/../../../../riscv64-unknown-elf/lib/rv32imac/ilp32/libc_nano.a(lib_a-readr.o)
                0x00000000204011b8                _read_r
 .text.metal_cpu_get_mtime
                0x00000000204011e6       0x2a /Users/i/Documents/Risc-V/freedom-e-sdk/bsp/qemu-sifive-e31/install/lib/debug//libmetal.a(libriscv__mmachine__qemu-sifive-e31_a-cpu.o)
                0x00000000204011e6                metal_cpu_get_mtime
 .text.metal_cpu_set_mtimecmp
                0x0000000020401210       0x36 /Users/i/Documents/Risc-V/freedom-e-sdk/bsp/qemu-sifive-e31/install/lib/debug//libmetal.a(libriscv__mmachine__qemu-sifive-e31_a-cpu.o)
                0x0000000020401210                metal_cpu_set_mtimecmp
 .text.metal_cpu_timer_interrupt_controller
                0x0000000020401246       0x26 /Users/i/Documents/Risc-V/freedom-e-sdk/bsp/qemu-sifive-e31/install/lib/debug//libmetal.a(libriscv__mmachine__qemu-sifive-e31_a-cpu.o)
                0x0000000020401246                metal_cpu_timer_interrupt_controller
 .text.metal_cpu_timer_get_interrupt_id
                0x000000002040126c       0x26 /Users/i/Documents/Risc-V/freedom-e-sdk/bsp/qemu-sifive-e31/install/lib/debug//libmetal.a(libriscv__mmachine__qemu-sifive-e31_a-cpu.o)
                0x000000002040126c                metal_cpu_timer_get_interrupt_id
 .text.metal_cpu_interrupt_controller
                0x0000000020401292       0x26 /Users/i/Documents/Risc-V/freedom-e-sdk/bsp/qemu-sifive-e31/install/lib/debug//libmetal.a(libriscv__mmachine__qemu-sifive-e31_a-cpu.o)
                0x0000000020401292                metal_cpu_interrupt_controller
 .text.metal_cpu_get
                0x00000000204012b8       0x2e /Users/i/Documents/Risc-V/freedom-e-sdk/bsp/qemu-sifive-e31/install/lib/debug//libmetal.a(libriscv__mmachine__qemu-sifive-e31_a-cpu.o)
                0x00000000204012b8                metal_cpu_get
 .text.metal_cpu_get_current_hartid
                0x00000000204012e6       0x1a /Users/i/Documents/Risc-V/freedom-e-sdk/bsp/qemu-sifive-e31/install/lib/debug//libmetal.a(libriscv__mmachine__qemu-sifive-e31_a-cpu.o)
                0x00000000204012e6                metal_cpu_get_current_hartid
 .text.metal_interrupt_init
                0x0000000020401300       0x24 /Users/i/Documents/Risc-V/freedom-e-sdk/bsp/qemu-sifive-e31/install/lib/debug//libmetal.a(libriscv__mmachine__qemu-sifive-e31_a-interrupt.o)
                0x0000000020401300                metal_interrupt_init
 .text.metal_interrupt_register_handler
                0x0000000020401324       0x3e /Users/i/Documents/Risc-V/freedom-e-sdk/bsp/qemu-sifive-e31/install/lib/debug//libmetal.a(libriscv__mmachine__qemu-sifive-e31_a-interrupt.o)
                0x0000000020401324                metal_interrupt_register_handler
 .text.metal_interrupt_enable
                0x0000000020401362       0x2e /Users/i/Documents/Risc-V/freedom-e-sdk/bsp/qemu-sifive-e31/install/lib/debug//libmetal.a(libriscv__mmachine__qemu-sifive-e31_a-interrupt.o)
                0x0000000020401362                metal_interrupt_enable
 .text.metal_interrupt_disable
                0x0000000020401390       0x2e /Users/i/Documents/Risc-V/freedom-e-sdk/bsp/qemu-sifive-e31/install/lib/debug//libmetal.a(libriscv__mmachine__qemu-sifive-e31_a-interrupt.o)
                0x0000000020401390                metal_interrupt_disable
 .text.metal_led_enable
                0x00000000204013be       0x24 /Users/i/Documents/Risc-V/freedom-e-sdk/bsp/qemu-sifive-e31/install/lib/debug//libmetal.a(libriscv__mmachine__qemu-sifive-e31_a-led.o)
                0x00000000204013be                metal_led_enable
 .text.metal_led_on
                0x00000000204013e2       0x24 /Users/i/Documents/Risc-V/freedom-e-sdk/bsp/qemu-sifive-e31/install/lib/debug//libmetal.a(libriscv__mmachine__qemu-sifive-e31_a-led.o)
                0x00000000204013e2                metal_led_on
 .text.metal_led_off
                0x0000000020401406       0x24 /Users/i/Documents/Risc-V/freedom-e-sdk/bsp/qemu-sifive-e31/install/lib/debug//libmetal.a(libriscv__mmachine__qemu-sifive-e31_a-led.o)
                0x0000000020401406                metal_led_off
 .text.metal_led_get_rgb
                0x000000002040142a       0x96 /Users/i/Documents/Risc-V/freedom-e-sdk/bsp/qemu-sifive-e31/install/lib/debug//libmetal.a(libriscv__mmachine__qemu-sifive-e31_a-led.o)
                0x000000002040142a                metal_led_get_rgb
 .text.__metal_driver_sifive_clint0_control_base
                0x00000000204014c0       0x2a /Users/i/Documents/Risc-V/freedom-e-sdk/bsp/qemu-sifive-e31/install/lib/debug//libmetal.a(libriscv__mmachine__qemu-sifive-e31_a-riscv_clint0.o)
 .text.__metal_driver_sifive_clint0_num_interrupts
                0x00000000204014ea       0x28 /Users/i/Documents/Risc-V/freedom-e-sdk/bsp/qemu-sifive-e31/install/lib/debug//libmetal.a(libriscv__mmachine__qemu-sifive-e31_a-riscv_clint0.o)
 .text.__metal_driver_sifive_clint0_interrupt_parents
                0x0000000020401512       0x3c /Users/i/Documents/Risc-V/freedom-e-sdk/bsp/qemu-sifive-e31/install/lib/debug//libmetal.a(libriscv__mmachine__qemu-sifive-e31_a-riscv_clint0.o)
 .text.__metal_driver_sifive_clint0_interrupt_lines
                0x000000002040154e       0x30 /Users/i/Documents/Risc-V/freedom-e-sdk/bsp/qemu-sifive-e31/install/lib/debug//libmetal.a(libriscv__mmachine__qemu-sifive-e31_a-riscv_clint0.o)
 .text.__metal_clint0_mtime_get
                0x000000002040157e       0x9a /Users/i/Documents/Risc-V/freedom-e-sdk/bsp/qemu-sifive-e31/install/lib/debug//libmetal.a(libriscv__mmachine__qemu-sifive-e31_a-riscv_clint0.o)
                0x000000002040157e                __metal_clint0_mtime_get
 .text.__metal_driver_riscv_clint0_mtimecmp_set
                0x0000000020401618       0x96 /Users/i/Documents/Risc-V/freedom-e-sdk/bsp/qemu-sifive-e31/install/lib/debug//libmetal.a(libriscv__mmachine__qemu-sifive-e31_a-riscv_clint0.o)
                0x0000000020401618                __metal_driver_riscv_clint0_mtimecmp_set
 .text._get_cpu_intc
                0x00000000204016ae       0x32 /Users/i/Documents/Risc-V/freedom-e-sdk/bsp/qemu-sifive-e31/install/lib/debug//libmetal.a(libriscv__mmachine__qemu-sifive-e31_a-riscv_clint0.o)
 .text.__metal_driver_riscv_clint0_init
                0x00000000204016e0       0x88 /Users/i/Documents/Risc-V/freedom-e-sdk/bsp/qemu-sifive-e31/install/lib/debug//libmetal.a(libriscv__mmachine__qemu-sifive-e31_a-riscv_clint0.o)
                0x00000000204016e0                __metal_driver_riscv_clint0_init
 .text.__metal_driver_riscv_clint0_register
                0x0000000020401768       0xda /Users/i/Documents/Risc-V/freedom-e-sdk/bsp/qemu-sifive-e31/install/lib/debug//libmetal.a(libriscv__mmachine__qemu-sifive-e31_a-riscv_clint0.o)
                0x0000000020401768                __metal_driver_riscv_clint0_register
 .text.__metal_driver_riscv_clint0_vector_register
                0x0000000020401842       0x28 /Users/i/Documents/Risc-V/freedom-e-sdk/bsp/qemu-sifive-e31/install/lib/debug//libmetal.a(libriscv__mmachine__qemu-sifive-e31_a-riscv_clint0.o)
                0x0000000020401842                __metal_driver_riscv_clint0_vector_register
 .text.__metal_driver_riscv_clint0_get_vector_mode
                0x000000002040186a       0x1c /Users/i/Documents/Risc-V/freedom-e-sdk/bsp/qemu-sifive-e31/install/lib/debug//libmetal.a(libriscv__mmachine__qemu-sifive-e31_a-riscv_clint0.o)
                0x000000002040186a                __metal_driver_riscv_clint0_get_vector_mode
 .text.__metal_driver_riscv_clint0_set_vector_mode
                0x0000000020401886       0x54 /Users/i/Documents/Risc-V/freedom-e-sdk/bsp/qemu-sifive-e31/install/lib/debug//libmetal.a(libriscv__mmachine__qemu-sifive-e31_a-riscv_clint0.o)
                0x0000000020401886                __metal_driver_riscv_clint0_set_vector_mode
 .text.__metal_driver_riscv_clint0_enable
                0x00000000204018da       0xb2 /Users/i/Documents/Risc-V/freedom-e-sdk/bsp/qemu-sifive-e31/install/lib/debug//libmetal.a(libriscv__mmachine__qemu-sifive-e31_a-riscv_clint0.o)
                0x00000000204018da                __metal_driver_riscv_clint0_enable
 .text.__metal_driver_riscv_clint0_disable
                0x000000002040198c       0xb6 /Users/i/Documents/Risc-V/freedom-e-sdk/bsp/qemu-sifive-e31/install/lib/debug//libmetal.a(libriscv__mmachine__qemu-sifive-e31_a-riscv_clint0.o)
                0x000000002040198c                __metal_driver_riscv_clint0_disable
 .text.__metal_driver_riscv_clint0_command_request
                0x0000000020401a42      0x136 /Users/i/Documents/Risc-V/freedom-e-sdk/bsp/qemu-sifive-e31/install/lib/debug//libmetal.a(libriscv__mmachine__qemu-sifive-e31_a-riscv_clint0.o)
                0x0000000020401a42                __metal_driver_riscv_clint0_command_request
 .text.__metal_driver_riscv_clint0_clear_interrupt
                0x0000000020401b78       0x34 /Users/i/Documents/Risc-V/freedom-e-sdk/bsp/qemu-sifive-e31/install/lib/debug//libmetal.a(libriscv__mmachine__qemu-sifive-e31_a-riscv_clint0.o)
                0x0000000020401b78                __metal_driver_riscv_clint0_clear_interrupt
 .text.__metal_driver_riscv_clint0_set_interrupt
                0x0000000020401bac       0x34 /Users/i/Documents/Risc-V/freedom-e-sdk/bsp/qemu-sifive-e31/install/lib/debug//libmetal.a(libriscv__mmachine__qemu-sifive-e31_a-riscv_clint0.o)
                0x0000000020401bac                __metal_driver_riscv_clint0_set_interrupt
 .text.__metal_driver_cpu_hartid
                0x0000000020401be0       0x24 /Users/i/Documents/Risc-V/freedom-e-sdk/bsp/qemu-sifive-e31/install/lib/debug//libmetal.a(libriscv__mmachine__qemu-sifive-e31_a-riscv_cpu.o)
 .text.__metal_driver_cpu_timebase
                0x0000000020401c04       0x2a /Users/i/Documents/Risc-V/freedom-e-sdk/bsp/qemu-sifive-e31/install/lib/debug//libmetal.a(libriscv__mmachine__qemu-sifive-e31_a-riscv_cpu.o)
 .text.__metal_driver_cpu_interrupt_controller
                0x0000000020401c2e       0x2a /Users/i/Documents/Risc-V/freedom-e-sdk/bsp/qemu-sifive-e31/install/lib/debug//libmetal.a(libriscv__mmachine__qemu-sifive-e31_a-riscv_cpu.o)
 .text.__metal_driver_cpu_get
                0x0000000020401c58       0x30 /Users/i/Documents/Risc-V/freedom-e-sdk/bsp/qemu-sifive-e31/install/lib/debug//libmetal.a(libriscv__mmachine__qemu-sifive-e31_a-riscv_cpu.o)
                0x0000000020401c58                __metal_driver_cpu_get
 .text.__metal_myhart_id
                0x0000000020401c88       0x1a /Users/i/Documents/Risc-V/freedom-e-sdk/bsp/qemu-sifive-e31/install/lib/debug//libmetal.a(libriscv__mmachine__qemu-sifive-e31_a-riscv_cpu.o)
                0x0000000020401c88                __metal_myhart_id
 .text.__metal_interrupt_global_enable
                0x0000000020401ca2       0x18 /Users/i/Documents/Risc-V/freedom-e-sdk/bsp/qemu-sifive-e31/install/lib/debug//libmetal.a(libriscv__mmachine__qemu-sifive-e31_a-riscv_cpu.o)
                0x0000000020401ca2                __metal_interrupt_global_enable
 .text.__metal_interrupt_global_disable
                0x0000000020401cba       0x18 /Users/i/Documents/Risc-V/freedom-e-sdk/bsp/qemu-sifive-e31/install/lib/debug//libmetal.a(libriscv__mmachine__qemu-sifive-e31_a-riscv_cpu.o)
                0x0000000020401cba                __metal_interrupt_global_disable
 .text.__metal_interrupt_software_enable
                0x0000000020401cd2       0x18 /Users/i/Documents/Risc-V/freedom-e-sdk/bsp/qemu-sifive-e31/install/lib/debug//libmetal.a(libriscv__mmachine__qemu-sifive-e31_a-riscv_cpu.o)
                0x0000000020401cd2                __metal_interrupt_software_enable
 .text.__metal_interrupt_software_disable
                0x0000000020401cea       0x18 /Users/i/Documents/Risc-V/freedom-e-sdk/bsp/qemu-sifive-e31/install/lib/debug//libmetal.a(libriscv__mmachine__qemu-sifive-e31_a-riscv_cpu.o)
                0x0000000020401cea                __metal_interrupt_software_disable
 .text.__metal_interrupt_timer_enable
                0x0000000020401d02       0x1a /Users/i/Documents/Risc-V/freedom-e-sdk/bsp/qemu-sifive-e31/install/lib/debug//libmetal.a(libriscv__mmachine__qemu-sifive-e31_a-riscv_cpu.o)
                0x0000000020401d02                __metal_interrupt_timer_enable
 .text.__metal_interrupt_timer_disable
                0x0000000020401d1c       0x1a /Users/i/Documents/Risc-V/freedom-e-sdk/bsp/qemu-sifive-e31/install/lib/debug//libmetal.a(libriscv__mmachine__qemu-sifive-e31_a-riscv_cpu.o)
                0x0000000020401d1c                __metal_interrupt_timer_disable
 .text.__metal_interrupt_external_enable
                0x0000000020401d36       0x1c /Users/i/Documents/Risc-V/freedom-e-sdk/bsp/qemu-sifive-e31/install/lib/debug//libmetal.a(libriscv__mmachine__qemu-sifive-e31_a-riscv_cpu.o)
                0x0000000020401d36                __metal_interrupt_external_enable
 .text.__metal_interrupt_external_disable
                0x0000000020401d52       0x1c /Users/i/Documents/Risc-V/freedom-e-sdk/bsp/qemu-sifive-e31/install/lib/debug//libmetal.a(libriscv__mmachine__qemu-sifive-e31_a-riscv_cpu.o)
                0x0000000020401d52                __metal_interrupt_external_disable
 .text.__metal_interrupt_local_enable
                0x0000000020401d6e       0x2c /Users/i/Documents/Risc-V/freedom-e-sdk/bsp/qemu-sifive-e31/install/lib/debug//libmetal.a(libriscv__mmachine__qemu-sifive-e31_a-riscv_cpu.o)
                0x0000000020401d6e                __metal_interrupt_local_enable
 .text.__metal_interrupt_local_disable
                0x0000000020401d9a       0x2c /Users/i/Documents/Risc-V/freedom-e-sdk/bsp/qemu-sifive-e31/install/lib/debug//libmetal.a(libriscv__mmachine__qemu-sifive-e31_a-riscv_cpu.o)
                0x0000000020401d9a                __metal_interrupt_local_disable
 .text.__metal_default_exception_handler
                0x0000000020401dc6       0x18 /Users/i/Documents/Risc-V/freedom-e-sdk/bsp/qemu-sifive-e31/install/lib/debug//libmetal.a(libriscv__mmachine__qemu-sifive-e31_a-riscv_cpu.o)
                0x0000000020401dc6                __metal_default_exception_handler
 .text.__metal_default_interrupt_handler
                0x0000000020401dde       0x18 /Users/i/Documents/Risc-V/freedom-e-sdk/bsp/qemu-sifive-e31/install/lib/debug//libmetal.a(libriscv__mmachine__qemu-sifive-e31_a-riscv_cpu.o)
                0x0000000020401dde                __metal_default_interrupt_handler
 .text.metal_interrupt_vector_handler
                0x0000000020401df6       0x2e /Users/i/Documents/Risc-V/freedom-e-sdk/bsp/qemu-sifive-e31/install/lib/debug//libmetal.a(libriscv__mmachine__qemu-sifive-e31_a-riscv_cpu.o)
                0x0000000020401df6                metal_interrupt_vector_handler
 .text.metal_software_interrupt_vector_handler
                0x0000000020401e24       0x92 /Users/i/Documents/Risc-V/freedom-e-sdk/bsp/qemu-sifive-e31/install/lib/debug//libmetal.a(libriscv__mmachine__qemu-sifive-e31_a-riscv_cpu.o)
                0x0000000020401e24                metal_software_interrupt_vector_handler
 .text.__metal_default_sw_handler
                0x0000000020401eb6       0x68 /Users/i/Documents/Risc-V/freedom-e-sdk/bsp/qemu-sifive-e31/install/lib/debug//libmetal.a(libriscv__mmachine__qemu-sifive-e31_a-riscv_cpu.o)
                0x0000000020401eb6                __metal_default_sw_handler
 .text.metal_timer_interrupt_vector_handler
                0x0000000020401f1e       0x92 /Users/i/Documents/Risc-V/freedom-e-sdk/bsp/qemu-sifive-e31/install/lib/debug//libmetal.a(libriscv__mmachine__qemu-sifive-e31_a-riscv_cpu.o)
                0x0000000020401f1e                metal_timer_interrupt_vector_handler
 .text.__metal_default_timer_handler
                0x0000000020401fb0       0x66 /Users/i/Documents/Risc-V/freedom-e-sdk/bsp/qemu-sifive-e31/install/lib/debug//libmetal.a(libriscv__mmachine__qemu-sifive-e31_a-riscv_cpu.o)
                0x0000000020401fb0                __metal_default_timer_handler
 *fill*         0x0000000020402016       0x6a 
 .text.__metal_exception_handler
                0x0000000020402080      0x17a /Users/i/Documents/Risc-V/freedom-e-sdk/bsp/qemu-sifive-e31/install/lib/debug//libmetal.a(libriscv__mmachine__qemu-sifive-e31_a-riscv_cpu.o)
                0x0000000020402080                __metal_exception_handler
 .text.metal_lc0_interrupt_vector_handler
                0x00000000204021fa       0x96 /Users/i/Documents/Risc-V/freedom-e-sdk/bsp/qemu-sifive-e31/install/lib/debug//libmetal.a(libriscv__mmachine__qemu-sifive-e31_a-riscv_cpu.o)
                0x00000000204021fa                metal_lc0_interrupt_vector_handler
 .text.metal_lc1_interrupt_vector_handler
                0x0000000020402290       0x96 /Users/i/Documents/Risc-V/freedom-e-sdk/bsp/qemu-sifive-e31/install/lib/debug//libmetal.a(libriscv__mmachine__qemu-sifive-e31_a-riscv_cpu.o)
                0x0000000020402290                metal_lc1_interrupt_vector_handler
 .text.metal_lc2_interrupt_vector_handler
                0x0000000020402326       0x96 /Users/i/Documents/Risc-V/freedom-e-sdk/bsp/qemu-sifive-e31/install/lib/debug//libmetal.a(libriscv__mmachine__qemu-sifive-e31_a-riscv_cpu.o)
                0x0000000020402326                metal_lc2_interrupt_vector_handler
 .text.metal_lc3_interrupt_vector_handler
                0x00000000204023bc       0x96 /Users/i/Documents/Risc-V/freedom-e-sdk/bsp/qemu-sifive-e31/install/lib/debug//libmetal.a(libriscv__mmachine__qemu-sifive-e31_a-riscv_cpu.o)
                0x00000000204023bc                metal_lc3_interrupt_vector_handler
 .text.metal_lc4_interrupt_vector_handler
                0x0000000020402452       0x96 /Users/i/Documents/Risc-V/freedom-e-sdk/bsp/qemu-sifive-e31/install/lib/debug//libmetal.a(libriscv__mmachine__qemu-sifive-e31_a-riscv_cpu.o)
                0x0000000020402452                metal_lc4_interrupt_vector_handler
 .text.metal_lc5_interrupt_vector_handler
                0x00000000204024e8       0x96 /Users/i/Documents/Risc-V/freedom-e-sdk/bsp/qemu-sifive-e31/install/lib/debug//libmetal.a(libriscv__mmachine__qemu-sifive-e31_a-riscv_cpu.o)
                0x00000000204024e8                metal_lc5_interrupt_vector_handler
 .text.metal_lc6_interrupt_vector_handler
                0x000000002040257e       0x96 /Users/i/Documents/Risc-V/freedom-e-sdk/bsp/qemu-sifive-e31/install/lib/debug//libmetal.a(libriscv__mmachine__qemu-sifive-e31_a-riscv_cpu.o)
                0x000000002040257e                metal_lc6_interrupt_vector_handler
 .text.metal_lc7_interrupt_vector_handler
                0x0000000020402614       0x96 /Users/i/Documents/Risc-V/freedom-e-sdk/bsp/qemu-sifive-e31/install/lib/debug//libmetal.a(libriscv__mmachine__qemu-sifive-e31_a-riscv_cpu.o)
                0x0000000020402614                metal_lc7_interrupt_vector_handler
 .text.metal_lc8_interrupt_vector_handler
                0x00000000204026aa       0x96 /Users/i/Documents/Risc-V/freedom-e-sdk/bsp/qemu-sifive-e31/install/lib/debug//libmetal.a(libriscv__mmachine__qemu-sifive-e31_a-riscv_cpu.o)
                0x00000000204026aa                metal_lc8_interrupt_vector_handler
 .text.metal_lc9_interrupt_vector_handler
                0x0000000020402740       0x96 /Users/i/Documents/Risc-V/freedom-e-sdk/bsp/qemu-sifive-e31/install/lib/debug//libmetal.a(libriscv__mmachine__qemu-sifive-e31_a-riscv_cpu.o)
                0x0000000020402740                metal_lc9_interrupt_vector_handler
 .text.metal_lc10_interrupt_vector_handler
                0x00000000204027d6       0x96 /Users/i/Documents/Risc-V/freedom-e-sdk/bsp/qemu-sifive-e31/install/lib/debug//libmetal.a(libriscv__mmachine__qemu-sifive-e31_a-riscv_cpu.o)
                0x00000000204027d6                metal_lc10_interrupt_vector_handler
 .text.metal_lc11_interrupt_vector_handler
                0x000000002040286c       0x96 /Users/i/Documents/Risc-V/freedom-e-sdk/bsp/qemu-sifive-e31/install/lib/debug//libmetal.a(libriscv__mmachine__qemu-sifive-e31_a-riscv_cpu.o)
                0x000000002040286c                metal_lc11_interrupt_vector_handler
 .text.metal_lc12_interrupt_vector_handler
                0x0000000020402902       0x96 /Users/i/Documents/Risc-V/freedom-e-sdk/bsp/qemu-sifive-e31/install/lib/debug//libmetal.a(libriscv__mmachine__qemu-sifive-e31_a-riscv_cpu.o)
                0x0000000020402902                metal_lc12_interrupt_vector_handler
 .text.metal_lc13_interrupt_vector_handler
                0x0000000020402998       0x96 /Users/i/Documents/Risc-V/freedom-e-sdk/bsp/qemu-sifive-e31/install/lib/debug//libmetal.a(libriscv__mmachine__qemu-sifive-e31_a-riscv_cpu.o)
                0x0000000020402998                metal_lc13_interrupt_vector_handler
 .text.metal_lc14_interrupt_vector_handler
                0x0000000020402a2e       0x96 /Users/i/Documents/Risc-V/freedom-e-sdk/bsp/qemu-sifive-e31/install/lib/debug//libmetal.a(libriscv__mmachine__qemu-sifive-e31_a-riscv_cpu.o)
                0x0000000020402a2e                metal_lc14_interrupt_vector_handler
 .text.metal_lc15_interrupt_vector_handler
                0x0000000020402ac4       0x96 /Users/i/Documents/Risc-V/freedom-e-sdk/bsp/qemu-sifive-e31/install/lib/debug//libmetal.a(libriscv__mmachine__qemu-sifive-e31_a-riscv_cpu.o)
                0x0000000020402ac4                metal_lc15_interrupt_vector_handler
 .text.__metal_controller_interrupt_vector_mode
                0x0000000020402b5a       0x50 /Users/i/Documents/Risc-V/freedom-e-sdk/bsp/qemu-sifive-e31/install/lib/debug//libmetal.a(libriscv__mmachine__qemu-sifive-e31_a-riscv_cpu.o)
                0x0000000020402b5a                __metal_controller_interrupt_vector_mode
 .text.__metal_controller_interrupt_vector
                0x0000000020402baa       0x98 /Users/i/Documents/Risc-V/freedom-e-sdk/bsp/qemu-sifive-e31/install/lib/debug//libmetal.a(libriscv__mmachine__qemu-sifive-e31_a-riscv_cpu.o)
                0x0000000020402baa                __metal_controller_interrupt_vector
 .text.__metal_valid_interrupt_id
                0x0000000020402c42       0x38 /Users/i/Documents/Risc-V/freedom-e-sdk/bsp/qemu-sifive-e31/install/lib/debug//libmetal.a(libriscv__mmachine__qemu-sifive-e31_a-riscv_cpu.o)
                0x0000000020402c42                __metal_valid_interrupt_id
 .text.__metal_local_interrupt_enable
                0x0000000020402c7a       0xbc /Users/i/Documents/Risc-V/freedom-e-sdk/bsp/qemu-sifive-e31/install/lib/debug//libmetal.a(libriscv__mmachine__qemu-sifive-e31_a-riscv_cpu.o)
                0x0000000020402c7a                __metal_local_interrupt_enable
 .text.__metal_exception_register
                0x0000000020402d36       0x4e /Users/i/Documents/Risc-V/freedom-e-sdk/bsp/qemu-sifive-e31/install/lib/debug//libmetal.a(libriscv__mmachine__qemu-sifive-e31_a-riscv_cpu.o)
                0x0000000020402d36                __metal_exception_register
 .text.__metal_driver_riscv_cpu_controller_interrupt_init
                0x0000000020402d84      0x13e /Users/i/Documents/Risc-V/freedom-e-sdk/bsp/qemu-sifive-e31/install/lib/debug//libmetal.a(libriscv__mmachine__qemu-sifive-e31_a-riscv_cpu.o)
                0x0000000020402d84                __metal_driver_riscv_cpu_controller_interrupt_init
 .text.__metal_driver_riscv_cpu_controller_interrupt_register
                0x0000000020402ec2      0x14e /Users/i/Documents/Risc-V/freedom-e-sdk/bsp/qemu-sifive-e31/install/lib/debug//libmetal.a(libriscv__mmachine__qemu-sifive-e31_a-riscv_cpu.o)
                0x0000000020402ec2                __metal_driver_riscv_cpu_controller_interrupt_register
 .text.__metal_driver_riscv_cpu_controller_interrupt_enable
                0x0000000020403010       0x2c /Users/i/Documents/Risc-V/freedom-e-sdk/bsp/qemu-sifive-e31/install/lib/debug//libmetal.a(libriscv__mmachine__qemu-sifive-e31_a-riscv_cpu.o)
                0x0000000020403010                __metal_driver_riscv_cpu_controller_interrupt_enable
 .text.__metal_driver_riscv_cpu_controller_interrupt_disable
                0x000000002040303c       0x2c /Users/i/Documents/Risc-V/freedom-e-sdk/bsp/qemu-sifive-e31/install/lib/debug//libmetal.a(libriscv__mmachine__qemu-sifive-e31_a-riscv_cpu.o)
                0x000000002040303c                __metal_driver_riscv_cpu_controller_interrupt_disable
 .text.__metal_driver_riscv_cpu_controller_get_vector_mode
                0x0000000020403068       0x1c /Users/i/Documents/Risc-V/freedom-e-sdk/bsp/qemu-sifive-e31/install/lib/debug//libmetal.a(libriscv__mmachine__qemu-sifive-e31_a-riscv_cpu.o)
                0x0000000020403068                __metal_driver_riscv_cpu_controller_get_vector_mode
 .text.__metal_driver_riscv_cpu_controller_set_vector_mode
                0x0000000020403084       0x5c /Users/i/Documents/Risc-V/freedom-e-sdk/bsp/qemu-sifive-e31/install/lib/debug//libmetal.a(libriscv__mmachine__qemu-sifive-e31_a-riscv_cpu.o)
                0x0000000020403084                __metal_driver_riscv_cpu_controller_set_vector_mode
 .text.__metal_driver_riscv_cpu_controller_command_request
                0x00000000204030e0       0x1c /Users/i/Documents/Risc-V/freedom-e-sdk/bsp/qemu-sifive-e31/install/lib/debug//libmetal.a(libriscv__mmachine__qemu-sifive-e31_a-riscv_cpu.o)
                0x00000000204030e0                __metal_driver_riscv_cpu_controller_command_request
 .text.__metal_driver_cpu_mcycle_get
                0x00000000204030fc       0x72 /Users/i/Documents/Risc-V/freedom-e-sdk/bsp/qemu-sifive-e31/install/lib/debug//libmetal.a(libriscv__mmachine__qemu-sifive-e31_a-riscv_cpu.o)
                0x00000000204030fc                __metal_driver_cpu_mcycle_get
 .text.__metal_driver_cpu_timebase_get
                0x000000002040316e       0x46 /Users/i/Documents/Risc-V/freedom-e-sdk/bsp/qemu-sifive-e31/install/lib/debug//libmetal.a(libriscv__mmachine__qemu-sifive-e31_a-riscv_cpu.o)
                0x000000002040316e                __metal_driver_cpu_timebase_get
 .text.__metal_driver_cpu_mtime_get
                0x00000000204031b4       0x66 /Users/i/Documents/Risc-V/freedom-e-sdk/bsp/qemu-sifive-e31/install/lib/debug//libmetal.a(libriscv__mmachine__qemu-sifive-e31_a-riscv_cpu.o)
                0x00000000204031b4                __metal_driver_cpu_mtime_get
 .text.__metal_driver_cpu_mtimecmp_set
                0x000000002040321a       0x76 /Users/i/Documents/Risc-V/freedom-e-sdk/bsp/qemu-sifive-e31/install/lib/debug//libmetal.a(libriscv__mmachine__qemu-sifive-e31_a-riscv_cpu.o)
                0x000000002040321a                __metal_driver_cpu_mtimecmp_set
 .text.__metal_driver_cpu_timer_controller_interrupt
                0x0000000020403290       0x1a /Users/i/Documents/Risc-V/freedom-e-sdk/bsp/qemu-sifive-e31/install/lib/debug//libmetal.a(libriscv__mmachine__qemu-sifive-e31_a-riscv_cpu.o)
                0x0000000020403290                __metal_driver_cpu_timer_controller_interrupt
 .text.__metal_driver_cpu_get_timer_interrupt_id
                0x00000000204032aa       0x14 /Users/i/Documents/Risc-V/freedom-e-sdk/bsp/qemu-sifive-e31/install/lib/debug//libmetal.a(libriscv__mmachine__qemu-sifive-e31_a-riscv_cpu.o)
                0x00000000204032aa                __metal_driver_cpu_get_timer_interrupt_id
 .text.__metal_driver_cpu_sw_controller_interrupt
                0x00000000204032be       0x1a /Users/i/Documents/Risc-V/freedom-e-sdk/bsp/qemu-sifive-e31/install/lib/debug//libmetal.a(libriscv__mmachine__qemu-sifive-e31_a-riscv_cpu.o)
                0x00000000204032be                __metal_driver_cpu_sw_controller_interrupt
 .text.__metal_driver_cpu_get_sw_interrupt_id
                0x00000000204032d8       0x14 /Users/i/Documents/Risc-V/freedom-e-sdk/bsp/qemu-sifive-e31/install/lib/debug//libmetal.a(libriscv__mmachine__qemu-sifive-e31_a-riscv_cpu.o)
                0x00000000204032d8                __metal_driver_cpu_get_sw_interrupt_id
 .text.__metal_driver_cpu_set_sw_ipi
                0x00000000204032ec       0x62 /Users/i/Documents/Risc-V/freedom-e-sdk/bsp/qemu-sifive-e31/install/lib/debug//libmetal.a(libriscv__mmachine__qemu-sifive-e31_a-riscv_cpu.o)
                0x00000000204032ec                __metal_driver_cpu_set_sw_ipi
 .text.__metal_driver_cpu_clear_sw_ipi
                0x000000002040334e       0x62 /Users/i/Documents/Risc-V/freedom-e-sdk/bsp/qemu-sifive-e31/install/lib/debug//libmetal.a(libriscv__mmachine__qemu-sifive-e31_a-riscv_cpu.o)
                0x000000002040334e                __metal_driver_cpu_clear_sw_ipi
 .text.__metal_driver_cpu_get_msip
                0x00000000204033b0       0x60 /Users/i/Documents/Risc-V/freedom-e-sdk/bsp/qemu-sifive-e31/install/lib/debug//libmetal.a(libriscv__mmachine__qemu-sifive-e31_a-riscv_cpu.o)
                0x00000000204033b0                __metal_driver_cpu_get_msip
 .text.__metal_driver_cpu_controller_interrupt
                0x0000000020403410       0x20 /Users/i/Documents/Risc-V/freedom-e-sdk/bsp/qemu-sifive-e31/install/lib/debug//libmetal.a(libriscv__mmachine__qemu-sifive-e31_a-riscv_cpu.o)
                0x0000000020403410                __metal_driver_cpu_controller_interrupt
 .text.__metal_driver_cpu_exception_register
                0x0000000020403430       0x46 /Users/i/Documents/Risc-V/freedom-e-sdk/bsp/qemu-sifive-e31/install/lib/debug//libmetal.a(libriscv__mmachine__qemu-sifive-e31_a-riscv_cpu.o)
                0x0000000020403430                __metal_driver_cpu_exception_register
 .text.__metal_driver_cpu_get_instruction_length
                0x0000000020403476       0x2e /Users/i/Documents/Risc-V/freedom-e-sdk/bsp/qemu-sifive-e31/install/lib/debug//libmetal.a(libriscv__mmachine__qemu-sifive-e31_a-riscv_cpu.o)
                0x0000000020403476                __metal_driver_cpu_get_instruction_length
 .text.__metal_driver_cpu_get_exception_pc
                0x00000000204034a4       0x1e /Users/i/Documents/Risc-V/freedom-e-sdk/bsp/qemu-sifive-e31/install/lib/debug//libmetal.a(libriscv__mmachine__qemu-sifive-e31_a-riscv_cpu.o)
                0x00000000204034a4                __metal_driver_cpu_get_exception_pc
 .text.__metal_driver_cpu_set_exception_pc
                0x00000000204034c2       0x20 /Users/i/Documents/Risc-V/freedom-e-sdk/bsp/qemu-sifive-e31/install/lib/debug//libmetal.a(libriscv__mmachine__qemu-sifive-e31_a-riscv_cpu.o)
                0x00000000204034c2                __metal_driver_cpu_set_exception_pc
 .text.__metal_driver_sifive_plic0_control_base
                0x00000000204034e2       0x2a /Users/i/Documents/Risc-V/freedom-e-sdk/bsp/qemu-sifive-e31/install/lib/debug//libmetal.a(libriscv__mmachine__qemu-sifive-e31_a-riscv_plic0.o)
 .text.__metal_driver_sifive_plic0_num_interrupts
                0x000000002040350c       0x28 /Users/i/Documents/Risc-V/freedom-e-sdk/bsp/qemu-sifive-e31/install/lib/debug//libmetal.a(libriscv__mmachine__qemu-sifive-e31_a-riscv_plic0.o)
 .text.__metal_driver_sifive_plic0_max_priority
                0x0000000020403534       0x28 /Users/i/Documents/Risc-V/freedom-e-sdk/bsp/qemu-sifive-e31/install/lib/debug//libmetal.a(libriscv__mmachine__qemu-sifive-e31_a-riscv_plic0.o)
 .text.__metal_driver_sifive_plic0_interrupt_parents
                0x000000002040355c       0x28 /Users/i/Documents/Risc-V/freedom-e-sdk/bsp/qemu-sifive-e31/install/lib/debug//libmetal.a(libriscv__mmachine__qemu-sifive-e31_a-riscv_plic0.o)
 .text.__metal_driver_sifive_plic0_interrupt_lines
                0x0000000020403584       0x22 /Users/i/Documents/Risc-V/freedom-e-sdk/bsp/qemu-sifive-e31/install/lib/debug//libmetal.a(libriscv__mmachine__qemu-sifive-e31_a-riscv_plic0.o)
 .text.__metal_plic0_claim_interrupt
                0x00000000204035a6       0x2e /Users/i/Documents/Risc-V/freedom-e-sdk/bsp/qemu-sifive-e31/install/lib/debug//libmetal.a(libriscv__mmachine__qemu-sifive-e31_a-riscv_plic0.o)
                0x00000000204035a6                __metal_plic0_claim_interrupt
 .text.__metal_plic0_complete_interrupt
                0x00000000204035d4       0x38 /Users/i/Documents/Risc-V/freedom-e-sdk/bsp/qemu-sifive-e31/install/lib/debug//libmetal.a(libriscv__mmachine__qemu-sifive-e31_a-riscv_plic0.o)
                0x00000000204035d4                __metal_plic0_complete_interrupt
 .text.__metal_plic0_set_threshold
                0x000000002040360c       0x38 /Users/i/Documents/Risc-V/freedom-e-sdk/bsp/qemu-sifive-e31/install/lib/debug//libmetal.a(libriscv__mmachine__qemu-sifive-e31_a-riscv_plic0.o)
                0x000000002040360c                __metal_plic0_set_threshold
 .text.__metal_plic0_get_threshold
                0x0000000020403644       0x2c /Users/i/Documents/Risc-V/freedom-e-sdk/bsp/qemu-sifive-e31/install/lib/debug//libmetal.a(libriscv__mmachine__qemu-sifive-e31_a-riscv_plic0.o)
                0x0000000020403644                __metal_plic0_get_threshold
 .text.__metal_plic0_set_priority
                0x0000000020403670       0x62 /Users/i/Documents/Risc-V/freedom-e-sdk/bsp/qemu-sifive-e31/install/lib/debug//libmetal.a(libriscv__mmachine__qemu-sifive-e31_a-riscv_plic0.o)
                0x0000000020403670                __metal_plic0_set_priority
 .text.__metal_plic0_get_priority
                0x00000000204036d2       0x34 /Users/i/Documents/Risc-V/freedom-e-sdk/bsp/qemu-sifive-e31/install/lib/debug//libmetal.a(libriscv__mmachine__qemu-sifive-e31_a-riscv_plic0.o)
                0x00000000204036d2                __metal_plic0_get_priority
 .text.__metal_plic0_enable
                0x0000000020403706       0x8c /Users/i/Documents/Risc-V/freedom-e-sdk/bsp/qemu-sifive-e31/install/lib/debug//libmetal.a(libriscv__mmachine__qemu-sifive-e31_a-riscv_plic0.o)
                0x0000000020403706                __metal_plic0_enable
 .text.__metal_plic0_default_handler
                0x0000000020403792       0x18 /Users/i/Documents/Risc-V/freedom-e-sdk/bsp/qemu-sifive-e31/install/lib/debug//libmetal.a(libriscv__mmachine__qemu-sifive-e31_a-riscv_plic0.o)
                0x0000000020403792                __metal_plic0_default_handler
 .text.__metal_plic0_handler
                0x00000000204037aa       0x8e /Users/i/Documents/Risc-V/freedom-e-sdk/bsp/qemu-sifive-e31/install/lib/debug//libmetal.a(libriscv__mmachine__qemu-sifive-e31_a-riscv_plic0.o)
                0x00000000204037aa                __metal_plic0_handler
 .text.__metal_driver_riscv_plic0_init
                0x0000000020403838      0x144 /Users/i/Documents/Risc-V/freedom-e-sdk/bsp/qemu-sifive-e31/install/lib/debug//libmetal.a(libriscv__mmachine__qemu-sifive-e31_a-riscv_plic0.o)
                0x0000000020403838                __metal_driver_riscv_plic0_init
 .text.__metal_driver_riscv_plic0_register
                0x000000002040397c       0xc2 /Users/i/Documents/Risc-V/freedom-e-sdk/bsp/qemu-sifive-e31/install/lib/debug//libmetal.a(libriscv__mmachine__qemu-sifive-e31_a-riscv_plic0.o)
                0x000000002040397c                __metal_driver_riscv_plic0_register
 .text.__metal_driver_riscv_plic0_enable
                0x0000000020403a3e       0x48 /Users/i/Documents/Risc-V/freedom-e-sdk/bsp/qemu-sifive-e31/install/lib/debug//libmetal.a(libriscv__mmachine__qemu-sifive-e31_a-riscv_plic0.o)
                0x0000000020403a3e                __metal_driver_riscv_plic0_enable
 .text.__metal_driver_riscv_plic0_disable
                0x0000000020403a86       0x48 /Users/i/Documents/Risc-V/freedom-e-sdk/bsp/qemu-sifive-e31/install/lib/debug//libmetal.a(libriscv__mmachine__qemu-sifive-e31_a-riscv_plic0.o)
                0x0000000020403a86                __metal_driver_riscv_plic0_disable
 .text.__metal_driver_sifive_fe310_g000_hfrosc_ref
                0x0000000020403ace       0x1a /Users/i/Documents/Risc-V/freedom-e-sdk/bsp/qemu-sifive-e31/install/lib/debug//libmetal.a(libriscv__mmachine__qemu-sifive-e31_a-sifive_fe310-g000_hfrosc.o)
 .text.__metal_driver_sifive_fe310_g000_hfrosc_config_base
                0x0000000020403ae8       0x16 /Users/i/Documents/Risc-V/freedom-e-sdk/bsp/qemu-sifive-e31/install/lib/debug//libmetal.a(libriscv__mmachine__qemu-sifive-e31_a-sifive_fe310-g000_hfrosc.o)
 .text.__metal_driver_sifive_fe310_g000_hfrosc_config_offset
                0x0000000020403afe       0x14 /Users/i/Documents/Risc-V/freedom-e-sdk/bsp/qemu-sifive-e31/install/lib/debug//libmetal.a(libriscv__mmachine__qemu-sifive-e31_a-sifive_fe310-g000_hfrosc.o)
 .text.__metal_driver_sifive_fe310_g000_prci_vtable
                0x0000000020403b12       0x12 /Users/i/Documents/Risc-V/freedom-e-sdk/bsp/qemu-sifive-e31/install/lib/debug//libmetal.a(libriscv__mmachine__qemu-sifive-e31_a-sifive_fe310-g000_hfrosc.o)
 .text.__metal_driver_sifive_fe310_g000_hfrosc_get_rate_hz
                0x0000000020403b24       0x84 /Users/i/Documents/Risc-V/freedom-e-sdk/bsp/qemu-sifive-e31/install/lib/debug//libmetal.a(libriscv__mmachine__qemu-sifive-e31_a-sifive_fe310-g000_hfrosc.o)
                0x0000000020403b24                __metal_driver_sifive_fe310_g000_hfrosc_get_rate_hz
 .text.__metal_driver_sifive_fe310_g000_hfrosc_set_rate_hz
                0x0000000020403ba8       0x22 /Users/i/Documents/Risc-V/freedom-e-sdk/bsp/qemu-sifive-e31/install/lib/debug//libmetal.a(libriscv__mmachine__qemu-sifive-e31_a-sifive_fe310-g000_hfrosc.o)
                0x0000000020403ba8                __metal_driver_sifive_fe310_g000_hfrosc_set_rate_hz
 .text.__metal_driver_sifive_fe310_g000_hfxosc_ref
                0x0000000020403bca       0x1a /Users/i/Documents/Risc-V/freedom-e-sdk/bsp/qemu-sifive-e31/install/lib/debug//libmetal.a(libriscv__mmachine__qemu-sifive-e31_a-sifive_fe310-g000_hfxosc.o)
 .text.__metal_driver_sifive_fe310_g000_hfxosc_config_base
                0x0000000020403be4       0x16 /Users/i/Documents/Risc-V/freedom-e-sdk/bsp/qemu-sifive-e31/install/lib/debug//libmetal.a(libriscv__mmachine__qemu-sifive-e31_a-sifive_fe310-g000_hfxosc.o)
 .text.__metal_driver_sifive_fe310_g000_hfxosc_config_offset
                0x0000000020403bfa       0x14 /Users/i/Documents/Risc-V/freedom-e-sdk/bsp/qemu-sifive-e31/install/lib/debug//libmetal.a(libriscv__mmachine__qemu-sifive-e31_a-sifive_fe310-g000_hfxosc.o)
 .text.__metal_driver_sifive_fe310_g000_prci_vtable
                0x0000000020403c0e       0x12 /Users/i/Documents/Risc-V/freedom-e-sdk/bsp/qemu-sifive-e31/install/lib/debug//libmetal.a(libriscv__mmachine__qemu-sifive-e31_a-sifive_fe310-g000_hfxosc.o)
 .text.__metal_driver_sifive_fe310_g000_hfxosc_get_rate_hz
                0x0000000020403c20       0x74 /Users/i/Documents/Risc-V/freedom-e-sdk/bsp/qemu-sifive-e31/install/lib/debug//libmetal.a(libriscv__mmachine__qemu-sifive-e31_a-sifive_fe310-g000_hfxosc.o)
                0x0000000020403c20                __metal_driver_sifive_fe310_g000_hfxosc_get_rate_hz
 .text.__metal_driver_sifive_fe310_g000_hfxosc_set_rate_hz
                0x0000000020403c94       0x22 /Users/i/Documents/Risc-V/freedom-e-sdk/bsp/qemu-sifive-e31/install/lib/debug//libmetal.a(libriscv__mmachine__qemu-sifive-e31_a-sifive_fe310-g000_hfxosc.o)
                0x0000000020403c94                __metal_driver_sifive_fe310_g000_hfxosc_set_rate_hz
 .text.__metal_driver_sifive_fe310_g000_pll_pllsel0
                0x0000000020403cb6       0x1a /Users/i/Documents/Risc-V/freedom-e-sdk/bsp/qemu-sifive-e31/install/lib/debug//libmetal.a(libriscv__mmachine__qemu-sifive-e31_a-sifive_fe310-g000_pll.o)
 .text.__metal_driver_sifive_fe310_g000_pll_pllref
                0x0000000020403cd0       0x1a /Users/i/Documents/Risc-V/freedom-e-sdk/bsp/qemu-sifive-e31/install/lib/debug//libmetal.a(libriscv__mmachine__qemu-sifive-e31_a-sifive_fe310-g000_pll.o)
 .text.__metal_driver_sifive_fe310_g000_pll_divider_base
                0x0000000020403cea       0x16 /Users/i/Documents/Risc-V/freedom-e-sdk/bsp/qemu-sifive-e31/install/lib/debug//libmetal.a(libriscv__mmachine__qemu-sifive-e31_a-sifive_fe310-g000_pll.o)
 .text.__metal_driver_sifive_fe310_g000_pll_divider_offset
                0x0000000020403d00       0x14 /Users/i/Documents/Risc-V/freedom-e-sdk/bsp/qemu-sifive-e31/install/lib/debug//libmetal.a(libriscv__mmachine__qemu-sifive-e31_a-sifive_fe310-g000_pll.o)
 .text.__metal_driver_sifive_fe310_g000_pll_config_base
                0x0000000020403d14       0x12 /Users/i/Documents/Risc-V/freedom-e-sdk/bsp/qemu-sifive-e31/install/lib/debug//libmetal.a(libriscv__mmachine__qemu-sifive-e31_a-sifive_fe310-g000_pll.o)
 .text.__metal_driver_sifive_fe310_g000_pll_config_offset
                0x0000000020403d26       0x10 /Users/i/Documents/Risc-V/freedom-e-sdk/bsp/qemu-sifive-e31/install/lib/debug//libmetal.a(libriscv__mmachine__qemu-sifive-e31_a-sifive_fe310-g000_pll.o)
 .text.__metal_driver_sifive_fe310_g000_pll_init_rate
                0x0000000020403d36       0x16 /Users/i/Documents/Risc-V/freedom-e-sdk/bsp/qemu-sifive-e31/install/lib/debug//libmetal.a(libriscv__mmachine__qemu-sifive-e31_a-sifive_fe310-g000_pll.o)
 .text.__metal_driver_sifive_fe310_g000_prci_base
                0x0000000020403d4c       0x12 /Users/i/Documents/Risc-V/freedom-e-sdk/bsp/qemu-sifive-e31/install/lib/debug//libmetal.a(libriscv__mmachine__qemu-sifive-e31_a-sifive_fe310-g000_pll.o)
 .text.__metal_driver_sifive_fe310_g000_prci_vtable
                0x0000000020403d5e       0x12 /Users/i/Documents/Risc-V/freedom-e-sdk/bsp/qemu-sifive-e31/install/lib/debug//libmetal.a(libriscv__mmachine__qemu-sifive-e31_a-sifive_fe310-g000_pll.o)
 .text.get_pll_config_freq
                0x0000000020403d70       0x4e /Users/i/Documents/Risc-V/freedom-e-sdk/bsp/qemu-sifive-e31/install/lib/debug//libmetal.a(libriscv__mmachine__qemu-sifive-e31_a-sifive_fe310-g000_pll.o)
 .text.metal_sifive_fe310_g000_pll_init
                0x0000000020403dbe       0x28 /Users/i/Documents/Risc-V/freedom-e-sdk/bsp/qemu-sifive-e31/install/lib/debug//libmetal.a(libriscv__mmachine__qemu-sifive-e31_a-sifive_fe310-g000_pll.o)
 .text.__metal_driver_sifive_fe310_g000_pll_init
                0x0000000020403de6       0xa4 /Users/i/Documents/Risc-V/freedom-e-sdk/bsp/qemu-sifive-e31/install/lib/debug//libmetal.a(libriscv__mmachine__qemu-sifive-e31_a-sifive_fe310-g000_pll.o)
                0x0000000020403de6                __metal_driver_sifive_fe310_g000_pll_init
 .text.__metal_driver_sifive_fe310_g000_pll_get_rate_hz
                0x0000000020403e8a      0x170 /Users/i/Documents/Risc-V/freedom-e-sdk/bsp/qemu-sifive-e31/install/lib/debug//libmetal.a(libriscv__mmachine__qemu-sifive-e31_a-sifive_fe310-g000_pll.o)
                0x0000000020403e8a                __metal_driver_sifive_fe310_g000_pll_get_rate_hz
 .text.find_closest_config
                0x0000000020403ffa       0xac /Users/i/Documents/Risc-V/freedom-e-sdk/bsp/qemu-sifive-e31/install/lib/debug//libmetal.a(libriscv__mmachine__qemu-sifive-e31_a-sifive_fe310-g000_pll.o)
 .text.configure_pll
                0x00000000204040a6      0x132 /Users/i/Documents/Risc-V/freedom-e-sdk/bsp/qemu-sifive-e31/install/lib/debug//libmetal.a(libriscv__mmachine__qemu-sifive-e31_a-sifive_fe310-g000_pll.o)
 .text.__metal_driver_sifive_fe310_g000_pll_set_rate_hz
                0x00000000204041d8      0x166 /Users/i/Documents/Risc-V/freedom-e-sdk/bsp/qemu-sifive-e31/install/lib/debug//libmetal.a(libriscv__mmachine__qemu-sifive-e31_a-sifive_fe310-g000_pll.o)
                0x00000000204041d8                __metal_driver_sifive_fe310_g000_pll_set_rate_hz
 .text.use_hfxosc
                0x000000002040433e       0x2a /Users/i/Documents/Risc-V/freedom-e-sdk/bsp/qemu-sifive-e31/install/lib/debug//libmetal.a(libriscv__mmachine__qemu-sifive-e31_a-sifive_fe310-g000_pll.o)
 .text.__metal_driver_sifive_fe310_g000_prci_base
                0x0000000020404368       0x12 /Users/i/Documents/Risc-V/freedom-e-sdk/bsp/qemu-sifive-e31/install/lib/debug//libmetal.a(libriscv__mmachine__qemu-sifive-e31_a-sifive_fe310-g000_prci.o)
 .text.__metal_driver_sifive_fe310_g000_prci_get_reg
                0x000000002040437a       0x2e /Users/i/Documents/Risc-V/freedom-e-sdk/bsp/qemu-sifive-e31/install/lib/debug//libmetal.a(libriscv__mmachine__qemu-sifive-e31_a-sifive_fe310-g000_prci.o)
                0x000000002040437a                __metal_driver_sifive_fe310_g000_prci_get_reg
 .text.__metal_driver_sifive_fe310_g000_prci_set_reg
                0x00000000204043a8       0x38 /Users/i/Documents/Risc-V/freedom-e-sdk/bsp/qemu-sifive-e31/install/lib/debug//libmetal.a(libriscv__mmachine__qemu-sifive-e31_a-sifive_fe310-g000_prci.o)
                0x00000000204043a8                __metal_driver_sifive_fe310_g000_prci_set_reg
 .text.__metal_driver_sifive_gpio_led_gpio
                0x00000000204043e0       0x4a /Users/i/Documents/Risc-V/freedom-e-sdk/bsp/qemu-sifive-e31/install/lib/debug//libmetal.a(libriscv__mmachine__qemu-sifive-e31_a-sifive_gpio-leds.o)
 .text.__metal_driver_sifive_gpio_led_pin
                0x000000002040442a       0x44 /Users/i/Documents/Risc-V/freedom-e-sdk/bsp/qemu-sifive-e31/install/lib/debug//libmetal.a(libriscv__mmachine__qemu-sifive-e31_a-sifive_gpio-leds.o)
 .text.__metal_driver_sifive_gpio_led_label
                0x000000002040446e       0x5c /Users/i/Documents/Risc-V/freedom-e-sdk/bsp/qemu-sifive-e31/install/lib/debug//libmetal.a(libriscv__mmachine__qemu-sifive-e31_a-sifive_gpio-leds.o)
 .text.__metal_driver_led_exist
                0x00000000204044ca       0x36 /Users/i/Documents/Risc-V/freedom-e-sdk/bsp/qemu-sifive-e31/install/lib/debug//libmetal.a(libriscv__mmachine__qemu-sifive-e31_a-sifive_gpio-leds.o)
                0x00000000204044ca                __metal_driver_led_exist
 .text.__metal_driver_led_enable
                0x0000000020404500       0x48 /Users/i/Documents/Risc-V/freedom-e-sdk/bsp/qemu-sifive-e31/install/lib/debug//libmetal.a(libriscv__mmachine__qemu-sifive-e31_a-sifive_gpio-leds.o)
                0x0000000020404500                __metal_driver_led_enable
 .text.__metal_driver_led_on
                0x0000000020404548       0x40 /Users/i/Documents/Risc-V/freedom-e-sdk/bsp/qemu-sifive-e31/install/lib/debug//libmetal.a(libriscv__mmachine__qemu-sifive-e31_a-sifive_gpio-leds.o)
                0x0000000020404548                __metal_driver_led_on
 .text.__metal_driver_led_off
                0x0000000020404588       0x42 /Users/i/Documents/Risc-V/freedom-e-sdk/bsp/qemu-sifive-e31/install/lib/debug//libmetal.a(libriscv__mmachine__qemu-sifive-e31_a-sifive_gpio-leds.o)
                0x0000000020404588                __metal_driver_led_off
 .text.__metal_driver_led_toggle
                0x00000000204045ca       0x40 /Users/i/Documents/Risc-V/freedom-e-sdk/bsp/qemu-sifive-e31/install/lib/debug//libmetal.a(libriscv__mmachine__qemu-sifive-e31_a-sifive_gpio-leds.o)
                0x00000000204045ca                __metal_driver_led_toggle
 .text.__metal_driver_sifive_gpio0_base
                0x000000002040460a       0x26 /Users/i/Documents/Risc-V/freedom-e-sdk/bsp/qemu-sifive-e31/install/lib/debug//libmetal.a(libriscv__mmachine__qemu-sifive-e31_a-sifive_gpio0.o)
 .text.__metal_driver_sifive_gpio0_interrupt_parent
                0x0000000020404630       0x2a /Users/i/Documents/Risc-V/freedom-e-sdk/bsp/qemu-sifive-e31/install/lib/debug//libmetal.a(libriscv__mmachine__qemu-sifive-e31_a-sifive_gpio0.o)
 .text.__metal_driver_sifive_gpio0_interrupt_lines
                0x000000002040465a      0x1b4 /Users/i/Documents/Risc-V/freedom-e-sdk/bsp/qemu-sifive-e31/install/lib/debug//libmetal.a(libriscv__mmachine__qemu-sifive-e31_a-sifive_gpio0.o)
 .text.__metal_driver_sifive_gpio0_enable_input
                0x000000002040480e       0x40 /Users/i/Documents/Risc-V/freedom-e-sdk/bsp/qemu-sifive-e31/install/lib/debug//libmetal.a(libriscv__mmachine__qemu-sifive-e31_a-sifive_gpio0.o)
                0x000000002040480e                __metal_driver_sifive_gpio0_enable_input
 .text.__metal_driver_sifive_gpio0_disable_input
                0x000000002040484e       0x46 /Users/i/Documents/Risc-V/freedom-e-sdk/bsp/qemu-sifive-e31/install/lib/debug//libmetal.a(libriscv__mmachine__qemu-sifive-e31_a-sifive_gpio0.o)
                0x000000002040484e                __metal_driver_sifive_gpio0_disable_input
 .text.__metal_driver_sifive_gpio0_input
                0x0000000020404894       0x2a /Users/i/Documents/Risc-V/freedom-e-sdk/bsp/qemu-sifive-e31/install/lib/debug//libmetal.a(libriscv__mmachine__qemu-sifive-e31_a-sifive_gpio0.o)
                0x0000000020404894                __metal_driver_sifive_gpio0_input
 .text.__metal_driver_sifive_gpio0_output
                0x00000000204048be       0x2c /Users/i/Documents/Risc-V/freedom-e-sdk/bsp/qemu-sifive-e31/install/lib/debug//libmetal.a(libriscv__mmachine__qemu-sifive-e31_a-sifive_gpio0.o)
                0x00000000204048be                __metal_driver_sifive_gpio0_output
 .text.__metal_driver_sifive_gpio0_disable_output
                0x00000000204048ea       0x46 /Users/i/Documents/Risc-V/freedom-e-sdk/bsp/qemu-sifive-e31/install/lib/debug//libmetal.a(libriscv__mmachine__qemu-sifive-e31_a-sifive_gpio0.o)
                0x00000000204048ea                __metal_driver_sifive_gpio0_disable_output
 .text.__metal_driver_sifive_gpio0_enable_output
                0x0000000020404930       0x40 /Users/i/Documents/Risc-V/freedom-e-sdk/bsp/qemu-sifive-e31/install/lib/debug//libmetal.a(libriscv__mmachine__qemu-sifive-e31_a-sifive_gpio0.o)
                0x0000000020404930                __metal_driver_sifive_gpio0_enable_output
 .text.__metal_driver_sifive_gpio0_output_set
                0x0000000020404970       0x40 /Users/i/Documents/Risc-V/freedom-e-sdk/bsp/qemu-sifive-e31/install/lib/debug//libmetal.a(libriscv__mmachine__qemu-sifive-e31_a-sifive_gpio0.o)
                0x0000000020404970                __metal_driver_sifive_gpio0_output_set
 .text.__metal_driver_sifive_gpio0_output_clear
                0x00000000204049b0       0x46 /Users/i/Documents/Risc-V/freedom-e-sdk/bsp/qemu-sifive-e31/install/lib/debug//libmetal.a(libriscv__mmachine__qemu-sifive-e31_a-sifive_gpio0.o)
                0x00000000204049b0                __metal_driver_sifive_gpio0_output_clear
 .text.__metal_driver_sifive_gpio0_output_toggle
                0x00000000204049f6       0x40 /Users/i/Documents/Risc-V/freedom-e-sdk/bsp/qemu-sifive-e31/install/lib/debug//libmetal.a(libriscv__mmachine__qemu-sifive-e31_a-sifive_gpio0.o)
                0x00000000204049f6                __metal_driver_sifive_gpio0_output_toggle
 .text.__metal_driver_sifive_gpio0_enable_io
                0x0000000020404a36       0x68 /Users/i/Documents/Risc-V/freedom-e-sdk/bsp/qemu-sifive-e31/install/lib/debug//libmetal.a(libriscv__mmachine__qemu-sifive-e31_a-sifive_gpio0.o)
                0x0000000020404a36                __metal_driver_sifive_gpio0_enable_io
 .text.__metal_driver_sifive_gpio0_disable_io
                0x0000000020404a9e       0x4a /Users/i/Documents/Risc-V/freedom-e-sdk/bsp/qemu-sifive-e31/install/lib/debug//libmetal.a(libriscv__mmachine__qemu-sifive-e31_a-sifive_gpio0.o)
                0x0000000020404a9e                __metal_driver_sifive_gpio0_disable_io
 .text.__metal_driver_sifive_gpio0_config_int
                0x0000000020404ae8      0x206 /Users/i/Documents/Risc-V/freedom-e-sdk/bsp/qemu-sifive-e31/install/lib/debug//libmetal.a(libriscv__mmachine__qemu-sifive-e31_a-sifive_gpio0.o)
                0x0000000020404ae8                __metal_driver_sifive_gpio0_config_int
 .text.__metal_driver_sifive_gpio0_clear_int
                0x0000000020404cee      0x188 /Users/i/Documents/Risc-V/freedom-e-sdk/bsp/qemu-sifive-e31/install/lib/debug//libmetal.a(libriscv__mmachine__qemu-sifive-e31_a-sifive_gpio0.o)
                0x0000000020404cee                __metal_driver_sifive_gpio0_clear_int
 .text.__metal_driver_gpio_interrupt_controller
                0x0000000020404e76       0x20 /Users/i/Documents/Risc-V/freedom-e-sdk/bsp/qemu-sifive-e31/install/lib/debug//libmetal.a(libriscv__mmachine__qemu-sifive-e31_a-sifive_gpio0.o)
                0x0000000020404e76                __metal_driver_gpio_interrupt_controller
 .text.__metal_driver_gpio_get_interrupt_id
                0x0000000020404e96       0x2e /Users/i/Documents/Risc-V/freedom-e-sdk/bsp/qemu-sifive-e31/install/lib/debug//libmetal.a(libriscv__mmachine__qemu-sifive-e31_a-sifive_gpio0.o)
                0x0000000020404e96                __metal_driver_gpio_get_interrupt_id
 .text.__metal_driver_sifive_test0_base
                0x0000000020404ec4       0x26 /Users/i/Documents/Risc-V/freedom-e-sdk/bsp/qemu-sifive-e31/install/lib/debug//libmetal.a(libriscv__mmachine__qemu-sifive-e31_a-sifive_test0.o)
 .text.__metal_driver_sifive_test0_exit
                0x0000000020404eea       0x4a /Users/i/Documents/Risc-V/freedom-e-sdk/bsp/qemu-sifive-e31/install/lib/debug//libmetal.a(libriscv__mmachine__qemu-sifive-e31_a-sifive_test0.o)
                0x0000000020404eea                __metal_driver_sifive_test0_exit
 .text.__metal_driver_sifive_uart0_control_base
                0x0000000020404f34       0x2a /Users/i/Documents/Risc-V/freedom-e-sdk/bsp/qemu-sifive-e31/install/lib/debug//libmetal.a(libriscv__mmachine__qemu-sifive-e31_a-sifive_uart0.o)
 .text.__metal_driver_sifive_uart0_interrupt_parent
                0x0000000020404f5e       0x2e /Users/i/Documents/Risc-V/freedom-e-sdk/bsp/qemu-sifive-e31/install/lib/debug//libmetal.a(libriscv__mmachine__qemu-sifive-e31_a-sifive_uart0.o)
 .text.__metal_driver_sifive_uart0_interrupt_line
                0x0000000020404f8c       0x28 /Users/i/Documents/Risc-V/freedom-e-sdk/bsp/qemu-sifive-e31/install/lib/debug//libmetal.a(libriscv__mmachine__qemu-sifive-e31_a-sifive_uart0.o)
 .text.__metal_driver_sifive_uart0_clock
                0x0000000020404fb4       0x2e /Users/i/Documents/Risc-V/freedom-e-sdk/bsp/qemu-sifive-e31/install/lib/debug//libmetal.a(libriscv__mmachine__qemu-sifive-e31_a-sifive_uart0.o)
 .text.__metal_driver_sifive_uart0_pinmux
                0x0000000020404fe2       0x2a /Users/i/Documents/Risc-V/freedom-e-sdk/bsp/qemu-sifive-e31/install/lib/debug//libmetal.a(libriscv__mmachine__qemu-sifive-e31_a-sifive_uart0.o)
 .text.__metal_driver_sifive_uart0_pinmux_output_selector
                0x000000002040500c       0x2a /Users/i/Documents/Risc-V/freedom-e-sdk/bsp/qemu-sifive-e31/install/lib/debug//libmetal.a(libriscv__mmachine__qemu-sifive-e31_a-sifive_uart0.o)
 .text.__metal_driver_sifive_uart0_pinmux_source_selector
                0x0000000020405036       0x2a /Users/i/Documents/Risc-V/freedom-e-sdk/bsp/qemu-sifive-e31/install/lib/debug//libmetal.a(libriscv__mmachine__qemu-sifive-e31_a-sifive_uart0.o)
 .text.__metal_driver_sifive_uart0_interrupt_controller
                0x0000000020405060       0x20 /Users/i/Documents/Risc-V/freedom-e-sdk/bsp/qemu-sifive-e31/install/lib/debug//libmetal.a(libriscv__mmachine__qemu-sifive-e31_a-sifive_uart0.o)
                0x0000000020405060                __metal_driver_sifive_uart0_interrupt_controller
 .text.__metal_driver_sifive_uart0_get_interrupt_id
                0x0000000020405080       0x24 /Users/i/Documents/Risc-V/freedom-e-sdk/bsp/qemu-sifive-e31/install/lib/debug//libmetal.a(libriscv__mmachine__qemu-sifive-e31_a-sifive_uart0.o)
                0x0000000020405080                __metal_driver_sifive_uart0_get_interrupt_id
 .text.__metal_driver_sifive_uart0_txready
                0x00000000204050a4       0x34 /Users/i/Documents/Risc-V/freedom-e-sdk/bsp/qemu-sifive-e31/install/lib/debug//libmetal.a(libriscv__mmachine__qemu-sifive-e31_a-sifive_uart0.o)
                0x00000000204050a4                __metal_driver_sifive_uart0_txready
 .text.__metal_driver_sifive_uart0_putc
                0x00000000204050d8       0x40 /Users/i/Documents/Risc-V/freedom-e-sdk/bsp/qemu-sifive-e31/install/lib/debug//libmetal.a(libriscv__mmachine__qemu-sifive-e31_a-sifive_uart0.o)
                0x00000000204050d8                __metal_driver_sifive_uart0_putc
 .text.__metal_driver_sifive_uart0_getc
                0x0000000020405118       0x56 /Users/i/Documents/Risc-V/freedom-e-sdk/bsp/qemu-sifive-e31/install/lib/debug//libmetal.a(libriscv__mmachine__qemu-sifive-e31_a-sifive_uart0.o)
                0x0000000020405118                __metal_driver_sifive_uart0_getc
 .text.__metal_driver_sifive_uart0_get_baud_rate
                0x000000002040516e       0x20 /Users/i/Documents/Risc-V/freedom-e-sdk/bsp/qemu-sifive-e31/install/lib/debug//libmetal.a(libriscv__mmachine__qemu-sifive-e31_a-sifive_uart0.o)
                0x000000002040516e                __metal_driver_sifive_uart0_get_baud_rate
 .text.__metal_driver_sifive_uart0_set_baud_rate
                0x000000002040518e       0xa0 /Users/i/Documents/Risc-V/freedom-e-sdk/bsp/qemu-sifive-e31/install/lib/debug//libmetal.a(libriscv__mmachine__qemu-sifive-e31_a-sifive_uart0.o)
                0x000000002040518e                __metal_driver_sifive_uart0_set_baud_rate
 .text.pre_rate_change_callback_func
                0x000000002040522e       0xd8 /Users/i/Documents/Risc-V/freedom-e-sdk/bsp/qemu-sifive-e31/install/lib/debug//libmetal.a(libriscv__mmachine__qemu-sifive-e31_a-sifive_uart0.o)
 .text.post_rate_change_callback_func
                0x0000000020405306       0x2e /Users/i/Documents/Risc-V/freedom-e-sdk/bsp/qemu-sifive-e31/install/lib/debug//libmetal.a(libriscv__mmachine__qemu-sifive-e31_a-sifive_uart0.o)
 .text.__metal_driver_sifive_uart0_init
                0x0000000020405334       0xd0 /Users/i/Documents/Risc-V/freedom-e-sdk/bsp/qemu-sifive-e31/install/lib/debug//libmetal.a(libriscv__mmachine__qemu-sifive-e31_a-sifive_uart0.o)
                0x0000000020405334                __metal_driver_sifive_uart0_init
 .text._metal_clock_call_all_callbacks
                0x0000000020405404       0x40 /Users/i/Documents/Risc-V/freedom-e-sdk/bsp/qemu-sifive-e31/install/lib/debug//libmetal.a(libriscv__mmachine__qemu-sifive-e31_a-clock.o)
                0x0000000020405404                _metal_clock_call_all_callbacks
 .text._metal_clock_append_to_callbacks
                0x0000000020405444       0x54 /Users/i/Documents/Risc-V/freedom-e-sdk/bsp/qemu-sifive-e31/install/lib/debug//libmetal.a(libriscv__mmachine__qemu-sifive-e31_a-clock.o)
                0x0000000020405444                _metal_clock_append_to_callbacks
 .text.metal_clock_get_rate_hz
                0x0000000020405498       0x26 /Users/i/Documents/Risc-V/freedom-e-sdk/bsp/qemu-sifive-e31/install/lib/debug//libmetal.a(libriscv__mmachine__qemu-sifive-e31_a-clock.o)
                0x0000000020405498                metal_clock_get_rate_hz
 .text.metal_clock_set_rate_hz
                0x00000000204054be       0x4c /Users/i/Documents/Risc-V/freedom-e-sdk/bsp/qemu-sifive-e31/install/lib/debug//libmetal.a(libriscv__mmachine__qemu-sifive-e31_a-clock.o)
                0x00000000204054be                metal_clock_set_rate_hz
 .text.metal_clock_register_pre_rate_change_callback
                0x000000002040550a       0x32 /Users/i/Documents/Risc-V/freedom-e-sdk/bsp/qemu-sifive-e31/install/lib/debug//libmetal.a(libriscv__mmachine__qemu-sifive-e31_a-clock.o)
                0x000000002040550a                metal_clock_register_pre_rate_change_callback
 .text.metal_clock_register_post_rate_change_callback
                0x000000002040553c       0x32 /Users/i/Documents/Risc-V/freedom-e-sdk/bsp/qemu-sifive-e31/install/lib/debug//libmetal.a(libriscv__mmachine__qemu-sifive-e31_a-clock.o)
                0x000000002040553c                metal_clock_register_post_rate_change_callback
 .text.metal_gpio_disable_input
                0x000000002040556e       0x40 /Users/i/Documents/Risc-V/freedom-e-sdk/bsp/qemu-sifive-e31/install/lib/debug//libmetal.a(libriscv__mmachine__qemu-sifive-e31_a-gpio.o)
                0x000000002040556e                metal_gpio_disable_input
 .text.metal_gpio_enable_output
                0x00000000204055ae       0x40 /Users/i/Documents/Risc-V/freedom-e-sdk/bsp/qemu-sifive-e31/install/lib/debug//libmetal.a(libriscv__mmachine__qemu-sifive-e31_a-gpio.o)
                0x00000000204055ae                metal_gpio_enable_output
 .text.metal_gpio_set_pin
                0x00000000204055ee       0x68 /Users/i/Documents/Risc-V/freedom-e-sdk/bsp/qemu-sifive-e31/install/lib/debug//libmetal.a(libriscv__mmachine__qemu-sifive-e31_a-gpio.o)
                0x00000000204055ee                metal_gpio_set_pin
 .text.metal_gpio_toggle_pin
                0x0000000020405656       0x40 /Users/i/Documents/Risc-V/freedom-e-sdk/bsp/qemu-sifive-e31/install/lib/debug//libmetal.a(libriscv__mmachine__qemu-sifive-e31_a-gpio.o)
                0x0000000020405656                metal_gpio_toggle_pin
 .text.__metal_shutdown_exit
                0x0000000020405696       0x22 /Users/i/Documents/Risc-V/freedom-e-sdk/bsp/qemu-sifive-e31/install/lib/debug//libmetal.a(libriscv__mmachine__qemu-sifive-e31_a-shutdown.o)
                0x0000000020405696                __metal_shutdown_exit
 .text.metal_shutdown
                0x00000000204056b8       0x18 /Users/i/Documents/Risc-V/freedom-e-sdk/bsp/qemu-sifive-e31/install/lib/debug//libmetal.a(libriscv__mmachine__qemu-sifive-e31_a-shutdown.o)
                0x00000000204056b8                metal_shutdown
 .text.metal_uart_init
                0x00000000204056d0       0x2c /Users/i/Documents/Risc-V/freedom-e-sdk/bsp/qemu-sifive-e31/install/lib/debug//libmetal.a(libriscv__mmachine__qemu-sifive-e31_a-uart.o)
                0x00000000204056d0                metal_uart_init
 .text.metal_uart_putc
                0x00000000204056fc       0x2e /Users/i/Documents/Risc-V/freedom-e-sdk/bsp/qemu-sifive-e31/install/lib/debug//libmetal.a(libriscv__mmachine__qemu-sifive-e31_a-uart.o)
                0x00000000204056fc                metal_uart_putc
 .text.metal_uart_set_baud_rate
                0x000000002040572a       0x2e /Users/i/Documents/Risc-V/freedom-e-sdk/bsp/qemu-sifive-e31/install/lib/debug//libmetal.a(libriscv__mmachine__qemu-sifive-e31_a-uart.o)
                0x000000002040572a                metal_uart_set_baud_rate
 *fill*         0x0000000020405758       0x28 
 .text          0x0000000020405780       0x80 /Users/i/Documents/Risc-V/freedom-e-sdk/bsp/qemu-sifive-e31/install/lib/debug//libmetal.a(libriscv__mmachine__qemu-sifive-e31_a-vector.o)
                0x0000000020405780                __metal_vector_table
 .text.__metal_driver_fixed_clock_rate
                0x0000000020405800       0x62 /Users/i/Documents/Risc-V/freedom-e-sdk/bsp/qemu-sifive-e31/install/lib/debug//libmetal.a(libriscv__mmachine__qemu-sifive-e31_a-fixed-clock.o)
 .text.__metal_driver_fixed_clock_get_rate_hz
                0x0000000020405862       0x20 /Users/i/Documents/Risc-V/freedom-e-sdk/bsp/qemu-sifive-e31/install/lib/debug//libmetal.a(libriscv__mmachine__qemu-sifive-e31_a-fixed-clock.o)
                0x0000000020405862                __metal_driver_fixed_clock_get_rate_hz
 .text.__metal_driver_fixed_clock_set_rate_hz
                0x0000000020405882       0x24 /Users/i/Documents/Risc-V/freedom-e-sdk/bsp/qemu-sifive-e31/install/lib/debug//libmetal.a(libriscv__mmachine__qemu-sifive-e31_a-fixed-clock.o)
                0x0000000020405882                __metal_driver_fixed_clock_set_rate_hz
 .text._close   0x00000000204058a6       0x22 /Users/i/Documents/Risc-V/freedom-e-sdk/bsp/qemu-sifive-e31/install/lib/debug//libmetal-gloss.a(sys_close.o)
                0x00000000204058a6                _close
 .text._fstat   0x00000000204058c8       0x26 /Users/i/Documents/Risc-V/freedom-e-sdk/bsp/qemu-sifive-e31/install/lib/debug//libmetal-gloss.a(sys_fstat.o)
                0x00000000204058c8                _fstat
 .text._isatty  0x00000000204058ee       0x20 /Users/i/Documents/Risc-V/freedom-e-sdk/bsp/qemu-sifive-e31/install/lib/debug//libmetal-gloss.a(sys_isatty.o)
                0x00000000204058ee                _isatty
 .text._lseek   0x000000002040590e       0x2a /Users/i/Documents/Risc-V/freedom-e-sdk/bsp/qemu-sifive-e31/install/lib/debug//libmetal-gloss.a(sys_lseek.o)
                0x000000002040590e                _lseek
 .text._read    0x0000000020405938       0x2a /Users/i/Documents/Risc-V/freedom-e-sdk/bsp/qemu-sifive-e31/install/lib/debug//libmetal-gloss.a(sys_read.o)
                0x0000000020405938                _read
 .text._sbrk    0x0000000020405962       0x5a /Users/i/Documents/Risc-V/freedom-e-sdk/bsp/qemu-sifive-e31/install/lib/debug//libmetal-gloss.a(sys_sbrk.o)
                0x0000000020405962                _sbrk
 .text._write   0x00000000204059bc       0x6e /Users/i/Documents/Risc-V/freedom-e-sdk/bsp/qemu-sifive-e31/install/lib/debug//libmetal-gloss.a(sys_write.o)
                0x00000000204059bc                _write
 .text.atexit   0x0000000020405a2a        0xa /Users/i/Documents/Risc-V/riscv64-unknown-elf-gcc-8.3.0-2019.08.0-x86_64-apple-darwin/bin/../lib/gcc/riscv64-unknown-elf/8.3.0/../../../../riscv64-unknown-elf/lib/rv32imac/ilp32/libc_nano.a(lib_a-atexit.o)
                0x0000000020405a2a                atexit
 .text.__errno  0x0000000020405a34        0xc /Users/i/Documents/Risc-V/riscv64-unknown-elf-gcc-8.3.0-2019.08.0-x86_64-apple-darwin/bin/../lib/gcc/riscv64-unknown-elf/8.3.0/../../../../riscv64-unknown-elf/lib/rv32imac/ilp32/libc_nano.a(lib_a-errno.o)
                0x0000000020405a34                __errno
 .text.exit     0x0000000020405a40       0x2a /Users/i/Documents/Risc-V/riscv64-unknown-elf-gcc-8.3.0-2019.08.0-x86_64-apple-darwin/bin/../lib/gcc/riscv64-unknown-elf/8.3.0/../../../../riscv64-unknown-elf/lib/rv32imac/ilp32/libc_nano.a(lib_a-exit.o)
                0x0000000020405a40                exit
 .text.__libc_fini_array
                0x0000000020405a6a       0x38 /Users/i/Documents/Risc-V/riscv64-unknown-elf-gcc-8.3.0-2019.08.0-x86_64-apple-darwin/bin/../lib/gcc/riscv64-unknown-elf/8.3.0/../../../../riscv64-unknown-elf/lib/rv32imac/ilp32/libc_nano.a(lib_a-fini.o)
                0x0000000020405a6a                __libc_fini_array
 .text.__libc_init_array
                0x0000000020405aa2       0x6a /Users/i/Documents/Risc-V/riscv64-unknown-elf-gcc-8.3.0-2019.08.0-x86_64-apple-darwin/bin/../lib/gcc/riscv64-unknown-elf/8.3.0/../../../../riscv64-unknown-elf/lib/rv32imac/ilp32/libc_nano.a(lib_a-init.o)
                0x0000000020405aa2                __libc_init_array
 .text.strcat   0x0000000020405b0c       0x20 /Users/i/Documents/Risc-V/riscv64-unknown-elf-gcc-8.3.0-2019.08.0-x86_64-apple-darwin/bin/../lib/gcc/riscv64-unknown-elf/8.3.0/../../../../riscv64-unknown-elf/lib/rv32imac/ilp32/libc_nano.a(lib_a-strcat.o)
                0x0000000020405b0c                strcat
 .text          0x0000000020405b2c      0x11e /Users/i/Documents/Risc-V/riscv64-unknown-elf-gcc-8.3.0-2019.08.0-x86_64-apple-darwin/bin/../lib/gcc/riscv64-unknown-elf/8.3.0/../../../../riscv64-unknown-elf/lib/rv32imac/ilp32/libc_nano.a(lib_a-strcmp.o)
                0x0000000020405b2c                strcmp
 .text.strcpy   0x0000000020405c4a       0x12 /Users/i/Documents/Risc-V/riscv64-unknown-elf-gcc-8.3.0-2019.08.0-x86_64-apple-darwin/bin/../lib/gcc/riscv64-unknown-elf/8.3.0/../../../../riscv64-unknown-elf/lib/rv32imac/ilp32/libc_nano.a(lib_a-strcpy.o)
                0x0000000020405c4a                strcpy
 .text.__register_exitproc
                0x0000000020405c5c       0x88 /Users/i/Documents/Risc-V/riscv64-unknown-elf-gcc-8.3.0-2019.08.0-x86_64-apple-darwin/bin/../lib/gcc/riscv64-unknown-elf/8.3.0/../../../../riscv64-unknown-elf/lib/rv32imac/ilp32/libc_nano.a(lib_a-__atexit.o)
                0x0000000020405c5c                __register_exitproc
 .text.__call_exitprocs
                0x0000000020405ce4       0xc8 /Users/i/Documents/Risc-V/riscv64-unknown-elf-gcc-8.3.0-2019.08.0-x86_64-apple-darwin/bin/../lib/gcc/riscv64-unknown-elf/8.3.0/../../../../riscv64-unknown-elf/lib/rv32imac/ilp32/libc_nano.a(lib_a-__call_atexit.o)
                0x0000000020405ce4                __call_exitprocs
 .text.metal_tty_putc
                0x0000000020405dac       0x2c /Users/i/Documents/Risc-V/freedom-e-sdk/bsp/qemu-sifive-e31/install/lib/debug//libmetal.a(libriscv__mmachine__qemu-sifive-e31_a-tty.o)
                0x0000000020405dac                metal_tty_putc
 .text.metal_tty_putc_raw
                0x0000000020405dd8       0x28 /Users/i/Documents/Risc-V/freedom-e-sdk/bsp/qemu-sifive-e31/install/lib/debug//libmetal.a(libriscv__mmachine__qemu-sifive-e31_a-tty.o)
                0x0000000020405dd8                metal_tty_putc_raw
 .text.metal_tty_init
                0x0000000020405e00       0x24 /Users/i/Documents/Risc-V/freedom-e-sdk/bsp/qemu-sifive-e31/install/lib/debug//libmetal.a(libriscv__mmachine__qemu-sifive-e31_a-tty.o)
 .text._exit    0x0000000020405e24       0x14 /Users/i/Documents/Risc-V/freedom-e-sdk/bsp/qemu-sifive-e31/install/lib/debug//libmetal-gloss.a(sys_exit.o)
                0x0000000020405e24                _exit
 *(.gnu.linkonce.t.*)
                [!provide]                        PROVIDE (__etext = .)
                [!provide]                        PROVIDE (_etext = .)
                [!provide]                        PROVIDE (etext = .)

.rodata         0x0000000020405e38     0x1100
 *(.rdata)
 *(.rodata .rodata.*)
 .rodata        0x0000000020405e38      0x48c /var/folders/8z/dxbymyyx10g5glc0hbwc3s5c0000gn/T//ccuq5vGT.o
 .rodata.__sf_fake_stderr
                0x00000000204062c4       0x20 /Users/i/Documents/Risc-V/riscv64-unknown-elf-gcc-8.3.0-2019.08.0-x86_64-apple-darwin/bin/../lib/gcc/riscv64-unknown-elf/8.3.0/../../../../riscv64-unknown-elf/lib/rv32imac/ilp32/libc_nano.a(lib_a-findfp.o)
                0x00000000204062c4                __sf_fake_stderr
 .rodata.__sf_fake_stdin
                0x00000000204062e4       0x20 /Users/i/Documents/Risc-V/riscv64-unknown-elf-gcc-8.3.0-2019.08.0-x86_64-apple-darwin/bin/../lib/gcc/riscv64-unknown-elf/8.3.0/../../../../riscv64-unknown-elf/lib/rv32imac/ilp32/libc_nano.a(lib_a-findfp.o)
                0x00000000204062e4                __sf_fake_stdin
 .rodata.__sf_fake_stdout
                0x0000000020406304       0x20 /Users/i/Documents/Risc-V/riscv64-unknown-elf-gcc-8.3.0-2019.08.0-x86_64-apple-darwin/bin/../lib/gcc/riscv64-unknown-elf/8.3.0/../../../../riscv64-unknown-elf/lib/rv32imac/ilp32/libc_nano.a(lib_a-findfp.o)
                0x0000000020406304                __sf_fake_stdout
 .rodata.__metal_driver_vtable_riscv_clint0
                0x0000000020406324       0x4c /Users/i/Documents/Risc-V/freedom-e-sdk/bsp/qemu-sifive-e31/install/lib/debug//libmetal.a(libriscv__mmachine__qemu-sifive-e31_a-riscv_clint0.o)
                0x0000000020406324                __metal_driver_vtable_riscv_clint0
 .rodata.__metal_controller_interrupt_vector
                0x0000000020406370       0x14 /Users/i/Documents/Risc-V/freedom-e-sdk/bsp/qemu-sifive-e31/install/lib/debug//libmetal.a(libriscv__mmachine__qemu-sifive-e31_a-riscv_cpu.o)
 .rodata.__metal_valid_interrupt_id
                0x0000000020406384       0x74 /Users/i/Documents/Risc-V/freedom-e-sdk/bsp/qemu-sifive-e31/install/lib/debug//libmetal.a(libriscv__mmachine__qemu-sifive-e31_a-riscv_cpu.o)
 .rodata.__metal_local_interrupt_enable
                0x00000000204063f8       0x80 /Users/i/Documents/Risc-V/freedom-e-sdk/bsp/qemu-sifive-e31/install/lib/debug//libmetal.a(libriscv__mmachine__qemu-sifive-e31_a-riscv_cpu.o)
 .rodata.__metal_driver_riscv_cpu_controller_interrupt_register
                0x0000000020406478       0x74 /Users/i/Documents/Risc-V/freedom-e-sdk/bsp/qemu-sifive-e31/install/lib/debug//libmetal.a(libriscv__mmachine__qemu-sifive-e31_a-riscv_cpu.o)
 .rodata.__metal_driver_vtable_riscv_cpu_intc
                0x00000000204064ec       0x4c /Users/i/Documents/Risc-V/freedom-e-sdk/bsp/qemu-sifive-e31/install/lib/debug//libmetal.a(libriscv__mmachine__qemu-sifive-e31_a-riscv_cpu.o)
                0x00000000204064ec                __metal_driver_vtable_riscv_cpu_intc
 .rodata.__metal_driver_vtable_cpu
                0x0000000020406538       0x40 /Users/i/Documents/Risc-V/freedom-e-sdk/bsp/qemu-sifive-e31/install/lib/debug//libmetal.a(libriscv__mmachine__qemu-sifive-e31_a-riscv_cpu.o)
                0x0000000020406538                __metal_driver_vtable_cpu
 .rodata.__metal_driver_vtable_riscv_plic0
                0x0000000020406578       0x4c /Users/i/Documents/Risc-V/freedom-e-sdk/bsp/qemu-sifive-e31/install/lib/debug//libmetal.a(libriscv__mmachine__qemu-sifive-e31_a-riscv_plic0.o)
                0x0000000020406578                __metal_driver_vtable_riscv_plic0
 .rodata.pll_configs
                0x00000000204065c4      0x880 /Users/i/Documents/Risc-V/freedom-e-sdk/bsp/qemu-sifive-e31/install/lib/debug//libmetal.a(libriscv__mmachine__qemu-sifive-e31_a-sifive_fe310-g000_pll.o)
 .rodata.__metal_driver_vtable_sifive_fe310_g000_pll
                0x0000000020406e44        0xc /Users/i/Documents/Risc-V/freedom-e-sdk/bsp/qemu-sifive-e31/install/lib/debug//libmetal.a(libriscv__mmachine__qemu-sifive-e31_a-sifive_fe310-g000_pll.o)
                0x0000000020406e44                __metal_driver_vtable_sifive_fe310_g000_pll
 .rodata        0x0000000020406e50       0x1d /Users/i/Documents/Risc-V/freedom-e-sdk/bsp/qemu-sifive-e31/install/lib/debug//libmetal.a(libriscv__mmachine__qemu-sifive-e31_a-sifive_gpio-leds.o)
 *fill*         0x0000000020406e6d        0x3 
 .rodata.__metal_driver_vtable_sifive_led
                0x0000000020406e70       0x14 /Users/i/Documents/Risc-V/freedom-e-sdk/bsp/qemu-sifive-e31/install/lib/debug//libmetal.a(libriscv__mmachine__qemu-sifive-e31_a-sifive_gpio-leds.o)
                0x0000000020406e70                __metal_driver_vtable_sifive_led
 .rodata.__metal_driver_sifive_gpio0_config_int
                0x0000000020406e84       0x20 /Users/i/Documents/Risc-V/freedom-e-sdk/bsp/qemu-sifive-e31/install/lib/debug//libmetal.a(libriscv__mmachine__qemu-sifive-e31_a-sifive_gpio0.o)
 .rodata.__metal_driver_sifive_gpio0_clear_int
                0x0000000020406ea4       0x20 /Users/i/Documents/Risc-V/freedom-e-sdk/bsp/qemu-sifive-e31/install/lib/debug//libmetal.a(libriscv__mmachine__qemu-sifive-e31_a-sifive_gpio0.o)
 .rodata.__metal_driver_vtable_sifive_gpio0
                0x0000000020406ec4       0x3c /Users/i/Documents/Risc-V/freedom-e-sdk/bsp/qemu-sifive-e31/install/lib/debug//libmetal.a(libriscv__mmachine__qemu-sifive-e31_a-sifive_gpio0.o)
                0x0000000020406ec4                __metal_driver_vtable_sifive_gpio0
 .rodata.__metal_driver_vtable_sifive_uart0
                0x0000000020406f00       0x20 /Users/i/Documents/Risc-V/freedom-e-sdk/bsp/qemu-sifive-e31/install/lib/debug//libmetal.a(libriscv__mmachine__qemu-sifive-e31_a-sifive_uart0.o)
                0x0000000020406f00                __metal_driver_vtable_sifive_uart0
 .rodata.libgloss.start
                0x0000000020406f20       0x11 /Users/i/Documents/Risc-V/freedom-e-sdk/bsp/qemu-sifive-e31/install/lib/debug//libmetal-gloss.a(crt0.o)
 *(.gnu.linkonce.r.*)
                0x0000000020406f38                . = ALIGN (0x8)
 *fill*         0x0000000020406f31        0x7 
 *(.srodata.cst16)
 *(.srodata.cst8)
 *(.srodata.cst4)
 *(.srodata.cst2)
 *(.srodata .srodata.*)

.rela.dyn       0x0000000020406f38        0x0
 .rela.text.timer_isr
                0x0000000020406f38        0x0 /var/folders/8z/dxbymyyx10g5glc0hbwc3s5c0000gn/T//ccuq5vGT.o
 .rela.text.wait_for_timer
                0x0000000020406f38        0x0 /var/folders/8z/dxbymyyx10g5glc0hbwc3s5c0000gn/T//ccuq5vGT.o
 .rela.text.main
                0x0000000020406f38        0x0 /var/folders/8z/dxbymyyx10g5glc0hbwc3s5c0000gn/T//ccuq5vGT.o
 .rela.text._sbrk_r
                0x0000000020406f38        0x0 /var/folders/8z/dxbymyyx10g5glc0hbwc3s5c0000gn/T//ccuq5vGT.o
 .rela.text._write_r
                0x0000000020406f38        0x0 /var/folders/8z/dxbymyyx10g5glc0hbwc3s5c0000gn/T//ccuq5vGT.o
 .rela.text._close_r
                0x0000000020406f38        0x0 /var/folders/8z/dxbymyyx10g5glc0hbwc3s5c0000gn/T//ccuq5vGT.o
 .rela.text._fstat_r
                0x0000000020406f38        0x0 /var/folders/8z/dxbymyyx10g5glc0hbwc3s5c0000gn/T//ccuq5vGT.o
 .rela.text._isatty_r
                0x0000000020406f38        0x0 /var/folders/8z/dxbymyyx10g5glc0hbwc3s5c0000gn/T//ccuq5vGT.o
 .rela.text._lseek_r
                0x0000000020406f38        0x0 /var/folders/8z/dxbymyyx10g5glc0hbwc3s5c0000gn/T//ccuq5vGT.o
 .rela.text._read_r
                0x0000000020406f38        0x0 /var/folders/8z/dxbymyyx10g5glc0hbwc3s5c0000gn/T//ccuq5vGT.o
 .rela.text.metal_cpu_get
                0x0000000020406f38        0x0 /var/folders/8z/dxbymyyx10g5glc0hbwc3s5c0000gn/T//ccuq5vGT.o
 .rela.text.metal.init.enter
                0x0000000020406f38        0x0 /var/folders/8z/dxbymyyx10g5glc0hbwc3s5c0000gn/T//ccuq5vGT.o
 .rela.text.metal_led_get_rgb
                0x0000000020406f38        0x0 /var/folders/8z/dxbymyyx10g5glc0hbwc3s5c0000gn/T//ccuq5vGT.o
 .rela.text.__metal_driver_cpu_get
                0x0000000020406f38        0x0 /var/folders/8z/dxbymyyx10g5glc0hbwc3s5c0000gn/T//ccuq5vGT.o
 .rela.text.metal_software_interrupt_vector_handler
                0x0000000020406f38        0x0 /var/folders/8z/dxbymyyx10g5glc0hbwc3s5c0000gn/T//ccuq5vGT.o
 .rela.text.__metal_default_sw_handler
                0x0000000020406f38        0x0 /var/folders/8z/dxbymyyx10g5glc0hbwc3s5c0000gn/T//ccuq5vGT.o
 .rela.text.metal_timer_interrupt_vector_handler
                0x0000000020406f38        0x0 /var/folders/8z/dxbymyyx10g5glc0hbwc3s5c0000gn/T//ccuq5vGT.o
 .rela.text.__metal_exception_handler
                0x0000000020406f38        0x0 /var/folders/8z/dxbymyyx10g5glc0hbwc3s5c0000gn/T//ccuq5vGT.o
 .rela.text.metal_lc0_interrupt_vector_handler
                0x0000000020406f38        0x0 /var/folders/8z/dxbymyyx10g5glc0hbwc3s5c0000gn/T//ccuq5vGT.o
 .rela.text.metal_lc1_interrupt_vector_handler
                0x0000000020406f38        0x0 /var/folders/8z/dxbymyyx10g5glc0hbwc3s5c0000gn/T//ccuq5vGT.o
 .rela.text.metal_lc2_interrupt_vector_handler
                0x0000000020406f38        0x0 /var/folders/8z/dxbymyyx10g5glc0hbwc3s5c0000gn/T//ccuq5vGT.o
 .rela.text.metal_lc3_interrupt_vector_handler
                0x0000000020406f38        0x0 /var/folders/8z/dxbymyyx10g5glc0hbwc3s5c0000gn/T//ccuq5vGT.o
 .rela.text.metal_lc4_interrupt_vector_handler
                0x0000000020406f38        0x0 /var/folders/8z/dxbymyyx10g5glc0hbwc3s5c0000gn/T//ccuq5vGT.o
 .rela.text.metal_lc5_interrupt_vector_handler
                0x0000000020406f38        0x0 /var/folders/8z/dxbymyyx10g5glc0hbwc3s5c0000gn/T//ccuq5vGT.o
 .rela.text.metal_lc6_interrupt_vector_handler
                0x0000000020406f38        0x0 /var/folders/8z/dxbymyyx10g5glc0hbwc3s5c0000gn/T//ccuq5vGT.o
 .rela.text.metal_lc7_interrupt_vector_handler
                0x0000000020406f38        0x0 /var/folders/8z/dxbymyyx10g5glc0hbwc3s5c0000gn/T//ccuq5vGT.o
 .rela.text.metal_lc8_interrupt_vector_handler
                0x0000000020406f38        0x0 /var/folders/8z/dxbymyyx10g5glc0hbwc3s5c0000gn/T//ccuq5vGT.o
 .rela.text.metal_lc9_interrupt_vector_handler
                0x0000000020406f38        0x0 /var/folders/8z/dxbymyyx10g5glc0hbwc3s5c0000gn/T//ccuq5vGT.o
 .rela.text.metal_lc10_interrupt_vector_handler
                0x0000000020406f38        0x0 /var/folders/8z/dxbymyyx10g5glc0hbwc3s5c0000gn/T//ccuq5vGT.o
 .rela.text.metal_lc11_interrupt_vector_handler
                0x0000000020406f38        0x0 /var/folders/8z/dxbymyyx10g5glc0hbwc3s5c0000gn/T//ccuq5vGT.o
 .rela.text.metal_lc12_interrupt_vector_handler
                0x0000000020406f38        0x0 /var/folders/8z/dxbymyyx10g5glc0hbwc3s5c0000gn/T//ccuq5vGT.o
 .rela.text.metal_lc13_interrupt_vector_handler
                0x0000000020406f38        0x0 /var/folders/8z/dxbymyyx10g5glc0hbwc3s5c0000gn/T//ccuq5vGT.o
 .rela.text.metal_lc14_interrupt_vector_handler
                0x0000000020406f38        0x0 /var/folders/8z/dxbymyyx10g5glc0hbwc3s5c0000gn/T//ccuq5vGT.o
 .rela.text.metal_lc15_interrupt_vector_handler
                0x0000000020406f38        0x0 /var/folders/8z/dxbymyyx10g5glc0hbwc3s5c0000gn/T//ccuq5vGT.o
 .rela.text     0x0000000020406f38        0x0 /var/folders/8z/dxbymyyx10g5glc0hbwc3s5c0000gn/T//ccuq5vGT.o
 .rela.text.libgloss.start
                0x0000000020406f38        0x0 /var/folders/8z/dxbymyyx10g5glc0hbwc3s5c0000gn/T//ccuq5vGT.o
 .rela.sdata.brk
                0x0000000020406f38        0x0 /var/folders/8z/dxbymyyx10g5glc0hbwc3s5c0000gn/T//ccuq5vGT.o
 .rela.text._sbrk
                0x0000000020406f38        0x0 /var/folders/8z/dxbymyyx10g5glc0hbwc3s5c0000gn/T//ccuq5vGT.o
 .rela.text.__libc_fini_array
                0x0000000020406f38        0x0 /var/folders/8z/dxbymyyx10g5glc0hbwc3s5c0000gn/T//ccuq5vGT.o
 .rela.text.__libc_init_array